========== Starting FANET Simulation with MOGS Scheduler / CAR Trajectory ==========
Initialising...
Dynamically spawning 30 UAVs...
Attempting to connect to CAR Pointer-Network Server on port 5510...
SUCCESS: Connected to CAR Pointer-Network Server!
Attempting to connect to MARL Allocation Server on port 5501...
SUCCESS: Connected to MARL Allocation Server!
Scheduling simulation termination at 5000.0 ms.
0.0 Submitted application fanet_app
[CAR] Placed tours for 30 UAVs (30 server tours, 30 clusters).
[METRIC_EPOCH] Epoch:1, Generated:100, Scheduled:38, Dropped:62, RuntimeMs:2.6233, UavUtil:0.6000, CapUtil:0.0084, RepairQ:0, Invalid:0, Reassigned:0
[CAR] Placed tours for 30 UAVs (30 server tours, 30 clusters).
[METRIC_EPOCH] Epoch:2, Generated:100, Scheduled:39, Dropped:61, RuntimeMs:0.9860, UavUtil:0.9000, CapUtil:0.0171, RepairQ:0, Invalid:0, Reassigned:0
DEBUG: P2P Evaluation - targetUav uav_3 queue full. Evaluating peer uav_0 queue size: 2
DEBUG: P2P Evaluation - targetUav uav_3 queue full. Evaluating peer uav_1 queue size: 2
DEBUG: P2P Evaluation - targetUav uav_3 queue full. Evaluating peer uav_2 queue size: 1
DEBUG: P2P Evaluation - targetUav uav_3 queue full. Evaluating peer uav_4 queue size: 3
DEBUG: P2P Evaluation - targetUav uav_3 queue full. Evaluating peer uav_5 queue size: 2
DEBUG: P2P Evaluation - targetUav uav_3 queue full. Evaluating peer uav_6 queue size: 1
DEBUG: P2P Evaluation - targetUav uav_3 queue full. Evaluating peer uav_7 queue size: 4
DEBUG: P2P Evaluation - targetUav uav_3 queue full. Evaluating peer uav_8 queue size: 4
DEBUG: P2P Evaluation - targetUav uav_3 queue full. Evaluating peer uav_9 queue size: 1
DEBUG: P2P Evaluation - targetUav uav_3 queue full. Evaluating peer uav_10 queue size: 2
[METRIC_EPOCH] Epoch:3, Generated:100, Scheduled:41, Dropped:59, RuntimeMs:5.5274, UavUtil:0.9667, CapUtil:0.0262, RepairQ:0, Invalid:0, Reassigned:0
[CAR] Placed tours for 30 UAVs (30 server tours, 30 clusters).
DEBUG: P2P Evaluation - targetUav uav_0 queue full. Evaluating peer uav_1 queue size: 6
DEBUG: P2P Evaluation - targetUav uav_0 queue full. Evaluating peer uav_2 queue size: 2
DEBUG: P2P Evaluation - targetUav uav_0 queue full. Evaluating peer uav_3 queue size: 9
DEBUG: P2P Evaluation - targetUav uav_0 queue full. Evaluating peer uav_4 queue size: 3
DEBUG: P2P Evaluation - targetUav uav_0 queue full. Evaluating peer uav_5 queue size: 3
DEBUG: P2P Evaluation - targetUav uav_0 queue full. Evaluating peer uav_6 queue size: 2
DEBUG: P2P Evaluation - targetUav uav_0 queue full. Evaluating peer uav_7 queue size: 6
[METRIC_EPOCH] Epoch:4, Generated:100, Scheduled:35, Dropped:65, RuntimeMs:1.5317, UavUtil:0.9667, CapUtil:0.0340, RepairQ:0, Invalid:0, Reassigned:0
Disconnected from CAR Pointer-Network Server.
Disconnected from MARL Allocation Server.

========== FINAL UAV BENCHMARK DASHBOARD ==========
UAV ID          | Tasks Completed | Data Processed (MB)  | Avg Latency (ms) | Energy Consumed (J) | Tasks Offloaded
----------------------------------------------------------------------------------------------------------------------
uav_0           | 115             | 54.8363              | 498.10           | 430301.8709         | 1              
uav_1           | 38              | 18.1198              | 500.03           | 457945.2788         | 0              
uav_2           | 0               | 0.0000               | 0.00             | 465929.3354         | 0              
uav_3           | 0               | 0.0000               | 0.00             | 498533.9325         | 1              
uav_4           | 0               | 0.0000               | 0.00             | 497663.2288         | 0              
uav_5           | 0               | 0.0000               | 0.00             | 496997.3965         | 0              
uav_6           | 0               | 0.0000               | 0.00             | 475486.1050         | 0              
uav_7           | 0               | 0.0000               | 0.00             | 474757.7501         | 0              
uav_8           | 0               | 0.0000               | 0.00             | 495694.6812         | 0              
uav_9           | 0               | 0.0000               | 0.00             | 473650.6506         | 0              
uav_10          | 0               | 0.0000               | 0.00             | 473220.1120         | 0              
uav_11          | 0               | 0.0000               | 0.00             | 494931.0205         | 0              
uav_12          | 0               | 0.0000               | 0.00             | 494742.1582         | 0              
uav_13          | 0               | 0.0000               | 0.00             | 472241.6150         | 0              
uav_14          | 0               | 0.0000               | 0.00             | 494429.1864         | 0              
uav_15          | 0               | 0.0000               | 0.00             | 494298.0765         | 0              
uav_16          | 0               | 0.0000               | 0.00             | 453252.9446         | 0              
uav_17          | 0               | 0.0000               | 0.00             | 471382.4469         | 0              
uav_18          | 0               | 0.0000               | 0.00             | 493977.9246         | 0              
uav_19          | 0               | 0.0000               | 0.00             | 493890.1793         | 0              
uav_20          | 0               | 0.0000               | 0.00             | 493809.9016         | 0              
uav_21          | 0               | 0.0000               | 0.00             | 493736.1773         | 0              
uav_22          | 0               | 0.0000               | 0.00             | 493668.2352         | 0              
uav_23          | 0               | 0.0000               | 0.00             | 493605.4208         | 0              
uav_24          | 0               | 0.0000               | 0.00             | 493547.1748         | 0              
uav_25          | 0               | 0.0000               | 0.00             | 470387.6207         | 0              
uav_26          | 0               | 0.0000               | 0.00             | 493442.5294         | 0              
uav_27          | 0               | 0.0000               | 0.00             | 493395.3531         | 0              
uav_28          | 0               | 0.0000               | 0.00             | 470144.8357         | 0              
uav_29          | 0               | 0.0000               | 0.00             | 413328.4750         | 0              
----------------------------------------------------------------------------------------------------------------------
System Total Tasks Completed: 153  |  System Total Throughput: 72.9561 MB  |  Average System Latency: 498.58 ms
===================================================

========== SCHEDULING ALGORITHM METRICS ==========
Total Tasks Successfully Scheduled : 153
Total Tasks Dropped              : 247
Scheduling Success Rate          : 38.25%
Average Scheduling Overhead      : 2.6671 ms per batch
System Total Offloaded Tasks     : 2
===================================================


               UAV Task Scheduling Benchmark Results               
╭──────────────────────────┬─────────────────────╮
│ Metric                   │ Value               │
├──────────────────────────┼─────────────────────┤
│ Average Throughput       │ 0.3825              │
│ Average Runtime (sec)    │ 0.002667            │
│ Average UAV Utilization  │ 0.8583              │
│ Average Capacity Util    │ 0.0214              │
│ Average Completed Tasks  │ 38.25               │
│ Average Failed Tasks     │ 61.75               │
│ Average Unassigned Tasks │ 61.75               │
╰──────────────────────────┴─────────────────────╯

========== FANET Simulation Finished ==========
