========== Starting FANET Simulation with DYNAMIC Scheduler / CAR Trajectory ==========
Initialising...
Dynamically spawning 30 UAVs...
Attempting to connect to CAR Pointer-Network Server on port 5510...
FAILED: Could not connect to CAR Pointer-Network Server.
Attempting to connect to MARL Allocation Server on port 5501...
FAILED: Could not connect to MARL Allocation Server.
Scheduling simulation termination at 5000.0 ms.
0.0 Submitted application fanet_app
[METRIC_EPOCH] Epoch:1, Generated:100, Scheduled:31, Dropped:69, RuntimeMs:17.7881, UavUtil:0.4000, CapUtil:0.0069, RepairQ:100, Invalid:0, Reassigned:0
[METRIC_EPOCH] Epoch:2, Generated:100, Scheduled:22, Dropped:78, RuntimeMs:2.0831, UavUtil:0.5000, CapUtil:0.0118, RepairQ:200, Invalid:0, Reassigned:0
[METRIC_EPOCH] Epoch:3, Generated:100, Scheduled:23, Dropped:77, RuntimeMs:0.6784, UavUtil:0.5000, CapUtil:0.0169, RepairQ:300, Invalid:0, Reassigned:0
[METRIC_EPOCH] Epoch:4, Generated:100, Scheduled:31, Dropped:69, RuntimeMs:0.4776, UavUtil:0.5000, CapUtil:0.0238, RepairQ:400, Invalid:0, Reassigned:0
Disconnected from CAR Pointer-Network Server.
Disconnected from MARL Allocation Server.

========== FINAL UAV BENCHMARK DASHBOARD ==========
UAV ID          | Tasks Completed | Data Processed (MB)  | Avg Latency (ms) | Energy Consumed (J) | Tasks Offloaded
----------------------------------------------------------------------------------------------------------------------
uav_0           | 62              | 29.5639              | 415.98           | 467532.0207         | 0              
uav_1           | 0               | 0.0000               | 0.00             | 501313.4292         | 2              
uav_2           | 22              | 10.4904              | 371.45           | 436431.6976         | 0              
uav_3           | 0               | 0.0000               | 0.00             | 498396.5451         | 0              
uav_4           | 23              | 10.9673              | 407.02           | 475491.4643         | 0              
uav_5           | 0               | 0.0000               | 0.00             | 496852.3123         | 1              
uav_6           | 0               | 0.0000               | 0.00             | 424236.0555         | 0              
uav_7           | 0               | 0.0000               | 0.00             | 495896.3587         | 0              
uav_8           | 0               | 0.0000               | 0.00             | 421555.5537         | 0              
uav_9           | 0               | 0.0000               | 0.00             | 495246.3102         | 0              
uav_10          | 0               | 0.0000               | 0.00             | 419669.2746         | 0              
uav_11          | 0               | 0.0000               | 0.00             | 418921.2674         | 0              
uav_12          | 0               | 0.0000               | 0.00             | 418269.7773         | 0              
uav_13          | 0               | 0.0000               | 0.00             | 417697.2556         | 0              
uav_14          | 0               | 0.0000               | 0.00             | 417190.1650         | 0              
uav_15          | 0               | 0.0000               | 0.00             | 416737.8950         | 0              
uav_16          | 0               | 0.0000               | 0.00             | 416332.0117         | 0              
uav_17          | 0               | 0.0000               | 0.00             | 475497.7307         | 0              
uav_18          | 0               | 0.0000               | 0.00             | 415633.5148         | 0              
uav_19          | 0               | 0.0000               | 0.00             | 415330.8328         | 0              
uav_20          | 0               | 0.0000               | 0.00             | 493648.8507         | 0              
uav_21          | 0               | 0.0000               | 0.00             | 474962.7361         | 0              
uav_22          | 0               | 0.0000               | 0.00             | 493506.4746         | 0              
uav_23          | 0               | 0.0000               | 0.00             | 474755.8042         | 0              
uav_24          | 0               | 0.0000               | 0.00             | 493384.8078         | 0              
uav_25          | 0               | 0.0000               | 0.00             | 413960.7985         | 0              
uav_26          | 0               | 0.0000               | 0.00             | 413786.6416         | 0              
uav_27          | 0               | 0.0000               | 0.00             | 493232.2256         | 0              
uav_28          | 0               | 0.0000               | 0.00             | 413471.5006         | 0              
uav_29          | 0               | 0.0000               | 0.00             | 413328.4750         | 0              
----------------------------------------------------------------------------------------------------------------------
System Total Tasks Completed: 107  |  System Total Throughput: 51.0216 MB  |  Average System Latency: 404.90 ms
===================================================

========== SCHEDULING ALGORITHM METRICS ==========
Total Tasks Successfully Scheduled : 107
Total Tasks Dropped              : 293
Scheduling Success Rate          : 26.75%
Average Scheduling Overhead      : 5.2568 ms per batch
System Total Offloaded Tasks     : 3
===================================================


               UAV Task Scheduling Benchmark Results               
╭──────────────────────────┬─────────────────────╮
│ Metric                   │ Value               │
├──────────────────────────┼─────────────────────┤
│ Average Throughput       │ 0.2675              │
│ Average Runtime (sec)    │ 0.005257            │
│ Average UAV Utilization  │ 0.4750              │
│ Average Capacity Util    │ 0.0148              │
│ Average Completed Tasks  │ 26.75               │
│ Average Failed Tasks     │ 73.25               │
│ Average Unassigned Tasks │ 73.25               │
│ Average Repair Queue     │ 100.00              │
│ Average Invalid Assigns  │ 0.00                │
│ Average Reassigned Tasks │ 0.00                │
╰──────────────────────────┴─────────────────────╯

========== FANET Simulation Finished ==========
