========== Starting FANET Simulation with DYNAMIC Scheduler / CAR Trajectory ==========
Initialising...
Dynamically spawning 30 UAVs...
Attempting to connect to CAR Pointer-Network Server on port 5510...
FAILED: Could not connect to CAR Pointer-Network Server.
Attempting to connect to MARL Allocation Server on port 5501...
FAILED: Could not connect to MARL Allocation Server.
Scheduling simulation termination at 5000.0 ms.
0.0 Submitted application fanet_app
[METRIC_EPOCH] Epoch:1, Generated:100, Scheduled:10, Dropped:90, RuntimeMs:2.7874, UavUtil:0.1667, CapUtil:0.0022, RepairQ:100, Invalid:0, Reassigned:0
[METRIC_EPOCH] Epoch:2, Generated:100, Scheduled:18, Dropped:82, RuntimeMs:1.0609, UavUtil:0.2333, CapUtil:0.0062, RepairQ:200, Invalid:0, Reassigned:0
[METRIC_EPOCH] Epoch:3, Generated:100, Scheduled:9, Dropped:91, RuntimeMs:0.8514, UavUtil:0.2333, CapUtil:0.0082, RepairQ:300, Invalid:0, Reassigned:0
[METRIC_EPOCH] Epoch:4, Generated:100, Scheduled:16, Dropped:84, RuntimeMs:0.3850, UavUtil:0.3333, CapUtil:0.0118, RepairQ:400, Invalid:0, Reassigned:0
Disconnected from CAR Pointer-Network Server.
Disconnected from MARL Allocation Server.

========== FINAL UAV BENCHMARK DASHBOARD ==========
UAV ID          | Tasks Completed | Data Processed (MB)  | Avg Latency (ms) | Energy Consumed (J) | Tasks Offloaded
----------------------------------------------------------------------------------------------------------------------
uav_0           | 0               | 0.0000               | 0.00             | 450658.1450         | 0              
uav_1           | 0               | 0.0000               | 0.00             | 441361.4839         | 0              
uav_2           | 0               | 0.0000               | 0.00             | 435445.4268         | 0              
uav_3           | 16              | 7.6294               | 573.27           | 430494.7201         | 0              
uav_4           | 0               | 0.0000               | 0.00             | 428346.1583         | 0              
uav_5           | 0               | 0.0000               | 0.00             | 426049.3362         | 0              
uav_6           | 28              | 13.3514              | 520.35           | 445918.6894         | 0              
uav_7           | 0               | 0.0000               | 0.00             | 422768.1617         | 0              
uav_8           | 9               | 4.2915               | 713.31           | 446707.6207         | 0              
uav_9           | 0               | 0.0000               | 0.00             | 420536.9630         | 0              
uav_10          | 0               | 0.0000               | 0.00             | 419669.2746         | 0              
uav_11          | 0               | 0.0000               | 0.00             | 418921.2674         | 0              
uav_12          | 0               | 0.0000               | 0.00             | 471306.3542         | 0              
uav_13          | 0               | 0.0000               | 0.00             | 417697.2556         | 0              
uav_14          | 0               | 0.0000               | 0.00             | 417190.1650         | 0              
uav_15          | 0               | 0.0000               | 0.00             | 494644.7385         | 0              
uav_16          | 0               | 0.0000               | 0.00             | 416332.0117         | 0              
uav_17          | 0               | 0.0000               | 0.00             | 421310.0492         | 0              
uav_18          | 0               | 0.0000               | 0.00             | 494328.0918         | 0              
uav_19          | 0               | 0.0000               | 0.00             | 415330.8328         | 0              
uav_20          | 0               | 0.0000               | 0.00             | 420442.5357         | 0              
uav_21          | 0               | 0.0000               | 0.00             | 414799.5950         | 0              
uav_22          | 0               | 0.0000               | 0.00             | 414565.2254         | 0              
uav_23          | 0               | 0.0000               | 0.00             | 414348.5441         | 0              
uav_24          | 0               | 0.0000               | 0.00             | 414147.6214         | 0              
uav_25          | 0               | 0.0000               | 0.00             | 493848.4924         | 0              
uav_26          | 0               | 0.0000               | 0.00             | 413786.6416         | 0              
uav_27          | 0               | 0.0000               | 0.00             | 493751.8986         | 0              
uav_28          | 0               | 0.0000               | 0.00             | 413471.5006         | 0              
uav_29          | 0               | 0.0000               | 0.00             | 413328.4750         | 0              
----------------------------------------------------------------------------------------------------------------------
System Total Tasks Completed: 53  |  System Total Throughput: 25.2724 MB  |  Average System Latency: 569.09 ms
===================================================

========== SCHEDULING ALGORITHM METRICS ==========
Total Tasks Successfully Scheduled : 53
Total Tasks Dropped              : 347
Scheduling Success Rate          : 13.25%
Average Scheduling Overhead      : 1.2712 ms per batch
System Total Offloaded Tasks     : 0
===================================================


               UAV Task Scheduling Benchmark Results               
╭──────────────────────────┬─────────────────────╮
│ Metric                   │ Value               │
├──────────────────────────┼─────────────────────┤
│ Average Throughput       │ 0.1325              │
│ Average Runtime (sec)    │ 0.001271            │
│ Average UAV Utilization  │ 0.2417              │
│ Average Capacity Util    │ 0.0071              │
│ Average Completed Tasks  │ 13.25               │
│ Average Failed Tasks     │ 86.75               │
│ Average Unassigned Tasks │ 86.75               │
│ Average Repair Queue     │ 100.00              │
│ Average Invalid Assigns  │ 0.00                │
│ Average Reassigned Tasks │ 0.00                │
╰──────────────────────────┴─────────────────────╯

========== FANET Simulation Finished ==========
