========== Starting FANET Simulation with DYNAMIC Scheduler / CAR Trajectory ==========
Initialising...
Dynamically spawning 30 UAVs...
Attempting to connect to CAR Pointer-Network Server on port 5510...
FAILED: Could not connect to CAR Pointer-Network Server.
Attempting to connect to MARL Allocation Server on port 5501...
FAILED: Could not connect to MARL Allocation Server.
Scheduling simulation termination at 5000.0 ms.
0.0 Submitted application fanet_app
[METRIC_EPOCH] Epoch:1, Generated:100, Scheduled:16, Dropped:84, RuntimeMs:2.6195, UavUtil:0.2333, CapUtil:0.0036, RepairQ:100, Invalid:0, Reassigned:0
[METRIC_EPOCH] Epoch:2, Generated:100, Scheduled:22, Dropped:78, RuntimeMs:1.0969, UavUtil:0.3667, CapUtil:0.0084, RepairQ:200, Invalid:0, Reassigned:0
[METRIC_EPOCH] Epoch:3, Generated:100, Scheduled:26, Dropped:74, RuntimeMs:1.4172, UavUtil:0.3667, CapUtil:0.0142, RepairQ:300, Invalid:0, Reassigned:0
[METRIC_EPOCH] Epoch:4, Generated:100, Scheduled:19, Dropped:81, RuntimeMs:1.0970, UavUtil:0.3667, CapUtil:0.0184, RepairQ:400, Invalid:0, Reassigned:0
Disconnected from CAR Pointer-Network Server.
Disconnected from MARL Allocation Server.

========== FINAL UAV BENCHMARK DASHBOARD ==========
UAV ID          | Tasks Completed | Data Processed (MB)  | Avg Latency (ms) | Energy Consumed (J) | Tasks Offloaded
----------------------------------------------------------------------------------------------------------------------
uav_0           | 38              | 18.1198              | 395.58           | 421392.9102         | 0              
uav_1           | 0               | 0.0000               | 0.00             | 441361.4839         | 0              
uav_2           | 0               | 0.0000               | 0.00             | 435445.4268         | 0              
uav_3           | 45              | 21.4577              | 529.01           | 469819.5138         | 9              
uav_4           | 0               | 0.0000               | 0.00             | 428346.1583         | 0              
uav_5           | 0               | 0.0000               | 0.00             | 497087.5296         | 0              
uav_6           | 0               | 0.0000               | 0.00             | 424236.0555         | 0              
uav_7           | 0               | 0.0000               | 0.00             | 422768.1617         | 0              
uav_8           | 0               | 0.0000               | 0.00             | 421555.5537         | 0              
uav_9           | 0               | 0.0000               | 0.00             | 420536.9630         | 0              
uav_10          | 0               | 0.0000               | 0.00             | 419669.2746         | 0              
uav_11          | 0               | 0.0000               | 0.00             | 418921.2674         | 0              
uav_12          | 0               | 0.0000               | 0.00             | 418269.7773         | 0              
uav_13          | 0               | 0.0000               | 0.00             | 471241.9188         | 0              
uav_14          | 0               | 0.0000               | 0.00             | 417190.1650         | 0              
uav_15          | 0               | 0.0000               | 0.00             | 470757.0346         | 0              
uav_16          | 0               | 0.0000               | 0.00             | 416332.0117         | 0              
uav_17          | 0               | 0.0000               | 0.00             | 470366.7620         | 0              
uav_18          | 0               | 0.0000               | 0.00             | 494077.4541         | 0              
uav_19          | 0               | 0.0000               | 0.00             | 415330.8328         | 0              
uav_20          | 0               | 0.0000               | 0.00             | 493909.9540         | 0              
uav_21          | 0               | 0.0000               | 0.00             | 493836.4590         | 0              
uav_22          | 0               | 0.0000               | 0.00             | 414565.2254         | 0              
uav_23          | 0               | 0.0000               | 0.00             | 414348.5441         | 0              
uav_24          | 0               | 0.0000               | 0.00             | 414147.6214         | 0              
uav_25          | 0               | 0.0000               | 0.00             | 413960.7985         | 0              
uav_26          | 0               | 0.0000               | 0.00             | 413786.6416         | 0              
uav_27          | 0               | 0.0000               | 0.00             | 469183.1482         | 0              
uav_28          | 0               | 0.0000               | 0.00             | 493452.6521         | 0              
uav_29          | 0               | 0.0000               | 0.00             | 413328.4750         | 0              
----------------------------------------------------------------------------------------------------------------------
System Total Tasks Completed: 83  |  System Total Throughput: 39.5775 MB  |  Average System Latency: 467.92 ms
===================================================

========== SCHEDULING ALGORITHM METRICS ==========
Total Tasks Successfully Scheduled : 83
Total Tasks Dropped              : 317
Scheduling Success Rate          : 20.75%
Average Scheduling Overhead      : 1.5576 ms per batch
System Total Offloaded Tasks     : 9
===================================================


               UAV Task Scheduling Benchmark Results               
╭──────────────────────────┬─────────────────────╮
│ Metric                   │ Value               │
├──────────────────────────┼─────────────────────┤
│ Average Throughput       │ 0.2075              │
│ Average Runtime (sec)    │ 0.001558            │
│ Average UAV Utilization  │ 0.3333              │
│ Average Capacity Util    │ 0.0112              │
│ Average Completed Tasks  │ 20.75               │
│ Average Failed Tasks     │ 79.25               │
│ Average Unassigned Tasks │ 79.25               │
│ Average Repair Queue     │ 100.00              │
│ Average Invalid Assigns  │ 0.00                │
│ Average Reassigned Tasks │ 0.00                │
╰──────────────────────────┴─────────────────────╯

========== FANET Simulation Finished ==========
