========== Starting FANET Simulation with DYNAMIC Scheduler / CAR Trajectory ==========
Initialising...
Dynamically spawning 30 UAVs...
Attempting to connect to CAR Pointer-Network Server on port 5510...
SUCCESS: Connected to CAR Pointer-Network Server!
Attempting to connect to MARL Allocation Server on port 5501...
SUCCESS: Connected to MARL Allocation Server!
Scheduling simulation termination at 5000.0 ms.
0.0 Submitted application fanet_app
[CAR] Placed tours for 30 UAVs (30 server tours, 30 clusters).
[METRIC_EPOCH] Epoch:1, Generated:100, Scheduled:39, Dropped:61, RuntimeMs:2.5109, UavUtil:0.6000, CapUtil:0.0087, RepairQ:100, Invalid:0, Reassigned:0
[CAR] Placed tours for 30 UAVs (30 server tours, 30 clusters).
[METRIC_EPOCH] Epoch:2, Generated:100, Scheduled:40, Dropped:60, RuntimeMs:1.2120, UavUtil:0.9000, CapUtil:0.0176, RepairQ:200, Invalid:0, Reassigned:0
[METRIC_EPOCH] Epoch:3, Generated:100, Scheduled:48, Dropped:52, RuntimeMs:0.6844, UavUtil:0.9667, CapUtil:0.0282, RepairQ:300, Invalid:0, Reassigned:0
[CAR] Placed tours for 30 UAVs (30 server tours, 30 clusters).
[METRIC_EPOCH] Epoch:4, Generated:100, Scheduled:43, Dropped:57, RuntimeMs:1.1609, UavUtil:1.0000, CapUtil:0.0378, RepairQ:400, Invalid:0, Reassigned:0
Disconnected from CAR Pointer-Network Server.
Disconnected from MARL Allocation Server.

========== FINAL UAV BENCHMARK DASHBOARD ==========
UAV ID          | Tasks Completed | Data Processed (MB)  | Avg Latency (ms) | Energy Consumed (J) | Tasks Offloaded
----------------------------------------------------------------------------------------------------------------------
uav_0           | 131             | 62.4657              | 481.14           | 428168.3493         | 0              
uav_1           | 0               | 0.0000               | 0.00             | 502003.0188         | 0              
uav_2           | 39              | 18.5966              | 502.27           | 481588.7050         | 0              
uav_3           | 0               | 0.0000               | 0.00             | 499167.7430         | 1              
uav_4           | 0               | 0.0000               | 0.00             | 482501.7237         | 0              
uav_5           | 0               | 0.0000               | 0.00             | 497666.7146         | 0              
uav_6           | 0               | 0.0000               | 0.00             | 480671.8552         | 0              
uav_7           | 0               | 0.0000               | 0.00             | 461160.3670         | 0              
uav_8           | 0               | 0.0000               | 0.00             | 479478.4627         | 0              
uav_9           | 0               | 0.0000               | 0.00             | 496105.6450         | 0              
uav_10          | 0               | 0.0000               | 0.00             | 495859.9211         | 0              
uav_11          | 0               | 0.0000               | 0.00             | 495648.0902         | 0              
uav_12          | 0               | 0.0000               | 0.00             | 495463.5922         | 0              
uav_13          | 0               | 0.0000               | 0.00             | 495301.4577         | 0              
uav_14          | 0               | 0.0000               | 0.00             | 477534.9378         | 0              
uav_15          | 0               | 0.0000               | 0.00             | 495029.7728         | 0              
uav_16          | 0               | 0.0000               | 0.00             | 494914.8291         | 0              
uav_17          | 0               | 0.0000               | 0.00             | 476989.8028         | 0              
uav_18          | 0               | 0.0000               | 0.00             | 456680.1152         | 0              
uav_19          | 0               | 0.0000               | 0.00             | 431764.9216         | 0              
uav_20          | 0               | 0.0000               | 0.00             | 494552.8790         | 0              
uav_21          | 0               | 0.0000               | 0.00             | 494480.8584         | 0              
uav_22          | 0               | 0.0000               | 0.00             | 476366.2823         | 0              
uav_23          | 0               | 0.0000               | 0.00             | 476269.8131         | 0              
uav_24          | 0               | 0.0000               | 0.00             | 494296.2235         | 0              
uav_25          | 0               | 0.0000               | 0.00             | 476097.1840         | 0              
uav_26          | 0               | 0.0000               | 0.00             | 494193.9963         | 0              
uav_27          | 0               | 0.0000               | 0.00             | 494147.9103         | 0              
uav_28          | 0               | 0.0000               | 0.00             | 494104.7503         | 0              
uav_29          | 0               | 0.0000               | 0.00             | 494064.2464         | 0              
----------------------------------------------------------------------------------------------------------------------
System Total Tasks Completed: 170  |  System Total Throughput: 81.0623 MB  |  Average System Latency: 485.98 ms
===================================================

========== SCHEDULING ALGORITHM METRICS ==========
Total Tasks Successfully Scheduled : 170
Total Tasks Dropped              : 230
Scheduling Success Rate          : 42.50%
Average Scheduling Overhead      : 1.3921 ms per batch
System Total Offloaded Tasks     : 1
===================================================


               UAV Task Scheduling Benchmark Results               
╭──────────────────────────┬─────────────────────╮
│ Metric                   │ Value               │
├──────────────────────────┼─────────────────────┤
│ Average Throughput       │ 0.4250              │
│ Average Runtime (sec)    │ 0.001392            │
│ Average UAV Utilization  │ 0.8667              │
│ Average Capacity Util    │ 0.0231              │
│ Average Completed Tasks  │ 42.50               │
│ Average Failed Tasks     │ 57.50               │
│ Average Unassigned Tasks │ 57.50               │
│ Average Repair Queue     │ 100.00              │
│ Average Invalid Assigns  │ 0.00                │
│ Average Reassigned Tasks │ 0.00                │
╰──────────────────────────┴─────────────────────╯

========== FANET Simulation Finished ==========
