========== Starting FANET Simulation with MOGS Scheduler / PPO Trajectory ==========
Initialising...
Dynamically spawning 30 UAVs...
Attempting to connect to Python TF-PPO Server on port 5500...
SUCCESS: Connected to Python Server!
Attempting to connect to MARL Allocation Server on port 5501...
SUCCESS: Connected to MARL Allocation Server!
Scheduling simulation termination at 5000.0 ms.
0.0 Submitted application fanet_app
[METRIC_EPOCH] Epoch:1, Generated:100, Scheduled:22, Dropped:78, RuntimeMs:4.5555, UavUtil:0.3000, CapUtil:0.0049, RepairQ:0, Invalid:0, Reassigned:0
[METRIC_EPOCH] Epoch:2, Generated:100, Scheduled:21, Dropped:79, RuntimeMs:1.2114, UavUtil:0.4000, CapUtil:0.0096, RepairQ:0, Invalid:0, Reassigned:0
[METRIC_EPOCH] Epoch:3, Generated:100, Scheduled:18, Dropped:82, RuntimeMs:0.8435, UavUtil:0.4333, CapUtil:0.0136, RepairQ:0, Invalid:0, Reassigned:0
[METRIC_EPOCH] Epoch:4, Generated:100, Scheduled:17, Dropped:83, RuntimeMs:1.0766, UavUtil:0.4333, CapUtil:0.0173, RepairQ:0, Invalid:0, Reassigned:0
Disconnected from Python PPO Server.
Disconnected from MARL Allocation Server.

========== FINAL UAV BENCHMARK DASHBOARD ==========
UAV ID          | Tasks Completed | Data Processed (MB)  | Avg Latency (ms) | Energy Consumed (J) | Tasks Offloaded
----------------------------------------------------------------------------------------------------------------------
uav_0           | 0               | 0.0000               | 0.00             | 450658.1450         | 0              
uav_1           | 0               | 0.0000               | 0.00             | 498582.0611         | 0              
uav_2           | 0               | 0.0000               | 0.00             | 477532.8018         | 0              
uav_3           | 0               | 0.0000               | 0.00             | 431349.6950         | 0              
uav_4           | 0               | 0.0000               | 0.00             | 494369.9013         | 0              
uav_5           | 0               | 0.0000               | 0.00             | 426049.3362         | 0              
uav_6           | 0               | 0.0000               | 0.00             | 424236.0555         | 0              
uav_7           | 0               | 0.0000               | 0.00             | 422768.1617         | 0              
uav_8           | 0               | 0.0000               | 0.00             | 421555.5537         | 0              
uav_9           | 0               | 0.0000               | 0.00             | 420536.9630         | 0              
uav_10          | 0               | 0.0000               | 0.00             | 419669.2746         | 0              
uav_11          | 0               | 0.0000               | 0.00             | 418921.2674         | 0              
uav_12          | 0               | 0.0000               | 0.00             | 418269.7773         | 0              
uav_13          | 0               | 0.0000               | 0.00             | 417697.2556         | 0              
uav_14          | 78              | 37.1933              | 496.14           | 412489.4348         | 0              
uav_15          | 0               | 0.0000               | 0.00             | 467523.7736         | 0              
uav_16          | 0               | 0.0000               | 0.00             | 490481.7538         | 0              
uav_17          | 0               | 0.0000               | 0.00             | 415965.7267         | 0              
uav_18          | 0               | 0.0000               | 0.00             | 490255.6987         | 0              
uav_19          | 0               | 0.0000               | 0.00             | 441792.0236         | 0              
uav_20          | 0               | 0.0000               | 0.00             | 415053.9110         | 0              
uav_21          | 0               | 0.0000               | 0.00             | 489985.8166         | 0              
uav_22          | 0               | 0.0000               | 0.00             | 489909.9674         | 0              
uav_23          | 0               | 0.0000               | 0.00             | 414348.5441         | 0              
uav_24          | 0               | 0.0000               | 0.00             | 414147.6214         | 0              
uav_25          | 0               | 0.0000               | 0.00             | 413960.7985         | 0              
uav_26          | 0               | 0.0000               | 0.00             | 465944.7744         | 0              
uav_27          | 0               | 0.0000               | 0.00             | 413623.9048         | 0              
uav_28          | 0               | 0.0000               | 0.00             | 489556.0044         | 0              
uav_29          | 0               | 0.0000               | 0.00             | 489509.7169         | 0              
----------------------------------------------------------------------------------------------------------------------
System Total Tasks Completed: 78  |  System Total Throughput: 37.1933 MB  |  Average System Latency: 496.14 ms
===================================================

========== SCHEDULING ALGORITHM METRICS ==========
Total Tasks Successfully Scheduled : 78
Total Tasks Dropped              : 322
Scheduling Success Rate          : 19.50%
Average Scheduling Overhead      : 1.9218 ms per batch
System Total Offloaded Tasks     : 0
===================================================


               UAV Task Scheduling Benchmark Results               
╭──────────────────────────┬─────────────────────╮
│ Metric                   │ Value               │
├──────────────────────────┼─────────────────────┤
│ Average Throughput       │ 0.1950              │
│ Average Runtime (sec)    │ 0.001922            │
│ Average UAV Utilization  │ 0.3917              │
│ Average Capacity Util    │ 0.0113              │
│ Average Completed Tasks  │ 19.50               │
│ Average Failed Tasks     │ 80.50               │
│ Average Unassigned Tasks │ 80.50               │
╰──────────────────────────┴─────────────────────╯

========== FANET Simulation Finished ==========
