========== Starting FANET Simulation with DYNAMIC Scheduler / PPO Trajectory ==========
Initialising...
Dynamically spawning 30 UAVs...
Attempting to connect to Python TF-PPO Server on port 5500...
SUCCESS: Connected to Python Server!
Attempting to connect to MARL Allocation Server on port 5501...
SUCCESS: Connected to MARL Allocation Server!
Scheduling simulation termination at 5000.0 ms.
0.0 Submitted application fanet_app
[METRIC_EPOCH] Epoch:1, Generated:100, Scheduled:17, Dropped:83, RuntimeMs:2.3945, UavUtil:0.2667, CapUtil:0.0038, RepairQ:100, Invalid:0, Reassigned:0
[METRIC_EPOCH] Epoch:2, Generated:100, Scheduled:19, Dropped:81, RuntimeMs:1.2707, UavUtil:0.4000, CapUtil:0.0080, RepairQ:200, Invalid:0, Reassigned:0
[METRIC_EPOCH] Epoch:3, Generated:100, Scheduled:18, Dropped:82, RuntimeMs:0.5957, UavUtil:0.4333, CapUtil:0.0120, RepairQ:300, Invalid:0, Reassigned:0
[METRIC_EPOCH] Epoch:4, Generated:100, Scheduled:19, Dropped:81, RuntimeMs:0.5175, UavUtil:0.4667, CapUtil:0.0162, RepairQ:400, Invalid:0, Reassigned:0
Disconnected from Python PPO Server.
Disconnected from MARL Allocation Server.

========== FINAL UAV BENCHMARK DASHBOARD ==========
UAV ID          | Tasks Completed | Data Processed (MB)  | Avg Latency (ms) | Energy Consumed (J) | Tasks Offloaded
----------------------------------------------------------------------------------------------------------------------
uav_0           | 37              | 17.6430              | 472.48           | 448851.1305         | 4              
uav_1           | 0               | 0.0000               | 0.00             | 441361.4839         | 0              
uav_2           | 0               | 0.0000               | 0.00             | 500151.3785         | 1              
uav_3           | 0               | 0.0000               | 0.00             | 498983.5178         | 0              
uav_4           | 0               | 0.0000               | 0.00             | 428346.1583         | 0              
uav_5           | 0               | 0.0000               | 0.00             | 426049.3362         | 0              
uav_6           | 0               | 0.0000               | 0.00             | 496955.1281         | 1              
uav_7           | 0               | 0.0000               | 0.00             | 496536.5716         | 0              
uav_8           | 0               | 0.0000               | 0.00             | 421555.5537         | 0              
uav_9           | 0               | 0.0000               | 0.00             | 457987.1317         | 0              
uav_10          | 0               | 0.0000               | 0.00             | 495652.9521         | 0              
uav_11          | 0               | 0.0000               | 0.00             | 495439.6646         | 0              
uav_12          | 0               | 0.0000               | 0.00             | 418269.7773         | 0              
uav_13          | 0               | 0.0000               | 0.00             | 474231.9910         | 0              
uav_14          | 0               | 0.0000               | 0.00             | 417190.1650         | 0              
uav_15          | 0               | 0.0000               | 0.00             | 416737.8950         | 0              
uav_16          | 17              | 8.1062               | 497.93           | 472135.2766         | 0              
uav_17          | 0               | 0.0000               | 0.00             | 415965.7267         | 0              
uav_18          | 0               | 0.0000               | 0.00             | 415633.5148         | 0              
uav_19          | 19              | 9.0599               | 460.90           | 411934.8278         | 0              
uav_20          | 0               | 0.0000               | 0.00             | 415053.9110         | 0              
uav_21          | 0               | 0.0000               | 0.00             | 414799.5950         | 0              
uav_22          | 0               | 0.0000               | 0.00             | 429692.2934         | 0              
uav_23          | 0               | 0.0000               | 0.00             | 494135.7941         | 0              
uav_24          | 0               | 0.0000               | 0.00             | 414147.6214         | 0              
uav_25          | 0               | 0.0000               | 0.00             | 413960.7985         | 0              
uav_26          | 0               | 0.0000               | 0.00             | 413786.6416         | 0              
uav_27          | 0               | 0.0000               | 0.00             | 413623.9048         | 0              
uav_28          | 0               | 0.0000               | 0.00             | 413471.5006         | 0              
uav_29          | 0               | 0.0000               | 0.00             | 472144.5616         | 0              
----------------------------------------------------------------------------------------------------------------------
System Total Tasks Completed: 73  |  System Total Throughput: 34.8091 MB  |  Average System Latency: 475.39 ms
===================================================

========== SCHEDULING ALGORITHM METRICS ==========
Total Tasks Successfully Scheduled : 73
Total Tasks Dropped              : 327
Scheduling Success Rate          : 18.25%
Average Scheduling Overhead      : 1.1946 ms per batch
System Total Offloaded Tasks     : 6
===================================================


               UAV Task Scheduling Benchmark Results               
╭──────────────────────────┬─────────────────────╮
│ Metric                   │ Value               │
├──────────────────────────┼─────────────────────┤
│ Average Throughput       │ 0.1825              │
│ Average Runtime (sec)    │ 0.001195            │
│ Average UAV Utilization  │ 0.3917              │
│ Average Capacity Util    │ 0.0100              │
│ Average Completed Tasks  │ 18.25               │
│ Average Failed Tasks     │ 81.75               │
│ Average Unassigned Tasks │ 81.75               │
│ Average Repair Queue     │ 100.00              │
│ Average Invalid Assigns  │ 0.00                │
│ Average Reassigned Tasks │ 0.00                │
╰──────────────────────────┴─────────────────────╯

========== FANET Simulation Finished ==========
