========== Starting FANET Simulation with DYNAMIC Scheduler / PPO Trajectory ==========
Initialising...
Dynamically spawning 30 UAVs...
Attempting to connect to Python TF-PPO Server on port 5500...
SUCCESS: Connected to Python Server!
Attempting to connect to MARL Allocation Server on port 5501...
SUCCESS: Connected to MARL Allocation Server!
Scheduling simulation termination at 5000.0 ms.
0.0 Submitted application fanet_app
[METRIC_EPOCH] Epoch:1, Generated:100, Scheduled:5, Dropped:95, RuntimeMs:2.3817, UavUtil:0.1333, CapUtil:0.0011, RepairQ:100, Invalid:0, Reassigned:0
[METRIC_EPOCH] Epoch:2, Generated:100, Scheduled:14, Dropped:86, RuntimeMs:0.9570, UavUtil:0.2000, CapUtil:0.0042, RepairQ:200, Invalid:0, Reassigned:0
[METRIC_EPOCH] Epoch:3, Generated:100, Scheduled:16, Dropped:84, RuntimeMs:0.3343, UavUtil:0.2667, CapUtil:0.0078, RepairQ:300, Invalid:0, Reassigned:0
[METRIC_EPOCH] Epoch:4, Generated:100, Scheduled:17, Dropped:83, RuntimeMs:0.5058, UavUtil:0.3000, CapUtil:0.0116, RepairQ:400, Invalid:0, Reassigned:0
Disconnected from Python PPO Server.
Disconnected from MARL Allocation Server.

========== FINAL UAV BENCHMARK DASHBOARD ==========
UAV ID          | Tasks Completed | Data Processed (MB)  | Avg Latency (ms) | Energy Consumed (J) | Tasks Offloaded
----------------------------------------------------------------------------------------------------------------------
uav_0           | 0               | 0.0000               | 0.00             | 505510.2440         | 1              
uav_1           | 0               | 0.0000               | 0.00             | 451986.9000         | 0              
uav_2           | 0               | 0.0000               | 0.00             | 435445.4268         | 0              
uav_3           | 0               | 0.0000               | 0.00             | 431349.6950         | 0              
uav_4           | 0               | 0.0000               | 0.00             | 428346.1583         | 0              
uav_5           | 0               | 0.0000               | 0.00             | 426049.3362         | 0              
uav_6           | 30              | 14.3051              | 474.71           | 431729.7511         | 0              
uav_7           | 0               | 0.0000               | 0.00             | 422768.1617         | 0              
uav_8           | 5               | 2.3842               | 378.38           | 448797.1726         | 0              
uav_9           | 0               | 0.0000               | 0.00             | 420536.9630         | 0              
uav_10          | 0               | 0.0000               | 0.00             | 419669.2746         | 0              
uav_11          | 0               | 0.0000               | 0.00             | 418921.2674         | 0              
uav_12          | 0               | 0.0000               | 0.00             | 418269.7773         | 0              
uav_13          | 0               | 0.0000               | 0.00             | 451225.8239         | 0              
uav_14          | 0               | 0.0000               | 0.00             | 450875.7758         | 0              
uav_15          | 0               | 0.0000               | 0.00             | 471285.9588         | 0              
uav_16          | 0               | 0.0000               | 0.00             | 416332.0117         | 0              
uav_17          | 0               | 0.0000               | 0.00             | 415965.7267         | 0              
uav_18          | 0               | 0.0000               | 0.00             | 415633.5148         | 0              
uav_19          | 0               | 0.0000               | 0.00             | 415330.8328         | 0              
uav_20          | 0               | 0.0000               | 0.00             | 415053.9110         | 0              
uav_21          | 0               | 0.0000               | 0.00             | 414799.5950         | 0              
uav_22          | 0               | 0.0000               | 0.00             | 414565.2254         | 0              
uav_23          | 0               | 0.0000               | 0.00             | 414348.5441         | 0              
uav_24          | 0               | 0.0000               | 0.00             | 414147.6214         | 0              
uav_25          | 0               | 0.0000               | 0.00             | 413960.7985         | 0              
uav_26          | 0               | 0.0000               | 0.00             | 413786.6416         | 0              
uav_27          | 17              | 8.1062               | 540.82           | 480980.7600         | 0              
uav_28          | 0               | 0.0000               | 0.00             | 495411.0558         | 0              
uav_29          | 0               | 0.0000               | 0.00             | 413328.4750         | 0              
----------------------------------------------------------------------------------------------------------------------
System Total Tasks Completed: 52  |  System Total Throughput: 24.7955 MB  |  Average System Latency: 487.06 ms
===================================================

========== SCHEDULING ALGORITHM METRICS ==========
Total Tasks Successfully Scheduled : 52
Total Tasks Dropped              : 348
Scheduling Success Rate          : 13.00%
Average Scheduling Overhead      : 1.0447 ms per batch
System Total Offloaded Tasks     : 1
===================================================


               UAV Task Scheduling Benchmark Results               
╭──────────────────────────┬─────────────────────╮
│ Metric                   │ Value               │
├──────────────────────────┼─────────────────────┤
│ Average Throughput       │ 0.1300              │
│ Average Runtime (sec)    │ 0.001045            │
│ Average UAV Utilization  │ 0.2250              │
│ Average Capacity Util    │ 0.0062              │
│ Average Completed Tasks  │ 13.00               │
│ Average Failed Tasks     │ 87.00               │
│ Average Unassigned Tasks │ 87.00               │
│ Average Repair Queue     │ 100.00              │
│ Average Invalid Assigns  │ 0.00                │
│ Average Reassigned Tasks │ 0.00                │
╰──────────────────────────┴─────────────────────╯

========== FANET Simulation Finished ==========
