========== Starting FANET Simulation with DYNAMIC Scheduler / CAR Trajectory ==========
Initialising...
Dynamically spawning 30 UAVs...
Attempting to connect to CAR Pointer-Network Server on port 5510...
SUCCESS: Connected to CAR Pointer-Network Server!
Attempting to connect to MARL Allocation Server on port 5501...
SUCCESS: Connected to MARL Allocation Server!
Scheduling simulation termination at 5000.0 ms.
0.0 Submitted application fanet_app
[CAR] Placed tours for 30 UAVs (30 server tours, 30 clusters).
[METRIC_EPOCH] Epoch:1, Generated:100, Scheduled:36, Dropped:64, RuntimeMs:2.6194, UavUtil:0.6333, CapUtil:0.0080, RepairQ:100, Invalid:0, Reassigned:0
[CAR] Placed tours for 30 UAVs (30 server tours, 30 clusters).
[METRIC_EPOCH] Epoch:2, Generated:100, Scheduled:37, Dropped:63, RuntimeMs:1.2616, UavUtil:0.8667, CapUtil:0.0162, RepairQ:200, Invalid:0, Reassigned:0
[METRIC_EPOCH] Epoch:3, Generated:100, Scheduled:40, Dropped:60, RuntimeMs:0.5395, UavUtil:0.9667, CapUtil:0.0251, RepairQ:300, Invalid:0, Reassigned:0
[CAR] Placed tours for 30 UAVs (30 server tours, 30 clusters).
[METRIC_EPOCH] Epoch:4, Generated:100, Scheduled:50, Dropped:50, RuntimeMs:0.4832, UavUtil:0.9667, CapUtil:0.0362, RepairQ:400, Invalid:0, Reassigned:0
Disconnected from CAR Pointer-Network Server.
Disconnected from MARL Allocation Server.

========== FINAL UAV BENCHMARK DASHBOARD ==========
UAV ID          | Tasks Completed | Data Processed (MB)  | Avg Latency (ms) | Energy Consumed (J) | Tasks Offloaded
----------------------------------------------------------------------------------------------------------------------
uav_0           | 127             | 60.5583              | 494.04           | 431124.5180         | 1              
uav_1           | 0               | 0.0000               | 0.00             | 482318.2771         | 0              
uav_2           | 36              | 17.1661              | 626.61           | 474217.6500         | 0              
uav_3           | 0               | 0.0000               | 0.00             | 495947.1860         | 0              
uav_4           | 0               | 0.0000               | 0.00             | 475603.9967         | 0              
uav_5           | 0               | 0.0000               | 0.00             | 494265.7342         | 0              
uav_6           | 0               | 0.0000               | 0.00             | 493690.5007         | 0              
uav_7           | 0               | 0.0000               | 0.00             | 493224.8355         | 0              
uav_8           | 0               | 0.0000               | 0.00             | 492840.1555         | 0              
uav_9           | 0               | 0.0000               | 0.00             | 492517.0244         | 0              
uav_10          | 0               | 0.0000               | 0.00             | 447610.5350         | 0              
uav_11          | 0               | 0.0000               | 0.00             | 492004.4715         | 0              
uav_12          | 0               | 0.0000               | 0.00             | 491797.7969         | 0              
uav_13          | 0               | 0.0000               | 0.00             | 491616.1739         | 0              
uav_14          | 0               | 0.0000               | 0.00             | 491455.3077         | 0              
uav_15          | 0               | 0.0000               | 0.00             | 491311.8325         | 0              
uav_16          | 0               | 0.0000               | 0.00             | 469406.1994         | 0              
uav_17          | 0               | 0.0000               | 0.00             | 444880.5502         | 0              
uav_18          | 0               | 0.0000               | 0.00             | 469045.8623         | 0              
uav_19          | 0               | 0.0000               | 0.00             | 415330.8328         | 0              
uav_20          | 0               | 0.0000               | 0.00             | 444208.4263         | 0              
uav_21          | 0               | 0.0000               | 0.00             | 490696.9386         | 0              
uav_22          | 0               | 0.0000               | 0.00             | 490622.5887         | 0              
uav_23          | 0               | 0.0000               | 0.00             | 490553.8501         | 0              
uav_24          | 0               | 0.0000               | 0.00             | 490490.1107         | 0              
uav_25          | 0               | 0.0000               | 0.00             | 490430.8442         | 0              
uav_26          | 0               | 0.0000               | 0.00             | 490375.5958         | 0              
uav_27          | 0               | 0.0000               | 0.00             | 490323.9702         | 0              
uav_28          | 0               | 0.0000               | 0.00             | 467930.5333         | 0              
uav_29          | 0               | 0.0000               | 0.00             | 467856.7500         | 0              
----------------------------------------------------------------------------------------------------------------------
System Total Tasks Completed: 163  |  System Total Throughput: 77.7245 MB  |  Average System Latency: 523.32 ms
===================================================

========== SCHEDULING ALGORITHM METRICS ==========
Total Tasks Successfully Scheduled : 163
Total Tasks Dropped              : 237
Scheduling Success Rate          : 40.75%
Average Scheduling Overhead      : 1.2259 ms per batch
System Total Offloaded Tasks     : 1
===================================================


               UAV Task Scheduling Benchmark Results               
╭──────────────────────────┬─────────────────────╮
│ Metric                   │ Value               │
├──────────────────────────┼─────────────────────┤
│ Average Throughput       │ 0.4075              │
│ Average Runtime (sec)    │ 0.001226            │
│ Average UAV Utilization  │ 0.8583              │
│ Average Capacity Util    │ 0.0214              │
│ Average Completed Tasks  │ 40.75               │
│ Average Failed Tasks     │ 59.25               │
│ Average Unassigned Tasks │ 59.25               │
│ Average Repair Queue     │ 100.00              │
│ Average Invalid Assigns  │ 0.00                │
│ Average Reassigned Tasks │ 0.00                │
╰──────────────────────────┴─────────────────────╯

========== FANET Simulation Finished ==========
