========== Starting FANET Simulation with MOGS Scheduler / CAR Trajectory ==========
Initialising...
Dynamically spawning 30 UAVs...
Attempting to connect to CAR Pointer-Network Server on port 5510...
SUCCESS: Connected to CAR Pointer-Network Server!
Attempting to connect to MARL Allocation Server on port 5501...
SUCCESS: Connected to MARL Allocation Server!
Scheduling simulation termination at 5000.0 ms.
0.0 Submitted application fanet_app
[CAR] Placed tours for 30 UAVs (30 server tours, 30 clusters).
[METRIC_EPOCH] Epoch:1, Generated:100, Scheduled:36, Dropped:64, RuntimeMs:9.5159, UavUtil:0.6333, CapUtil:0.0080, RepairQ:0, Invalid:0, Reassigned:0
[CAR] Placed tours for 30 UAVs (30 server tours, 30 clusters).
[METRIC_EPOCH] Epoch:2, Generated:100, Scheduled:47, Dropped:53, RuntimeMs:0.9860, UavUtil:0.8333, CapUtil:0.0184, RepairQ:0, Invalid:0, Reassigned:0
[METRIC_EPOCH] Epoch:3, Generated:100, Scheduled:44, Dropped:56, RuntimeMs:1.1401, UavUtil:0.9333, CapUtil:0.0282, RepairQ:0, Invalid:0, Reassigned:0
[CAR] Placed tours for 30 UAVs (30 server tours, 30 clusters).
DEBUG: P2P Evaluation - targetUav uav_0 queue full. Evaluating peer uav_1 queue size: 2
DEBUG: P2P Evaluation - targetUav uav_0 queue full. Evaluating peer uav_1 queue size: 3
DEBUG: P2P Evaluation - targetUav uav_3 queue full. Evaluating peer uav_0 queue size: 6
DEBUG: P2P Evaluation - targetUav uav_3 queue full. Evaluating peer uav_1 queue size: 4
DEBUG: P2P Evaluation - targetUav uav_3 queue full. Evaluating peer uav_2 queue size: 2
DEBUG: P2P Evaluation - targetUav uav_3 queue full. Evaluating peer uav_4 queue size: 8
DEBUG: P2P Evaluation - targetUav uav_3 queue full. Evaluating peer uav_5 queue size: 7
DEBUG: P2P Evaluation - targetUav uav_3 queue full. Evaluating peer uav_6 queue size: 9
DEBUG: P2P Evaluation - targetUav uav_3 queue full. Evaluating peer uav_0 queue size: 7
DEBUG: P2P Evaluation - targetUav uav_3 queue full. Evaluating peer uav_1 queue size: 4
DEBUG: P2P Evaluation - targetUav uav_3 queue full. Evaluating peer uav_2 queue size: 2
DEBUG: P2P Evaluation - targetUav uav_3 queue full. Evaluating peer uav_4 queue size: 8
DEBUG: P2P Evaluation - targetUav uav_3 queue full. Evaluating peer uav_5 queue size: 7
DEBUG: P2P Evaluation - targetUav uav_3 queue full. Evaluating peer uav_6 queue size: 10
DEBUG: P2P Evaluation - targetUav uav_3 queue full. Evaluating peer uav_7 queue size: 5
DEBUG: P2P Evaluation - targetUav uav_3 queue full. Evaluating peer uav_8 queue size: 5
DEBUG: P2P Evaluation - targetUav uav_3 queue full. Evaluating peer uav_9 queue size: 4
DEBUG: P2P Evaluation - targetUav uav_3 queue full. Evaluating peer uav_10 queue size: 2
DEBUG: P2P Evaluation - targetUav uav_3 queue full. Evaluating peer uav_11 queue size: 4
DEBUG: P2P Evaluation - targetUav uav_3 queue full. Evaluating peer uav_12 queue size: 14
DEBUG: P2P Evaluation - targetUav uav_3 queue full. Evaluating peer uav_0 queue size: 7
DEBUG: P2P Evaluation - targetUav uav_3 queue full. Evaluating peer uav_1 queue size: 5
DEBUG: P2P Evaluation - targetUav uav_3 queue full. Evaluating peer uav_2 queue size: 2
DEBUG: P2P Evaluation - targetUav uav_3 queue full. Evaluating peer uav_4 queue size: 8
DEBUG: P2P Evaluation - targetUav uav_3 queue full. Evaluating peer uav_5 queue size: 7
DEBUG: P2P Evaluation - targetUav uav_3 queue full. Evaluating peer uav_6 queue size: 10
DEBUG: P2P Evaluation - targetUav uav_3 queue full. Evaluating peer uav_7 queue size: 5
DEBUG: P2P Evaluation - targetUav uav_3 queue full. Evaluating peer uav_8 queue size: 5
DEBUG: P2P Evaluation - targetUav uav_3 queue full. Evaluating peer uav_9 queue size: 4
DEBUG: P2P Evaluation - targetUav uav_3 queue full. Evaluating peer uav_10 queue size: 2
DEBUG: P2P Evaluation - targetUav uav_3 queue full. Evaluating peer uav_11 queue size: 4
DEBUG: P2P Evaluation - targetUav uav_3 queue full. Evaluating peer uav_12 queue size: 15
DEBUG: P2P Evaluation - targetUav uav_3 queue full. Evaluating peer uav_13 queue size: 3
DEBUG: P2P Evaluation - targetUav uav_3 queue full. Evaluating peer uav_14 queue size: 8
DEBUG: P2P Evaluation - targetUav uav_3 queue full. Evaluating peer uav_15 queue size: 3
DEBUG: P2P Evaluation - targetUav uav_3 queue full. Evaluating peer uav_0 queue size: 7
DEBUG: P2P Evaluation - targetUav uav_3 queue full. Evaluating peer uav_1 queue size: 5
DEBUG: P2P Evaluation - targetUav uav_3 queue full. Evaluating peer uav_2 queue size: 2
DEBUG: P2P Evaluation - targetUav uav_3 queue full. Evaluating peer uav_4 queue size: 8
DEBUG: P2P Evaluation - targetUav uav_0 queue full. Evaluating peer uav_1 queue size: 5
DEBUG: P2P Evaluation - targetUav uav_0 queue full. Evaluating peer uav_2 queue size: 2
DEBUG: P2P Evaluation - targetUav uav_0 queue full. Evaluating peer uav_3 queue size: 8
DEBUG: P2P Evaluation - targetUav uav_0 queue full. Evaluating peer uav_4 queue size: 9
DEBUG: P2P Evaluation - targetUav uav_0 queue full. Evaluating peer uav_5 queue size: 7
DEBUG: P2P Evaluation - targetUav uav_0 queue full. Evaluating peer uav_6 queue size: 10
[METRIC_EPOCH] Epoch:4, Generated:100, Scheduled:42, Dropped:58, RuntimeMs:6.2144, UavUtil:0.9667, CapUtil:0.0376, RepairQ:0, Invalid:0, Reassigned:0
Disconnected from CAR Pointer-Network Server.
Disconnected from MARL Allocation Server.

========== FINAL UAV BENCHMARK DASHBOARD ==========
UAV ID          | Tasks Completed | Data Processed (MB)  | Avg Latency (ms) | Energy Consumed (J) | Tasks Offloaded
----------------------------------------------------------------------------------------------------------------------
uav_0           | 89              | 42.4385              | 504.32           | 469849.1693         | 3              
uav_1           | 36              | 17.1661              | 495.45           | 472519.8681         | 0              
uav_2           | 44              | 20.9808              | 482.13           | 437183.0522         | 0              
uav_3           | 0               | 0.0000               | 0.00             | 473529.9406         | 4              
uav_4           | 0               | 0.0000               | 0.00             | 492259.6528         | 0              
uav_5           | 0               | 0.0000               | 0.00             | 491466.6775         | 0              
uav_6           | 0               | 0.0000               | 0.00             | 490840.6445         | 0              
uav_7           | 0               | 0.0000               | 0.00             | 490333.8558         | 0              
uav_8           | 0               | 0.0000               | 0.00             | 468102.2844         | 0              
uav_9           | 0               | 0.0000               | 0.00             | 489563.5370         | 0              
uav_10          | 0               | 0.0000               | 0.00             | 446826.6625         | 0              
uav_11          | 0               | 0.0000               | 0.00             | 466642.4320         | 0              
uav_12          | 0               | 0.0000               | 0.00             | 488780.7937         | 0              
uav_13          | 0               | 0.0000               | 0.00             | 488583.1313         | 0              
uav_14          | 0               | 0.0000               | 0.00             | 488408.0588         | 0              
uav_15          | 0               | 0.0000               | 0.00             | 488251.9131         | 0              
uav_16          | 0               | 0.0000               | 0.00             | 488111.7823         | 0              
uav_17          | 0               | 0.0000               | 0.00             | 415965.7267         | 0              
uav_18          | 0               | 0.0000               | 0.00             | 487870.6271         | 0              
uav_19          | 0               | 0.0000               | 0.00             | 464652.7073         | 0              
uav_20          | 0               | 0.0000               | 0.00             | 464499.2445         | 0              
uav_21          | 0               | 0.0000               | 0.00             | 487582.7172         | 0              
uav_22          | 0               | 0.0000               | 0.00             | 422457.2991         | 0              
uav_23          | 0               | 0.0000               | 0.00             | 487426.9924         | 0              
uav_24          | 0               | 0.0000               | 0.00             | 463997.0026         | 0              
uav_25          | 0               | 0.0000               | 0.00             | 487293.1237         | 0              
uav_26          | 0               | 0.0000               | 0.00             | 487232.9962         | 0              
uav_27          | 0               | 0.0000               | 0.00             | 487176.8115         | 0              
uav_28          | 0               | 0.0000               | 0.00             | 487124.1941         | 0              
uav_29          | 0               | 0.0000               | 0.00             | 442105.9269         | 0              
----------------------------------------------------------------------------------------------------------------------
System Total Tasks Completed: 169  |  System Total Throughput: 80.5855 MB  |  Average System Latency: 496.65 ms
===================================================

========== SCHEDULING ALGORITHM METRICS ==========
Total Tasks Successfully Scheduled : 169
Total Tasks Dropped              : 231
Scheduling Success Rate          : 42.25%
Average Scheduling Overhead      : 4.4641 ms per batch
System Total Offloaded Tasks     : 7
===================================================


               UAV Task Scheduling Benchmark Results               
╭──────────────────────────┬─────────────────────╮
│ Metric                   │ Value               │
├──────────────────────────┼─────────────────────┤
│ Average Throughput       │ 0.4225              │
│ Average Runtime (sec)    │ 0.004464            │
│ Average UAV Utilization  │ 0.8417              │
│ Average Capacity Util    │ 0.0231              │
│ Average Completed Tasks  │ 42.25               │
│ Average Failed Tasks     │ 57.75               │
│ Average Unassigned Tasks │ 57.75               │
╰──────────────────────────┴─────────────────────╯

========== FANET Simulation Finished ==========
