========== Starting FANET Simulation with MARL Scheduler / CAR Trajectory ==========
Initialising...
Dynamically spawning 30 UAVs...
Attempting to connect to CAR Pointer-Network Server on port 5510...
SUCCESS: Connected to CAR Pointer-Network Server!
Attempting to connect to MARL Allocation Server on port 5501...
SUCCESS: Connected to MARL Allocation Server!
Scheduling simulation termination at 5000.0 ms.
0.0 Submitted application fanet_app
[CAR] Placed tours for 30 UAVs (30 server tours, 30 clusters).
[METRIC_EPOCH] Epoch:1, Generated:100, Scheduled:3, Dropped:97, RuntimeMs:175.8697, UavUtil:0.0667, CapUtil:0.0007, RepairQ:0, Invalid:0, Reassigned:0
[CAR] Placed tours for 30 UAVs (30 server tours, 30 clusters).
[METRIC_EPOCH] Epoch:2, Generated:100, Scheduled:1, Dropped:99, RuntimeMs:131.6872, UavUtil:0.0667, CapUtil:0.0009, RepairQ:0, Invalid:0, Reassigned:0
[METRIC_EPOCH] Epoch:3, Generated:100, Scheduled:2, Dropped:98, RuntimeMs:99.3124, UavUtil:0.0667, CapUtil:0.0013, RepairQ:0, Invalid:0, Reassigned:0
[CAR] Placed tours for 30 UAVs (30 server tours, 30 clusters).
[METRIC_EPOCH] Epoch:4, Generated:100, Scheduled:0, Dropped:100, RuntimeMs:69.7643, UavUtil:0.0667, CapUtil:0.0013, RepairQ:0, Invalid:0, Reassigned:0
Disconnected from CAR Pointer-Network Server.
Disconnected from MARL Allocation Server.

========== FINAL UAV BENCHMARK DASHBOARD ==========
UAV ID          | Tasks Completed | Data Processed (MB)  | Avg Latency (ms) | Energy Consumed (J) | Tasks Offloaded
----------------------------------------------------------------------------------------------------------------------
uav_0           | 0               | 0.0000               | 0.00             | 450658.1450         | 0              
uav_1           | 0               | 0.0000               | 0.00             | 441361.4839         | 0              
uav_2           | 3               | 1.4305               | 754.33           | 446879.3240         | 0              
uav_3           | 0               | 0.0000               | 0.00             | 431349.6950         | 0              
uav_4           | 0               | 0.0000               | 0.00             | 428346.1583         | 0              
uav_5           | 0               | 0.0000               | 0.00             | 426049.3362         | 0              
uav_6           | 3               | 1.4305               | 519.70           | 436927.3622         | 0              
uav_7           | 0               | 0.0000               | 0.00             | 422768.1617         | 0              
uav_8           | 0               | 0.0000               | 0.00             | 421555.5537         | 0              
uav_9           | 0               | 0.0000               | 0.00             | 420536.9630         | 0              
uav_10          | 0               | 0.0000               | 0.00             | 419669.2746         | 0              
uav_11          | 0               | 0.0000               | 0.00             | 418921.2674         | 0              
uav_12          | 0               | 0.0000               | 0.00             | 418269.7773         | 0              
uav_13          | 0               | 0.0000               | 0.00             | 417697.2556         | 0              
uav_14          | 0               | 0.0000               | 0.00             | 417190.1650         | 0              
uav_15          | 0               | 0.0000               | 0.00             | 416737.8950         | 0              
uav_16          | 0               | 0.0000               | 0.00             | 416332.0117         | 0              
uav_17          | 0               | 0.0000               | 0.00             | 415965.7267         | 0              
uav_18          | 0               | 0.0000               | 0.00             | 415633.5148         | 0              
uav_19          | 0               | 0.0000               | 0.00             | 415330.8328         | 0              
uav_20          | 0               | 0.0000               | 0.00             | 415053.9110         | 0              
uav_21          | 0               | 0.0000               | 0.00             | 414799.5950         | 0              
uav_22          | 0               | 0.0000               | 0.00             | 414565.2254         | 0              
uav_23          | 0               | 0.0000               | 0.00             | 414348.5441         | 0              
uav_24          | 0               | 0.0000               | 0.00             | 414147.6214         | 0              
uav_25          | 0               | 0.0000               | 0.00             | 413960.7985         | 0              
uav_26          | 0               | 0.0000               | 0.00             | 413786.6416         | 0              
uav_27          | 0               | 0.0000               | 0.00             | 413623.9048         | 0              
uav_28          | 0               | 0.0000               | 0.00             | 413471.5006         | 0              
uav_29          | 0               | 0.0000               | 0.00             | 413328.4750         | 0              
----------------------------------------------------------------------------------------------------------------------
System Total Tasks Completed: 6  |  System Total Throughput: 2.8610 MB  |  Average System Latency: 637.02 ms
===================================================

========== SCHEDULING ALGORITHM METRICS ==========
Total Tasks Successfully Scheduled : 6
Total Tasks Dropped              : 394
Scheduling Success Rate          : 1.50%
Average Scheduling Overhead      : 119.1584 ms per batch
System Total Offloaded Tasks     : 0
===================================================


               UAV Task Scheduling Benchmark Results               
╭──────────────────────────┬─────────────────────╮
│ Metric                   │ Value               │
├──────────────────────────┼─────────────────────┤
│ Average Throughput       │ 0.0150              │
│ Average Runtime (sec)    │ 0.119158            │
│ Average UAV Utilization  │ 0.0667              │
│ Average Capacity Util    │ 0.0011              │
│ Average Completed Tasks  │ 1.50                │
│ Average Failed Tasks     │ 98.50               │
│ Average Unassigned Tasks │ 98.50               │
╰──────────────────────────┴─────────────────────╯

========== FANET Simulation Finished ==========
