========== Starting FANET Simulation with BIDDING Scheduler / PPO Trajectory ==========
Initialising...
Dynamically spawning 30 UAVs...
Attempting to connect to Python TF-PPO Server on port 5500...
FAILED: Could not connect to Python Server.
Attempting to connect to MARL Allocation Server on port 5501...
SUCCESS: Connected to MARL Allocation Server!
Scheduling simulation termination at 5000.0 ms.
0.0 Submitted application fanet_app
No connection to Python. Skipping trajectory update...
No connection to Python. Skipping trajectory update...
No connection to Python. Skipping trajectory update...
No connection to Python. Skipping trajectory update...
No connection to Python. Skipping trajectory update...
No connection to Python. Skipping trajectory update...
No connection to Python. Skipping trajectory update...
No connection to Python. Skipping trajectory update...
No connection to Python. Skipping trajectory update...
No connection to Python. Skipping trajectory update...
No connection to Python. Skipping trajectory update...
No connection to Python. Skipping trajectory update...
No connection to Python. Skipping trajectory update...
No connection to Python. Skipping trajectory update...
No connection to Python. Skipping trajectory update...
No connection to Python. Skipping trajectory update...
No connection to Python. Skipping trajectory update...
No connection to Python. Skipping trajectory update...
No connection to Python. Skipping trajectory update...
No connection to Python. Skipping trajectory update...
No connection to Python. Skipping trajectory update...
No connection to Python. Skipping trajectory update...
No connection to Python. Skipping trajectory update...
No connection to Python. Skipping trajectory update...
No connection to Python. Skipping trajectory update...
No connection to Python. Skipping trajectory update...
No connection to Python. Skipping trajectory update...
No connection to Python. Skipping trajectory update...
No connection to Python. Skipping trajectory update...
No connection to Python. Skipping trajectory update...
No connection to Python. Skipping trajectory update...
No connection to Python. Skipping trajectory update...
No connection to Python. Skipping trajectory update...
No connection to Python. Skipping trajectory update...
No connection to Python. Skipping trajectory update...
No connection to Python. Skipping trajectory update...
No connection to Python. Skipping trajectory update...
No connection to Python. Skipping trajectory update...
No connection to Python. Skipping trajectory update...
No connection to Python. Skipping trajectory update...
No connection to Python. Skipping trajectory update...
No connection to Python. Skipping trajectory update...
No connection to Python. Skipping trajectory update...
No connection to Python. Skipping trajectory update...
No connection to Python. Skipping trajectory update...
No connection to Python. Skipping trajectory update...
No connection to Python. Skipping trajectory update...
No connection to Python. Skipping trajectory update...
No connection to Python. Skipping trajectory update...
No connection to Python. Skipping trajectory update...
No connection to Python. Skipping trajectory update...
No connection to Python. Skipping trajectory update...
No connection to Python. Skipping trajectory update...
No connection to Python. Skipping trajectory update...
No connection to Python. Skipping trajectory update...
No connection to Python. Skipping trajectory update...
No connection to Python. Skipping trajectory update...
No connection to Python. Skipping trajectory update...
No connection to Python. Skipping trajectory update...
No connection to Python. Skipping trajectory update...
No connection to Python. Skipping trajectory update...
No connection to Python. Skipping trajectory update...
No connection to Python. Skipping trajectory update...
No connection to Python. Skipping trajectory update...
No connection to Python. Skipping trajectory update...
No connection to Python. Skipping trajectory update...
No connection to Python. Skipping trajectory update...
No connection to Python. Skipping trajectory update...
No connection to Python. Skipping trajectory update...
No connection to Python. Skipping trajectory update...
No connection to Python. Skipping trajectory update...
No connection to Python. Skipping trajectory update...
No connection to Python. Skipping trajectory update...
No connection to Python. Skipping trajectory update...
No connection to Python. Skipping trajectory update...
No connection to Python. Skipping trajectory update...
No connection to Python. Skipping trajectory update...
No connection to Python. Skipping trajectory update...
No connection to Python. Skipping trajectory update...
No connection to Python. Skipping trajectory update...
No connection to Python. Skipping trajectory update...
No connection to Python. Skipping trajectory update...
No connection to Python. Skipping trajectory update...
No connection to Python. Skipping trajectory update...
No connection to Python. Skipping trajectory update...
No connection to Python. Skipping trajectory update...
No connection to Python. Skipping trajectory update...
No connection to Python. Skipping trajectory update...
No connection to Python. Skipping trajectory update...
No connection to Python. Skipping trajectory update...
No connection to Python. Skipping trajectory update...
No connection to Python. Skipping trajectory update...
No connection to Python. Skipping trajectory update...
No connection to Python. Skipping trajectory update...
No connection to Python. Skipping trajectory update...
No connection to Python. Skipping trajectory update...
No connection to Python. Skipping trajectory update...
No connection to Python. Skipping trajectory update...
No connection to Python. Skipping trajectory update...
No connection to Python. Skipping trajectory update...
No connection to Python. Skipping trajectory update...
No connection to Python. Skipping trajectory update...
No connection to Python. Skipping trajectory update...
No connection to Python. Skipping trajectory update...
No connection to Python. Skipping trajectory update...
No connection to Python. Skipping trajectory update...
No connection to Python. Skipping trajectory update...
No connection to Python. Skipping trajectory update...
No connection to Python. Skipping trajectory update...
No connection to Python. Skipping trajectory update...
No connection to Python. Skipping trajectory update...
No connection to Python. Skipping trajectory update...
No connection to Python. Skipping trajectory update...
No connection to Python. Skipping trajectory update...
No connection to Python. Skipping trajectory update...
No connection to Python. Skipping trajectory update...
No connection to Python. Skipping trajectory update...
No connection to Python. Skipping trajectory update...
No connection to Python. Skipping trajectory update...
No connection to Python. Skipping trajectory update...
No connection to Python. Skipping trajectory update...
No connection to Python. Skipping trajectory update...
No connection to Python. Skipping trajectory update...
No connection to Python. Skipping trajectory update...
No connection to Python. Skipping trajectory update...
No connection to Python. Skipping trajectory update...
No connection to Python. Skipping trajectory update...
No connection to Python. Skipping trajectory update...
No connection to Python. Skipping trajectory update...
No connection to Python. Skipping trajectory update...
No connection to Python. Skipping trajectory update...
No connection to Python. Skipping trajectory update...
No connection to Python. Skipping trajectory update...
No connection to Python. Skipping trajectory update...
No connection to Python. Skipping trajectory update...
No connection to Python. Skipping trajectory update...
No connection to Python. Skipping trajectory update...
No connection to Python. Skipping trajectory update...
No connection to Python. Skipping trajectory update...
No connection to Python. Skipping trajectory update...
No connection to Python. Skipping trajectory update...
No connection to Python. Skipping trajectory update...
No connection to Python. Skipping trajectory update...
[METRIC_EPOCH] Epoch:1, Generated:100, Scheduled:14, Dropped:86, RuntimeMs:147.2061, UavUtil:0.2333, CapUtil:0.0031, RepairQ:0, Invalid:0, Reassigned:0
No connection to Python. Skipping trajectory update...
No connection to Python. Skipping trajectory update...
No connection to Python. Skipping trajectory update...
No connection to Python. Skipping trajectory update...
No connection to Python. Skipping trajectory update...
No connection to Python. Skipping trajectory update...
No connection to Python. Skipping trajectory update...
No connection to Python. Skipping trajectory update...
No connection to Python. Skipping trajectory update...
No connection to Python. Skipping trajectory update...
No connection to Python. Skipping trajectory update...
No connection to Python. Skipping trajectory update...
No connection to Python. Skipping trajectory update...
No connection to Python. Skipping trajectory update...
No connection to Python. Skipping trajectory update...
No connection to Python. Skipping trajectory update...
No connection to Python. Skipping trajectory update...
No connection to Python. Skipping trajectory update...
No connection to Python. Skipping trajectory update...
No connection to Python. Skipping trajectory update...
No connection to Python. Skipping trajectory update...
No connection to Python. Skipping trajectory update...
No connection to Python. Skipping trajectory update...
No connection to Python. Skipping trajectory update...
No connection to Python. Skipping trajectory update...
No connection to Python. Skipping trajectory update...
No connection to Python. Skipping trajectory update...
No connection to Python. Skipping trajectory update...
No connection to Python. Skipping trajectory update...
No connection to Python. Skipping trajectory update...
No connection to Python. Skipping trajectory update...
No connection to Python. Skipping trajectory update...
No connection to Python. Skipping trajectory update...
No connection to Python. Skipping trajectory update...
No connection to Python. Skipping trajectory update...
No connection to Python. Skipping trajectory update...
No connection to Python. Skipping trajectory update...
No connection to Python. Skipping trajectory update...
No connection to Python. Skipping trajectory update...
No connection to Python. Skipping trajectory update...
No connection to Python. Skipping trajectory update...
No connection to Python. Skipping trajectory update...
No connection to Python. Skipping trajectory update...
No connection to Python. Skipping trajectory update...
No connection to Python. Skipping trajectory update...
No connection to Python. Skipping trajectory update...
No connection to Python. Skipping trajectory update...
No connection to Python. Skipping trajectory update...
No connection to Python. Skipping trajectory update...
No connection to Python. Skipping trajectory update...
No connection to Python. Skipping trajectory update...
No connection to Python. Skipping trajectory update...
No connection to Python. Skipping trajectory update...
No connection to Python. Skipping trajectory update...
No connection to Python. Skipping trajectory update...
No connection to Python. Skipping trajectory update...
