========== Starting FANET Simulation with MOGS Scheduler / PPO Trajectory ==========
Initialising...
Dynamically spawning 30 UAVs...
Attempting to connect to Python TF-PPO Server on port 5500...
SUCCESS: Connected to Python Server!
Attempting to connect to MARL Allocation Server on port 5501...
SUCCESS: Connected to MARL Allocation Server!
Scheduling simulation termination at 5000.0 ms.
0.0 Submitted application fanet_app
[METRIC_EPOCH] Epoch:1, Generated:100, Scheduled:19, Dropped:81, RuntimeMs:8.9043, UavUtil:0.2667, CapUtil:0.0042, RepairQ:0, Invalid:0, Reassigned:0
[METRIC_EPOCH] Epoch:2, Generated:100, Scheduled:15, Dropped:85, RuntimeMs:0.9600, UavUtil:0.3667, CapUtil:0.0076, RepairQ:0, Invalid:0, Reassigned:0
[METRIC_EPOCH] Epoch:3, Generated:100, Scheduled:15, Dropped:85, RuntimeMs:0.9960, UavUtil:0.4000, CapUtil:0.0109, RepairQ:0, Invalid:0, Reassigned:0
[METRIC_EPOCH] Epoch:4, Generated:100, Scheduled:20, Dropped:80, RuntimeMs:1.0131, UavUtil:0.4000, CapUtil:0.0153, RepairQ:0, Invalid:0, Reassigned:0
[METRIC_EPOCH] Epoch:5, Generated:100, Scheduled:22, Dropped:78, RuntimeMs:7.6000, UavUtil:0.4000, CapUtil:0.0202, RepairQ:0, Invalid:0, Reassigned:0
Disconnected from Python PPO Server.
Disconnected from MARL Allocation Server.

========== FINAL UAV BENCHMARK DASHBOARD ==========
UAV ID          | Tasks Completed | Data Processed (MB)  | Avg Latency (ms) | Energy Consumed (J) | Tasks Offloaded
----------------------------------------------------------------------------------------------------------------------
uav_0           | 0               | 0.0000               | 0.00             | 450658.1450         | 0              
uav_1           | 0               | 0.0000               | 0.00             | 441361.4839         | 0              
uav_2           | 0               | 0.0000               | 0.00             | 435445.4268         | 0              
uav_3           | 0               | 0.0000               | 0.00             | 431349.6950         | 0              
uav_4           | 0               | 0.0000               | 0.00             | 428346.1583         | 0              
uav_5           | 0               | 0.0000               | 0.00             | 426049.3362         | 0              
uav_6           | 61              | 29.0871              | 453.61           | 414025.0003         | 0              
uav_7           | 0               | 0.0000               | 0.00             | 422768.1617         | 0              
uav_8           | 0               | 0.0000               | 0.00             | 421555.5537         | 0              
uav_9           | 15              | 7.1526               | 554.86           | 414368.2741         | 0              
uav_10          | 0               | 0.0000               | 0.00             | 419669.2746         | 0              
uav_11          | 15              | 7.1526               | 519.45           | 481162.7964         | 0              
uav_12          | 0               | 0.0000               | 0.00             | 477752.3317         | 0              
uav_13          | 0               | 0.0000               | 0.00             | 417697.2556         | 0              
uav_14          | 0               | 0.0000               | 0.00             | 417190.1650         | 0              
uav_15          | 0               | 0.0000               | 0.00             | 498572.9913         | 0              
uav_16          | 0               | 0.0000               | 0.00             | 498471.2146         | 0              
uav_17          | 0               | 0.0000               | 0.00             | 415965.7267         | 0              
uav_18          | 0               | 0.0000               | 0.00             | 476572.1904         | 0              
uav_19          | 0               | 0.0000               | 0.00             | 415330.8328         | 0              
uav_20          | 0               | 0.0000               | 0.00             | 498150.7263         | 0              
uav_21          | 0               | 0.0000               | 0.00             | 414799.5950         | 0              
uav_22          | 0               | 0.0000               | 0.00             | 414565.2254         | 0              
uav_23          | 0               | 0.0000               | 0.00             | 497973.8530         | 0              
uav_24          | 0               | 0.0000               | 0.00             | 414147.6214         | 0              
uav_25          | 0               | 0.0000               | 0.00             | 413960.7985         | 0              
uav_26          | 0               | 0.0000               | 0.00             | 497832.9540         | 0              
uav_27          | 0               | 0.0000               | 0.00             | 497792.1471         | 0              
uav_28          | 0               | 0.0000               | 0.00             | 452891.9198         | 0              
uav_29          | 0               | 0.0000               | 0.00             | 413328.4750         | 0              
----------------------------------------------------------------------------------------------------------------------
System Total Tasks Completed: 91  |  System Total Throughput: 43.3922 MB  |  Average System Latency: 481.15 ms
===================================================

========== SCHEDULING ALGORITHM METRICS ==========
Total Tasks Successfully Scheduled : 91
Total Tasks Dropped              : 409
Scheduling Success Rate          : 18.20%
Average Scheduling Overhead      : 3.8947 ms per batch
System Total Offloaded Tasks     : 0
===================================================


               UAV Task Scheduling Benchmark Results               
╭──────────────────────────┬─────────────────────╮
│ Metric                   │ Value               │
├──────────────────────────┼─────────────────────┤
│ Average Throughput       │ 0.1820              │
│ Average Runtime (sec)    │ 0.003895            │
│ Average UAV Utilization  │ 0.3667              │
│ Average Capacity Util    │ 0.0116              │
│ Average Completed Tasks  │ 18.20               │
│ Average Failed Tasks     │ 81.80               │
│ Average Unassigned Tasks │ 81.80               │
╰──────────────────────────┴─────────────────────╯

========== FANET Simulation Finished ==========
