========== Starting FANET Simulation with MOGS Scheduler / PPO Trajectory ==========
Initialising...
Dynamically spawning 30 UAVs...
Attempting to connect to Python TF-PPO Server on port 5500...
SUCCESS: Connected to Python Server!
Attempting to connect to MARL Allocation Server on port 5501...
SUCCESS: Connected to MARL Allocation Server!
Scheduling simulation termination at 5000.0 ms.
0.0 Submitted application fanet_app
[METRIC_EPOCH] Epoch:1, Generated:100, Scheduled:13, Dropped:87, RuntimeMs:2.6084, UavUtil:0.2667, CapUtil:0.0029, RepairQ:0, Invalid:0, Reassigned:0
[METRIC_EPOCH] Epoch:2, Generated:100, Scheduled:17, Dropped:83, RuntimeMs:1.0254, UavUtil:0.4000, CapUtil:0.0067, RepairQ:0, Invalid:0, Reassigned:0
[METRIC_EPOCH] Epoch:3, Generated:100, Scheduled:13, Dropped:87, RuntimeMs:1.0209, UavUtil:0.4667, CapUtil:0.0096, RepairQ:0, Invalid:0, Reassigned:0
[METRIC_EPOCH] Epoch:4, Generated:100, Scheduled:21, Dropped:79, RuntimeMs:0.8872, UavUtil:0.5000, CapUtil:0.0142, RepairQ:0, Invalid:0, Reassigned:0
Disconnected from Python PPO Server.
Disconnected from MARL Allocation Server.

========== FINAL UAV BENCHMARK DASHBOARD ==========
UAV ID          | Tasks Completed | Data Processed (MB)  | Avg Latency (ms) | Energy Consumed (J) | Tasks Offloaded
----------------------------------------------------------------------------------------------------------------------
uav_0           | 13              | 6.1989               | 590.11           | 483328.7656         | 0              
uav_1           | 13              | 6.1989               | 638.05           | 451325.9684         | 0              
uav_2           | 0               | 0.0000               | 0.00             | 435445.4268         | 0              
uav_3           | 0               | 0.0000               | 0.00             | 431349.6950         | 0              
uav_4           | 0               | 0.0000               | 0.00             | 428346.1583         | 0              
uav_5           | 38              | 18.1198              | 466.94           | 461266.2120         | 0              
uav_6           | 0               | 0.0000               | 0.00             | 434576.4183         | 0              
uav_7           | 0               | 0.0000               | 0.00             | 422768.1617         | 0              
uav_8           | 0               | 0.0000               | 0.00             | 421555.5537         | 0              
uav_9           | 0               | 0.0000               | 0.00             | 471625.6711         | 0              
uav_10          | 0               | 0.0000               | 0.00             | 419669.2746         | 0              
uav_11          | 0               | 0.0000               | 0.00             | 418921.2674         | 0              
uav_12          | 0               | 0.0000               | 0.00             | 418269.7773         | 0              
uav_13          | 0               | 0.0000               | 0.00             | 494274.6987         | 0              
uav_14          | 0               | 0.0000               | 0.00             | 417190.1650         | 0              
uav_15          | 0               | 0.0000               | 0.00             | 416737.8950         | 0              
uav_16          | 0               | 0.0000               | 0.00             | 416332.0117         | 0              
uav_17          | 0               | 0.0000               | 0.00             | 415965.7267         | 0              
uav_18          | 0               | 0.0000               | 0.00             | 446469.8775         | 0              
uav_19          | 0               | 0.0000               | 0.00             | 415330.8328         | 0              
uav_20          | 0               | 0.0000               | 0.00             | 493501.0509         | 0              
uav_21          | 0               | 0.0000               | 0.00             | 493426.6183         | 0              
uav_22          | 0               | 0.0000               | 0.00             | 414565.2254         | 0              
uav_23          | 0               | 0.0000               | 0.00             | 414348.5441         | 0              
uav_24          | 0               | 0.0000               | 0.00             | 445399.2887         | 0              
uav_25          | 0               | 0.0000               | 0.00             | 468236.3266         | 0              
uav_26          | 0               | 0.0000               | 0.00             | 468146.5664         | 0              
uav_27          | 0               | 0.0000               | 0.00             | 468062.6922         | 0              
uav_28          | 0               | 0.0000               | 0.00             | 493037.9148         | 0              
uav_29          | 0               | 0.0000               | 0.00             | 492996.0545         | 0              
----------------------------------------------------------------------------------------------------------------------
System Total Tasks Completed: 64  |  System Total Throughput: 30.5176 MB  |  Average System Latency: 526.72 ms
===================================================

========== SCHEDULING ALGORITHM METRICS ==========
Total Tasks Successfully Scheduled : 64
Total Tasks Dropped              : 336
Scheduling Success Rate          : 16.00%
Average Scheduling Overhead      : 1.3855 ms per batch
System Total Offloaded Tasks     : 0
===================================================


               UAV Task Scheduling Benchmark Results               
╭──────────────────────────┬─────────────────────╮
│ Metric                   │ Value               │
├──────────────────────────┼─────────────────────┤
│ Average Throughput       │ 0.1600              │
│ Average Runtime (sec)    │ 0.001385            │
│ Average UAV Utilization  │ 0.4083              │
│ Average Capacity Util    │ 0.0083              │
│ Average Completed Tasks  │ 16.00               │
│ Average Failed Tasks     │ 84.00               │
│ Average Unassigned Tasks │ 84.00               │
╰──────────────────────────┴─────────────────────╯

========== FANET Simulation Finished ==========
