========== Starting FANET Simulation with MOGS Scheduler / PPO Trajectory ==========
Initialising...
Dynamically spawning 30 UAVs...
Attempting to connect to Python TF-PPO Server on port 5500...
SUCCESS: Connected to Python Server!
Attempting to connect to MARL Allocation Server on port 5501...
SUCCESS: Connected to MARL Allocation Server!
Scheduling simulation termination at 5000.0 ms.
0.0 Submitted application fanet_app
[METRIC_EPOCH] Epoch:1, Generated:100, Scheduled:7, Dropped:93, RuntimeMs:2.8781, UavUtil:0.1667, CapUtil:0.0016, RepairQ:0, Invalid:0, Reassigned:0
[METRIC_EPOCH] Epoch:2, Generated:100, Scheduled:4, Dropped:96, RuntimeMs:0.9406, UavUtil:0.1667, CapUtil:0.0024, RepairQ:0, Invalid:0, Reassigned:0
[METRIC_EPOCH] Epoch:3, Generated:100, Scheduled:11, Dropped:89, RuntimeMs:0.9826, UavUtil:0.2333, CapUtil:0.0049, RepairQ:0, Invalid:0, Reassigned:0
[METRIC_EPOCH] Epoch:4, Generated:100, Scheduled:16, Dropped:84, RuntimeMs:1.4226, UavUtil:0.2667, CapUtil:0.0084, RepairQ:0, Invalid:0, Reassigned:0
Disconnected from Python PPO Server.
Disconnected from MARL Allocation Server.

========== FINAL UAV BENCHMARK DASHBOARD ==========
UAV ID          | Tasks Completed | Data Processed (MB)  | Avg Latency (ms) | Energy Consumed (J) | Tasks Offloaded
----------------------------------------------------------------------------------------------------------------------
uav_0           | 0               | 0.0000               | 0.00             | 450658.1450         | 0              
uav_1           | 0               | 0.0000               | 0.00             | 441361.4839         | 0              
uav_2           | 0               | 0.0000               | 0.00             | 435445.4268         | 0              
uav_3           | 0               | 0.0000               | 0.00             | 431349.6950         | 0              
uav_4           | 0               | 0.0000               | 0.00             | 428346.1583         | 0              
uav_5           | 0               | 0.0000               | 0.00             | 426049.3362         | 0              
uav_6           | 7               | 3.3379               | 294.54           | 471576.9089         | 0              
uav_7           | 0               | 0.0000               | 0.00             | 422768.1617         | 0              
uav_8           | 0               | 0.0000               | 0.00             | 421555.5537         | 0              
uav_9           | 0               | 0.0000               | 0.00             | 420536.9630         | 0              
uav_10          | 16              | 7.6294               | 556.28           | 490815.3021         | 0              
uav_11          | 0               | 0.0000               | 0.00             | 418921.2674         | 0              
uav_12          | 15              | 7.1526               | 649.15           | 443333.7378         | 0              
uav_13          | 0               | 0.0000               | 0.00             | 417697.2556         | 0              
uav_14          | 0               | 0.0000               | 0.00             | 417190.1650         | 0              
uav_15          | 0               | 0.0000               | 0.00             | 416737.8950         | 0              
uav_16          | 0               | 0.0000               | 0.00             | 445443.1863         | 0              
uav_17          | 0               | 0.0000               | 0.00             | 415965.7267         | 0              
uav_18          | 0               | 0.0000               | 0.00             | 415633.5148         | 0              
uav_19          | 0               | 0.0000               | 0.00             | 494774.4281         | 0              
uav_20          | 0               | 0.0000               | 0.00             | 494696.3638         | 0              
uav_21          | 0               | 0.0000               | 0.00             | 414799.5950         | 0              
uav_22          | 0               | 0.0000               | 0.00             | 414565.2254         | 0              
uav_23          | 0               | 0.0000               | 0.00             | 419514.2282         | 0              
uav_24          | 0               | 0.0000               | 0.00             | 414147.6214         | 0              
uav_25          | 0               | 0.0000               | 0.00             | 413960.7985         | 0              
uav_26          | 0               | 0.0000               | 0.00             | 413786.6416         | 0              
uav_27          | 0               | 0.0000               | 0.00             | 413623.9048         | 0              
uav_28          | 0               | 0.0000               | 0.00             | 413471.5006         | 0              
uav_29          | 0               | 0.0000               | 0.00             | 443237.2161         | 0              
----------------------------------------------------------------------------------------------------------------------
System Total Tasks Completed: 38  |  System Total Throughput: 18.1198 MB  |  Average System Latency: 544.72 ms
===================================================

========== SCHEDULING ALGORITHM METRICS ==========
Total Tasks Successfully Scheduled : 38
Total Tasks Dropped              : 362
Scheduling Success Rate          : 9.50%
Average Scheduling Overhead      : 1.5560 ms per batch
System Total Offloaded Tasks     : 0
===================================================


               UAV Task Scheduling Benchmark Results               
╭──────────────────────────┬─────────────────────╮
│ Metric                   │ Value               │
├──────────────────────────┼─────────────────────┤
│ Average Throughput       │ 0.0950              │
│ Average Runtime (sec)    │ 0.001556            │
│ Average UAV Utilization  │ 0.2083              │
│ Average Capacity Util    │ 0.0043              │
│ Average Completed Tasks  │ 9.50                │
│ Average Failed Tasks     │ 90.50               │
│ Average Unassigned Tasks │ 90.50               │
╰──────────────────────────┴─────────────────────╯

========== FANET Simulation Finished ==========
