========== Starting FANET Simulation with MOGS Scheduler / PPO Trajectory ==========
Initialising...
Dynamically spawning 30 UAVs...
Attempting to connect to Python TF-PPO Server on port 5500...
SUCCESS: Connected to Python Server!
Attempting to connect to MARL Allocation Server on port 5501...
SUCCESS: Connected to MARL Allocation Server!
Scheduling simulation termination at 5000.0 ms.
0.0 Submitted application fanet_app
[METRIC_EPOCH] Epoch:1, Generated:100, Scheduled:20, Dropped:80, RuntimeMs:4.1452, UavUtil:0.2667, CapUtil:0.0044, RepairQ:0, Invalid:0, Reassigned:0
[METRIC_EPOCH] Epoch:2, Generated:100, Scheduled:28, Dropped:72, RuntimeMs:1.2318, UavUtil:0.4667, CapUtil:0.0107, RepairQ:0, Invalid:0, Reassigned:0
[METRIC_EPOCH] Epoch:3, Generated:100, Scheduled:23, Dropped:77, RuntimeMs:1.0914, UavUtil:0.5333, CapUtil:0.0158, RepairQ:0, Invalid:0, Reassigned:0
[METRIC_EPOCH] Epoch:4, Generated:100, Scheduled:20, Dropped:80, RuntimeMs:1.0963, UavUtil:0.5333, CapUtil:0.0202, RepairQ:0, Invalid:0, Reassigned:0
Disconnected from Python PPO Server.
Disconnected from MARL Allocation Server.

========== FINAL UAV BENCHMARK DASHBOARD ==========
UAV ID          | Tasks Completed | Data Processed (MB)  | Avg Latency (ms) | Energy Consumed (J) | Tasks Offloaded
----------------------------------------------------------------------------------------------------------------------
uav_0           | 71              | 33.8554              | 482.30           | 430662.7673         | 0              
uav_1           | 0               | 0.0000               | 0.00             | 468005.4739         | 0              
uav_2           | 0               | 0.0000               | 0.00             | 435445.4268         | 0              
uav_3           | 0               | 0.0000               | 0.00             | 431349.6950         | 0              
uav_4           | 0               | 0.0000               | 0.00             | 428346.1583         | 0              
uav_5           | 20              | 9.5367               | 582.53           | 423432.8342         | 0              
uav_6           | 0               | 0.0000               | 0.00             | 424236.0555         | 0              
uav_7           | 0               | 0.0000               | 0.00             | 493907.3755         | 0              
uav_8           | 0               | 0.0000               | 0.00             | 421555.5537         | 0              
uav_9           | 0               | 0.0000               | 0.00             | 472741.1919         | 0              
uav_10          | 0               | 0.0000               | 0.00             | 419669.2746         | 0              
uav_11          | 0               | 0.0000               | 0.00             | 492712.4556         | 0              
uav_12          | 0               | 0.0000               | 0.00             | 492510.0902         | 0              
uav_13          | 0               | 0.0000               | 0.00             | 492332.2539         | 0              
uav_14          | 0               | 0.0000               | 0.00             | 492174.7417         | 0              
uav_15          | 0               | 0.0000               | 0.00             | 451136.8925         | 0              
uav_16          | 0               | 0.0000               | 0.00             | 416332.0117         | 0              
uav_17          | 0               | 0.0000               | 0.00             | 470433.5536         | 0              
uav_18          | 0               | 0.0000               | 0.00             | 491691.2160         | 0              
uav_19          | 0               | 0.0000               | 0.00             | 491597.1971         | 0              
uav_20          | 0               | 0.0000               | 0.00             | 415053.9110         | 0              
uav_21          | 0               | 0.0000               | 0.00             | 414799.5950         | 0              
uav_22          | 0               | 0.0000               | 0.00             | 414565.2254         | 0              
uav_23          | 0               | 0.0000               | 0.00             | 414348.5441         | 0              
uav_24          | 0               | 0.0000               | 0.00             | 414147.6214         | 0              
uav_25          | 0               | 0.0000               | 0.00             | 469421.4315         | 0              
uav_26          | 0               | 0.0000               | 0.00             | 413786.6416         | 0              
uav_27          | 0               | 0.0000               | 0.00             | 469251.3618         | 0              
uav_28          | 0               | 0.0000               | 0.00             | 413471.5006         | 0              
uav_29          | 0               | 0.0000               | 0.00             | 469102.2238         | 0              
----------------------------------------------------------------------------------------------------------------------
System Total Tasks Completed: 91  |  System Total Throughput: 43.3922 MB  |  Average System Latency: 504.33 ms
===================================================

========== SCHEDULING ALGORITHM METRICS ==========
Total Tasks Successfully Scheduled : 91
Total Tasks Dropped              : 309
Scheduling Success Rate          : 22.75%
Average Scheduling Overhead      : 1.8912 ms per batch
System Total Offloaded Tasks     : 0
===================================================


               UAV Task Scheduling Benchmark Results               
╭──────────────────────────┬─────────────────────╮
│ Metric                   │ Value               │
├──────────────────────────┼─────────────────────┤
│ Average Throughput       │ 0.2275              │
│ Average Runtime (sec)    │ 0.001891            │
│ Average UAV Utilization  │ 0.4500              │
│ Average Capacity Util    │ 0.0128              │
│ Average Completed Tasks  │ 22.75               │
│ Average Failed Tasks     │ 77.25               │
│ Average Unassigned Tasks │ 77.25               │
╰──────────────────────────┴─────────────────────╯

========== FANET Simulation Finished ==========
