========== Starting FANET Simulation with MOGS Scheduler / PPO Trajectory ==========
Initialising...
Dynamically spawning 30 UAVs...
Attempting to connect to Python TF-PPO Server on port 5500...
FAILED: Could not connect to Python Server.
Attempting to connect to MARL Allocation Server on port 5501...
FAILED: Could not connect to MARL Allocation Server.
Scheduling simulation termination at 5000.0 ms.
0.0 Submitted application fanet_app
No connection to Python. Skipping trajectory update...
No connection to Python. Skipping trajectory update...
No connection to Python. Skipping trajectory update...
No connection to Python. Skipping trajectory update...
No connection to Python. Skipping trajectory update...
No connection to Python. Skipping trajectory update...
No connection to Python. Skipping trajectory update...
No connection to Python. Skipping trajectory update...
No connection to Python. Skipping trajectory update...
No connection to Python. Skipping trajectory update...
No connection to Python. Skipping trajectory update...
No connection to Python. Skipping trajectory update...
No connection to Python. Skipping trajectory update...
No connection to Python. Skipping trajectory update...
No connection to Python. Skipping trajectory update...
No connection to Python. Skipping trajectory update...
No connection to Python. Skipping trajectory update...
No connection to Python. Skipping trajectory update...
No connection to Python. Skipping trajectory update...
No connection to Python. Skipping trajectory update...
No connection to Python. Skipping trajectory update...
No connection to Python. Skipping trajectory update...
No connection to Python. Skipping trajectory update...
No connection to Python. Skipping trajectory update...
No connection to Python. Skipping trajectory update...
No connection to Python. Skipping trajectory update...
No connection to Python. Skipping trajectory update...
No connection to Python. Skipping trajectory update...
No connection to Python. Skipping trajectory update...
No connection to Python. Skipping trajectory update...
No connection to Python. Skipping trajectory update...
No connection to Python. Skipping trajectory update...
No connection to Python. Skipping trajectory update...
No connection to Python. Skipping trajectory update...
No connection to Python. Skipping trajectory update...
No connection to Python. Skipping trajectory update...
No connection to Python. Skipping trajectory update...
No connection to Python. Skipping trajectory update...
No connection to Python. Skipping trajectory update...
No connection to Python. Skipping trajectory update...
No connection to Python. Skipping trajectory update...
No connection to Python. Skipping trajectory update...
No connection to Python. Skipping trajectory update...
No connection to Python. Skipping trajectory update...
No connection to Python. Skipping trajectory update...
No connection to Python. Skipping trajectory update...
No connection to Python. Skipping trajectory update...
No connection to Python. Skipping trajectory update...
No connection to Python. Skipping trajectory update...
No connection to Python. Skipping trajectory update...
No connection to Python. Skipping trajectory update...
No connection to Python. Skipping trajectory update...
No connection to Python. Skipping trajectory update...
No connection to Python. Skipping trajectory update...
No connection to Python. Skipping trajectory update...
No connection to Python. Skipping trajectory update...
No connection to Python. Skipping trajectory update...
No connection to Python. Skipping trajectory update...
No connection to Python. Skipping trajectory update...
No connection to Python. Skipping trajectory update...
No connection to Python. Skipping trajectory update...
No connection to Python. Skipping trajectory update...
No connection to Python. Skipping trajectory update...
No connection to Python. Skipping trajectory update...
No connection to Python. Skipping trajectory update...
No connection to Python. Skipping trajectory update...
No connection to Python. Skipping trajectory update...
No connection to Python. Skipping trajectory update...
No connection to Python. Skipping trajectory update...
No connection to Python. Skipping trajectory update...
No connection to Python. Skipping trajectory update...
No connection to Python. Skipping trajectory update...
No connection to Python. Skipping trajectory update...
No connection to Python. Skipping trajectory update...
No connection to Python. Skipping trajectory update...
No connection to Python. Skipping trajectory update...
No connection to Python. Skipping trajectory update...
No connection to Python. Skipping trajectory update...
No connection to Python. Skipping trajectory update...
No connection to Python. Skipping trajectory update...
No connection to Python. Skipping trajectory update...
No connection to Python. Skipping trajectory update...
No connection to Python. Skipping trajectory update...
No connection to Python. Skipping trajectory update...
No connection to Python. Skipping trajectory update...
No connection to Python. Skipping trajectory update...
No connection to Python. Skipping trajectory update...
No connection to Python. Skipping trajectory update...
No connection to Python. Skipping trajectory update...
No connection to Python. Skipping trajectory update...
No connection to Python. Skipping trajectory update...
No connection to Python. Skipping trajectory update...
No connection to Python. Skipping trajectory update...
No connection to Python. Skipping trajectory update...
No connection to Python. Skipping trajectory update...
No connection to Python. Skipping trajectory update...
No connection to Python. Skipping trajectory update...
No connection to Python. Skipping trajectory update...
No connection to Python. Skipping trajectory update...
No connection to Python. Skipping trajectory update...
No connection to Python. Skipping trajectory update...
No connection to Python. Skipping trajectory update...
No connection to Python. Skipping trajectory update...
No connection to Python. Skipping trajectory update...
No connection to Python. Skipping trajectory update...
No connection to Python. Skipping trajectory update...
No connection to Python. Skipping trajectory update...
No connection to Python. Skipping trajectory update...
No connection to Python. Skipping trajectory update...
No connection to Python. Skipping trajectory update...
No connection to Python. Skipping trajectory update...
No connection to Python. Skipping trajectory update...
No connection to Python. Skipping trajectory update...
No connection to Python. Skipping trajectory update...
No connection to Python. Skipping trajectory update...
No connection to Python. Skipping trajectory update...
No connection to Python. Skipping trajectory update...
No connection to Python. Skipping trajectory update...
No connection to Python. Skipping trajectory update...
No connection to Python. Skipping trajectory update...
No connection to Python. Skipping trajectory update...
No connection to Python. Skipping trajectory update...
No connection to Python. Skipping trajectory update...
No connection to Python. Skipping trajectory update...
No connection to Python. Skipping trajectory update...
No connection to Python. Skipping trajectory update...
No connection to Python. Skipping trajectory update...
No connection to Python. Skipping trajectory update...
No connection to Python. Skipping trajectory update...
No connection to Python. Skipping trajectory update...
No connection to Python. Skipping trajectory update...
No connection to Python. Skipping trajectory update...
No connection to Python. Skipping trajectory update...
No connection to Python. Skipping trajectory update...
No connection to Python. Skipping trajectory update...
No connection to Python. Skipping trajectory update...
No connection to Python. Skipping trajectory update...
No connection to Python. Skipping trajectory update...
No connection to Python. Skipping trajectory update...
No connection to Python. Skipping trajectory update...
No connection to Python. Skipping trajectory update...
No connection to Python. Skipping trajectory update...
No connection to Python. Skipping trajectory update...
No connection to Python. Skipping trajectory update...
No connection to Python. Skipping trajectory update...
No connection to Python. Skipping trajectory update...
No connection to Python. Skipping trajectory update...
No connection to Python. Skipping trajectory update...
No connection to Python. Skipping trajectory update...
No connection to Python. Skipping trajectory update...
No connection to Python. Skipping trajectory update...
No connection to Python. Skipping trajectory update...
No connection to Python. Skipping trajectory update...
No connection to Python. Skipping trajectory update...
No connection to Python. Skipping trajectory update...
No connection to Python. Skipping trajectory update...
[METRIC_EPOCH] Epoch:1, Generated:100, Scheduled:13, Dropped:87, RuntimeMs:6.4530, UavUtil:0.1667, CapUtil:0.0029, RepairQ:0, Invalid:0, Reassigned:0
No connection to Python. Skipping trajectory update...
No connection to Python. Skipping trajectory update...
No connection to Python. Skipping trajectory update...
No connection to Python. Skipping trajectory update...
No connection to Python. Skipping trajectory update...
No connection to Python. Skipping trajectory update...
No connection to Python. Skipping trajectory update...
No connection to Python. Skipping trajectory update...
No connection to Python. Skipping trajectory update...
No connection to Python. Skipping trajectory update...
No connection to Python. Skipping trajectory update...
No connection to Python. Skipping trajectory update...
No connection to Python. Skipping trajectory update...
No connection to Python. Skipping trajectory update...
No connection to Python. Skipping trajectory update...
No connection to Python. Skipping trajectory update...
No connection to Python. Skipping trajectory update...
No connection to Python. Skipping trajectory update...
No connection to Python. Skipping trajectory update...
No connection to Python. Skipping trajectory update...
No connection to Python. Skipping trajectory update...
No connection to Python. Skipping trajectory update...
No connection to Python. Skipping trajectory update...
No connection to Python. Skipping trajectory update...
No connection to Python. Skipping trajectory update...
No connection to Python. Skipping trajectory update...
No connection to Python. Skipping trajectory update...
No connection to Python. Skipping trajectory update...
No connection to Python. Skipping trajectory update...
No connection to Python. Skipping trajectory update...
No connection to Python. Skipping trajectory update...
No connection to Python. Skipping trajectory update...
No connection to Python. Skipping trajectory update...
No connection to Python. Skipping trajectory update...
No connection to Python. Skipping trajectory update...
No connection to Python. Skipping trajectory update...
No connection to Python. Skipping trajectory update...
No connection to Python. Skipping trajectory update...
No connection to Python. Skipping trajectory update...
No connection to Python. Skipping trajectory update...
No connection to Python. Skipping trajectory update...
No connection to Python. Skipping trajectory update...
No connection to Python. Skipping trajectory update...
No connection to Python. Skipping trajectory update...
No connection to Python. Skipping trajectory update...
No connection to Python. Skipping trajectory update...
No connection to Python. Skipping trajectory update...
No connection to Python. Skipping trajectory update...
No connection to Python. Skipping trajectory update...
No connection to Python. Skipping trajectory update...
No connection to Python. Skipping trajectory update...
No connection to Python. Skipping trajectory update...
No connection to Python. Skipping trajectory update...
No connection to Python. Skipping trajectory update...
No connection to Python. Skipping trajectory update...
No connection to Python. Skipping trajectory update...
No connection to Python. Skipping trajectory update...
No connection to Python. Skipping trajectory update...
No connection to Python. Skipping trajectory update...
No connection to Python. Skipping trajectory update...
No connection to Python. Skipping trajectory update...
No connection to Python. Skipping trajectory update...
No connection to Python. Skipping trajectory update...
No connection to Python. Skipping trajectory update...
No connection to Python. Skipping trajectory update...
No connection to Python. Skipping trajectory update...
No connection to Python. Skipping trajectory update...
No connection to Python. Skipping trajectory update...
No connection to Python. Skipping trajectory update...
No connection to Python. Skipping trajectory update...
No connection to Python. Skipping trajectory update...
No connection to Python. Skipping trajectory update...
No connection to Python. Skipping trajectory update...
No connection to Python. Skipping trajectory update...
No connection to Python. Skipping trajectory update...
No connection to Python. Skipping trajectory update...
No connection to Python. Skipping trajectory update...
No connection to Python. Skipping trajectory update...
No connection to Python. Skipping trajectory update...
No connection to Python. Skipping trajectory update...
No connection to Python. Skipping trajectory update...
No connection to Python. Skipping trajectory update...
No connection to Python. Skipping trajectory update...
No connection to Python. Skipping trajectory update...
No connection to Python. Skipping trajectory update...
No connection to Python. Skipping trajectory update...
No connection to Python. Skipping trajectory update...
No connection to Python. Skipping trajectory update...
No connection to Python. Skipping trajectory update...
No connection to Python. Skipping trajectory update...
No connection to Python. Skipping trajectory update...
No connection to Python. Skipping trajectory update...
No connection to Python. Skipping trajectory update...
No connection to Python. Skipping trajectory update...
No connection to Python. Skipping trajectory update...
No connection to Python. Skipping trajectory update...
No connection to Python. Skipping trajectory update...
No connection to Python. Skipping trajectory update...
No connection to Python. Skipping trajectory update...
No connection to Python. Skipping trajectory update...
No connection to Python. Skipping trajectory update...
No connection to Python. Skipping trajectory update...
No connection to Python. Skipping trajectory update...
No connection to Python. Skipping trajectory update...
No connection to Python. Skipping trajectory update...
No connection to Python. Skipping trajectory update...
No connection to Python. Skipping trajectory update...
No connection to Python. Skipping trajectory update...
No connection to Python. Skipping trajectory update...
No connection to Python. Skipping trajectory update...
[METRIC_EPOCH] Epoch:2, Generated:100, Scheduled:9, Dropped:91, RuntimeMs:2.0641, UavUtil:0.2333, CapUtil:0.0049, RepairQ:0, Invalid:0, Reassigned:0
No connection to Python. Skipping trajectory update...
No connection to Python. Skipping trajectory update...
No connection to Python. Skipping trajectory update...
No connection to Python. Skipping trajectory update...
No connection to Python. Skipping trajectory update...
No connection to Python. Skipping trajectory update...
No connection to Python. Skipping trajectory update...
No connection to Python. Skipping trajectory update...
No connection to Python. Skipping trajectory update...
No connection to Python. Skipping trajectory update...
No connection to Python. Skipping trajectory update...
No connection to Python. Skipping trajectory update...
No connection to Python. Skipping trajectory update...
No connection to Python. Skipping trajectory update...
No connection to Python. Skipping trajectory update...
No connection to Python. Skipping trajectory update...
No connection to Python. Skipping trajectory update...
No connection to Python. Skipping trajectory update...
No connection to Python. Skipping trajectory update...
No connection to Python. Skipping trajectory update...
No connection to Python. Skipping trajectory update...
No connection to Python. Skipping trajectory update...
No connection to Python. Skipping trajectory update...
No connection to Python. Skipping trajectory update...
No connection to Python. Skipping trajectory update...
No connection to Python. Skipping trajectory update...
No connection to Python. Skipping trajectory update...
No connection to Python. Skipping trajectory update...
No connection to Python. Skipping trajectory update...
No connection to Python. Skipping trajectory update...
No connection to Python. Skipping trajectory update...
No connection to Python. Skipping trajectory update...
No connection to Python. Skipping trajectory update...
No connection to Python. Skipping trajectory update...
No connection to Python. Skipping trajectory update...
No connection to Python. Skipping trajectory update...
No connection to Python. Skipping trajectory update...
No connection to Python. Skipping trajectory update...
No connection to Python. Skipping trajectory update...
No connection to Python. Skipping trajectory update...
No connection to Python. Skipping trajectory update...
No connection to Python. Skipping trajectory update...
No connection to Python. Skipping trajectory update...
No connection to Python. Skipping trajectory update...
No connection to Python. Skipping trajectory update...
No connection to Python. Skipping trajectory update...
No connection to Python. Skipping trajectory update...
No connection to Python. Skipping trajectory update...
No connection to Python. Skipping trajectory update...
No connection to Python. Skipping trajectory update...
No connection to Python. Skipping trajectory update...
No connection to Python. Skipping trajectory update...
No connection to Python. Skipping trajectory update...
No connection to Python. Skipping trajectory update...
No connection to Python. Skipping trajectory update...
No connection to Python. Skipping trajectory update...
No connection to Python. Skipping trajectory update...
No connection to Python. Skipping trajectory update...
No connection to Python. Skipping trajectory update...
No connection to Python. Skipping trajectory update...
No connection to Python. Skipping trajectory update...
No connection to Python. Skipping trajectory update...
No connection to Python. Skipping trajectory update...
No connection to Python. Skipping trajectory update...
No connection to Python. Skipping trajectory update...
No connection to Python. Skipping trajectory update...
No connection to Python. Skipping trajectory update...
No connection to Python. Skipping trajectory update...
No connection to Python. Skipping trajectory update...
No connection to Python. Skipping trajectory update...
No connection to Python. Skipping trajectory update...
No connection to Python. Skipping trajectory update...
No connection to Python. Skipping trajectory update...
No connection to Python. Skipping trajectory update...
No connection to Python. Skipping trajectory update...
No connection to Python. Skipping trajectory update...
No connection to Python. Skipping trajectory update...
No connection to Python. Skipping trajectory update...
DEBUG: P2P Evaluation - targetUav uav_3 queue full. Evaluating peer uav_0 queue size: 0
DEBUG: P2P Evaluation - targetUav uav_3 queue full. Evaluating peer uav_1 queue size: 0
DEBUG: P2P Evaluation - targetUav uav_3 queue full. Evaluating peer uav_0 queue size: 0
DEBUG: P2P Evaluation - targetUav uav_3 queue full. Evaluating peer uav_1 queue size: 1
[METRIC_EPOCH] Epoch:3, Generated:100, Scheduled:13, Dropped:87, RuntimeMs:15.4185, UavUtil:0.3000, CapUtil:0.0078, RepairQ:0, Invalid:0, Reassigned:0
No connection to Python. Skipping trajectory update...
No connection to Python. Skipping trajectory update...
No connection to Python. Skipping trajectory update...
No connection to Python. Skipping trajectory update...
No connection to Python. Skipping trajectory update...
No connection to Python. Skipping trajectory update...
No connection to Python. Skipping trajectory update...
No connection to Python. Skipping trajectory update...
No connection to Python. Skipping trajectory update...
No connection to Python. Skipping trajectory update...
No connection to Python. Skipping trajectory update...
No connection to Python. Skipping trajectory update...
No connection to Python. Skipping trajectory update...
No connection to Python. Skipping trajectory update...
No connection to Python. Skipping trajectory update...
No connection to Python. Skipping trajectory update...
No connection to Python. Skipping trajectory update...
No connection to Python. Skipping trajectory update...
No connection to Python. Skipping trajectory update...
No connection to Python. Skipping trajectory update...
No connection to Python. Skipping trajectory update...
No connection to Python. Skipping trajectory update...
No connection to Python. Skipping trajectory update...
No connection to Python. Skipping trajectory update...
No connection to Python. Skipping trajectory update...
No connection to Python. Skipping trajectory update...
No connection to Python. Skipping trajectory update...
No connection to Python. Skipping trajectory update...
No connection to Python. Skipping trajectory update...
No connection to Python. Skipping trajectory update...
No connection to Python. Skipping trajectory update...
No connection to Python. Skipping trajectory update...
No connection to Python. Skipping trajectory update...
No connection to Python. Skipping trajectory update...
No connection to Python. Skipping trajectory update...
No connection to Python. Skipping trajectory update...
No connection to Python. Skipping trajectory update...
No connection to Python. Skipping trajectory update...
No connection to Python. Skipping trajectory update...
No connection to Python. Skipping trajectory update...
No connection to Python. Skipping trajectory update...
No connection to Python. Skipping trajectory update...
No connection to Python. Skipping trajectory update...
No connection to Python. Skipping trajectory update...
No connection to Python. Skipping trajectory update...
No connection to Python. Skipping trajectory update...
No connection to Python. Skipping trajectory update...
No connection to Python. Skipping trajectory update...
No connection to Python. Skipping trajectory update...
No connection to Python. Skipping trajectory update...
No connection to Python. Skipping trajectory update...
No connection to Python. Skipping trajectory update...
No connection to Python. Skipping trajectory update...
No connection to Python. Skipping trajectory update...
No connection to Python. Skipping trajectory update...
No connection to Python. Skipping trajectory update...
No connection to Python. Skipping trajectory update...
No connection to Python. Skipping trajectory update...
No connection to Python. Skipping trajectory update...
No connection to Python. Skipping trajectory update...
No connection to Python. Skipping trajectory update...
No connection to Python. Skipping trajectory update...
No connection to Python. Skipping trajectory update...
No connection to Python. Skipping trajectory update...
No connection to Python. Skipping trajectory update...
No connection to Python. Skipping trajectory update...
No connection to Python. Skipping trajectory update...
No connection to Python. Skipping trajectory update...
No connection to Python. Skipping trajectory update...
No connection to Python. Skipping trajectory update...
No connection to Python. Skipping trajectory update...
No connection to Python. Skipping trajectory update...
No connection to Python. Skipping trajectory update...
No connection to Python. Skipping trajectory update...
No connection to Python. Skipping trajectory update...
No connection to Python. Skipping trajectory update...
No connection to Python. Skipping trajectory update...
No connection to Python. Skipping trajectory update...
No connection to Python. Skipping trajectory update...
No connection to Python. Skipping trajectory update...
No connection to Python. Skipping trajectory update...
No connection to Python. Skipping trajectory update...
No connection to Python. Skipping trajectory update...
No connection to Python. Skipping trajectory update...
No connection to Python. Skipping trajectory update...
No connection to Python. Skipping trajectory update...
No connection to Python. Skipping trajectory update...
No connection to Python. Skipping trajectory update...
No connection to Python. Skipping trajectory update...
No connection to Python. Skipping trajectory update...
No connection to Python. Skipping trajectory update...
No connection to Python. Skipping trajectory update...
No connection to Python. Skipping trajectory update...
No connection to Python. Skipping trajectory update...
No connection to Python. Skipping trajectory update...
No connection to Python. Skipping trajectory update...
No connection to Python. Skipping trajectory update...
No connection to Python. Skipping trajectory update...
No connection to Python. Skipping trajectory update...
No connection to Python. Skipping trajectory update...
No connection to Python. Skipping trajectory update...
No connection to Python. Skipping trajectory update...
No connection to Python. Skipping trajectory update...
No connection to Python. Skipping trajectory update...
No connection to Python. Skipping trajectory update...
No connection to Python. Skipping trajectory update...
No connection to Python. Skipping trajectory update...
No connection to Python. Skipping trajectory update...
No connection to Python. Skipping trajectory update...
No connection to Python. Skipping trajectory update...
DEBUG: P2P Evaluation - targetUav uav_3 queue full. Evaluating peer uav_0 queue size: 0
DEBUG: P2P Evaluation - targetUav uav_3 queue full. Evaluating peer uav_1 queue size: 2
[METRIC_EPOCH] Epoch:4, Generated:100, Scheduled:11, Dropped:89, RuntimeMs:0.9964, UavUtil:0.3333, CapUtil:0.0102, RepairQ:0, Invalid:0, Reassigned:0
No connection to Python. Skipping trajectory update...
No connection to Python. Skipping trajectory update...
No connection to Python. Skipping trajectory update...
No connection to Python. Skipping trajectory update...
No connection to Python. Skipping trajectory update...
No connection to Python. Skipping trajectory update...
No connection to Python. Skipping trajectory update...
No connection to Python. Skipping trajectory update...
No connection to Python. Skipping trajectory update...
No connection to Python. Skipping trajectory update...
No connection to Python. Skipping trajectory update...
No connection to Python. Skipping trajectory update...
No connection to Python. Skipping trajectory update...
No connection to Python. Skipping trajectory update...
No connection to Python. Skipping trajectory update...
No connection to Python. Skipping trajectory update...
No connection to Python. Skipping trajectory update...
No connection to Python. Skipping trajectory update...
No connection to Python. Skipping trajectory update...
No connection to Python. Skipping trajectory update...
No connection to Python. Skipping trajectory update...
No connection to Python. Skipping trajectory update...
No connection to Python. Skipping trajectory update...
No connection to Python. Skipping trajectory update...
No connection to Python. Skipping trajectory update...
No connection to Python. Skipping trajectory update...
No connection to Python. Skipping trajectory update...
No connection to Python. Skipping trajectory update...
No connection to Python. Skipping trajectory update...
No connection to Python. Skipping trajectory update...
No connection to Python. Skipping trajectory update...
No connection to Python. Skipping trajectory update...
No connection to Python. Skipping trajectory update...
No connection to Python. Skipping trajectory update...
No connection to Python. Skipping trajectory update...
No connection to Python. Skipping trajectory update...
No connection to Python. Skipping trajectory update...
No connection to Python. Skipping trajectory update...
No connection to Python. Skipping trajectory update...
No connection to Python. Skipping trajectory update...
No connection to Python. Skipping trajectory update...
No connection to Python. Skipping trajectory update...
No connection to Python. Skipping trajectory update...
No connection to Python. Skipping trajectory update...
No connection to Python. Skipping trajectory update...
Disconnected from Python PPO Server.
Disconnected from MARL Allocation Server.

========== FINAL UAV BENCHMARK DASHBOARD ==========
UAV ID          | Tasks Completed | Data Processed (MB)  | Avg Latency (ms) | Energy Consumed (J) | Tasks Offloaded
----------------------------------------------------------------------------------------------------------------------
uav_0           | 0               | 0.0000               | 0.00             | 450658.1450         | 0              
uav_1           | 13              | 6.1989               | 379.07           | 440348.2480         | 0              
uav_2           | 11              | 5.2452               | 421.97           | 454096.8448         | 0              
uav_3           | 22              | 10.4904              | 520.66           | 451153.9899         | 3              
uav_4           | 0               | 0.0000               | 0.00             | 435327.0049         | 0              
uav_5           | 0               | 0.0000               | 0.00             | 471561.8830         | 0              
uav_6           | 0               | 0.0000               | 0.00             | 493524.3437         | 0              
uav_7           | 0               | 0.0000               | 0.00             | 493056.2808         | 0              
uav_8           | 0               | 0.0000               | 0.00             | 421555.5537         | 0              
uav_9           | 0               | 0.0000               | 0.00             | 420536.9630         | 0              
uav_10          | 0               | 0.0000               | 0.00             | 468088.1144         | 0              
uav_11          | 0               | 0.0000               | 0.00             | 418921.2674         | 0              
uav_12          | 0               | 0.0000               | 0.00             | 418269.7773         | 0              
uav_13          | 0               | 0.0000               | 0.00             | 417697.2556         | 0              
uav_14          | 0               | 0.0000               | 0.00             | 417190.1650         | 0              
uav_15          | 0               | 0.0000               | 0.00             | 416737.8950         | 0              
uav_16          | 0               | 0.0000               | 0.00             | 416332.0117         | 0              
uav_17          | 0               | 0.0000               | 0.00             | 490887.2090         | 0              
uav_18          | 0               | 0.0000               | 0.00             | 415633.5148         | 0              
uav_19          | 0               | 0.0000               | 0.00             | 415330.8328         | 0              
uav_20          | 0               | 0.0000               | 0.00             | 415053.9110         | 0              
uav_21          | 0               | 0.0000               | 0.00             | 414799.5950         | 0              
uav_22          | 0               | 0.0000               | 0.00             | 414565.2254         | 0              
uav_23          | 0               | 0.0000               | 0.00             | 414348.5441         | 0              
uav_24          | 0               | 0.0000               | 0.00             | 490307.4753         | 0              
uav_25          | 0               | 0.0000               | 0.00             | 413960.7985         | 0              
uav_26          | 0               | 0.0000               | 0.00             | 413786.6416         | 0              
uav_27          | 0               | 0.0000               | 0.00             | 413623.9048         | 0              
uav_28          | 0               | 0.0000               | 0.00             | 413471.5006         | 0              
uav_29          | 0               | 0.0000               | 0.00             | 413328.4750         | 0              
----------------------------------------------------------------------------------------------------------------------
System Total Tasks Completed: 46  |  System Total Throughput: 21.9345 MB  |  Average System Latency: 457.04 ms
===================================================

========== SCHEDULING ALGORITHM METRICS ==========
Total Tasks Successfully Scheduled : 46
Total Tasks Dropped              : 354
Scheduling Success Rate          : 11.50%
Average Scheduling Overhead      : 6.2330 ms per batch
System Total Offloaded Tasks     : 3
===================================================


               UAV Task Scheduling Benchmark Results               
╭──────────────────────────┬─────────────────────╮
│ Metric                   │ Value               │
├──────────────────────────┼─────────────────────┤
│ Average Throughput       │ 0.1150              │
│ Average Runtime (sec)    │ 0.006233            │
│ Average UAV Utilization  │ 0.2583              │
│ Average Capacity Util    │ 0.0064              │
│ Average Completed Tasks  │ 11.50               │
│ Average Failed Tasks     │ 88.50               │
│ Average Unassigned Tasks │ 88.50               │
╰──────────────────────────┴─────────────────────╯

========== FANET Simulation Finished ==========
