========== Starting FANET Simulation with MOGS Scheduler / PPO Trajectory ==========
Initialising...
Dynamically spawning 30 UAVs...
Attempting to connect to Python TF-PPO Server on port 5500...
SUCCESS: Connected to Python Server!
Attempting to connect to MARL Allocation Server on port 5501...
SUCCESS: Connected to MARL Allocation Server!
Scheduling simulation termination at 5000.0 ms.
0.0 Submitted application fanet_app
[METRIC_EPOCH] Epoch:1, Generated:100, Scheduled:10, Dropped:90, RuntimeMs:3.5055, UavUtil:0.2000, CapUtil:0.0022, RepairQ:0, Invalid:0, Reassigned:0
[METRIC_EPOCH] Epoch:2, Generated:100, Scheduled:12, Dropped:88, RuntimeMs:1.2476, UavUtil:0.2667, CapUtil:0.0049, RepairQ:0, Invalid:0, Reassigned:0
DEBUG: P2P Evaluation - targetUav uav_0 queue full. Evaluating peer uav_1 queue size: 2
DEBUG: P2P Evaluation - targetUav uav_0 queue full. Evaluating peer uav_2 queue size: 3
DEBUG: P2P Evaluation - targetUav uav_0 queue full. Evaluating peer uav_3 queue size: 0
DEBUG: P2P Evaluation - targetUav uav_0 queue full. Evaluating peer uav_4 queue size: 0
DEBUG: P2P Evaluation - targetUav uav_0 queue full. Evaluating peer uav_5 queue size: 0
DEBUG: P2P Evaluation - targetUav uav_0 queue full. Evaluating peer uav_6 queue size: 0
DEBUG: P2P Evaluation - targetUav uav_0 queue full. Evaluating peer uav_7 queue size: 3
DEBUG: P2P Evaluation - targetUav uav_0 queue full. Evaluating peer uav_8 queue size: 7
DEBUG: P2P Evaluation - targetUav uav_0 queue full. Evaluating peer uav_9 queue size: 0
DEBUG: P2P Evaluation - targetUav uav_0 queue full. Evaluating peer uav_10 queue size: 0
DEBUG: P2P Evaluation - targetUav uav_0 queue full. Evaluating peer uav_11 queue size: 1
DEBUG: P2P Evaluation - targetUav uav_0 queue full. Evaluating peer uav_12 queue size: 0
DEBUG: P2P Evaluation - targetUav uav_0 queue full. Evaluating peer uav_13 queue size: 0
DEBUG: P2P Evaluation - targetUav uav_0 queue full. Evaluating peer uav_14 queue size: 1
DEBUG: P2P Evaluation - targetUav uav_0 queue full. Evaluating peer uav_15 queue size: 0
[METRIC_EPOCH] Epoch:3, Generated:100, Scheduled:12, Dropped:88, RuntimeMs:4.7225, UavUtil:0.3333, CapUtil:0.0076, RepairQ:0, Invalid:0, Reassigned:0
[METRIC_EPOCH] Epoch:4, Generated:100, Scheduled:11, Dropped:89, RuntimeMs:0.8516, UavUtil:0.3333, CapUtil:0.0100, RepairQ:0, Invalid:0, Reassigned:0
Disconnected from Python PPO Server.
Disconnected from MARL Allocation Server.

========== FINAL UAV BENCHMARK DASHBOARD ==========
UAV ID          | Tasks Completed | Data Processed (MB)  | Avg Latency (ms) | Energy Consumed (J) | Tasks Offloaded
----------------------------------------------------------------------------------------------------------------------
uav_0           | 11              | 5.2452               | 574.77           | 489241.7814         | 1              
uav_1           | 10              | 4.7684               | 695.99           | 478890.7643         | 0              
uav_2           | 0               | 0.0000               | 0.00             | 498442.9391         | 0              
uav_3           | 0               | 0.0000               | 0.00             | 431349.6950         | 0              
uav_4           | 0               | 0.0000               | 0.00             | 428346.1583         | 0              
uav_5           | 0               | 0.0000               | 0.00             | 426049.3362         | 0              
uav_6           | 0               | 0.0000               | 0.00             | 424236.0555         | 0              
uav_7           | 12              | 5.7220               | 423.92           | 455659.1896         | 0              
uav_8           | 0               | 0.0000               | 0.00             | 494220.2034         | 0              
uav_9           | 0               | 0.0000               | 0.00             | 420536.9630         | 0              
uav_10          | 0               | 0.0000               | 0.00             | 419669.2746         | 0              
uav_11          | 0               | 0.0000               | 0.00             | 454713.6358         | 0              
uav_12          | 0               | 0.0000               | 0.00             | 418269.7773         | 0              
uav_13          | 0               | 0.0000               | 0.00             | 417697.2556         | 0              
uav_14          | 0               | 0.0000               | 0.00             | 472844.7658         | 0              
uav_15          | 0               | 0.0000               | 0.00             | 453260.3474         | 0              
uav_16          | 0               | 0.0000               | 0.00             | 416332.0117         | 0              
uav_17          | 0               | 0.0000               | 0.00             | 415965.7267         | 0              
uav_18          | 0               | 0.0000               | 0.00             | 415633.5148         | 0              
uav_19          | 0               | 0.0000               | 0.00             | 415330.8328         | 0              
uav_20          | 0               | 0.0000               | 0.00             | 415053.9110         | 0              
uav_21          | 0               | 0.0000               | 0.00             | 414799.5950         | 0              
uav_22          | 12              | 5.7220               | 518.08           | 451036.0839         | 0              
uav_23          | 0               | 0.0000               | 0.00             | 414348.5441         | 0              
uav_24          | 0               | 0.0000               | 0.00             | 414147.6214         | 0              
uav_25          | 0               | 0.0000               | 0.00             | 491911.2807         | 0              
uav_26          | 0               | 0.0000               | 0.00             | 413786.6416         | 0              
uav_27          | 0               | 0.0000               | 0.00             | 413623.9048         | 0              
uav_28          | 0               | 0.0000               | 0.00             | 413471.5006         | 0              
uav_29          | 0               | 0.0000               | 0.00             | 413328.4750         | 0              
----------------------------------------------------------------------------------------------------------------------
System Total Tasks Completed: 45  |  System Total Throughput: 21.4577 MB  |  Average System Latency: 546.36 ms
===================================================

========== SCHEDULING ALGORITHM METRICS ==========
Total Tasks Successfully Scheduled : 45
Total Tasks Dropped              : 355
Scheduling Success Rate          : 11.25%
Average Scheduling Overhead      : 2.5818 ms per batch
System Total Offloaded Tasks     : 1
===================================================


               UAV Task Scheduling Benchmark Results               
╭──────────────────────────┬─────────────────────╮
│ Metric                   │ Value               │
├──────────────────────────┼─────────────────────┤
│ Average Throughput       │ 0.1125              │
│ Average Runtime (sec)    │ 0.002582            │
│ Average UAV Utilization  │ 0.2833              │
│ Average Capacity Util    │ 0.0062              │
│ Average Completed Tasks  │ 11.25               │
│ Average Failed Tasks     │ 88.75               │
│ Average Unassigned Tasks │ 88.75               │
╰──────────────────────────┴─────────────────────╯

========== FANET Simulation Finished ==========
