========== Starting FANET Simulation with MOGS Scheduler / PPO Trajectory ==========
Initialising...
Dynamically spawning 30 UAVs...
Attempting to connect to Python TF-PPO Server on port 5500...
SUCCESS: Connected to Python Server!
Attempting to connect to MARL Allocation Server on port 5501...
SUCCESS: Connected to MARL Allocation Server!
Scheduling simulation termination at 5000.0 ms.
0.0 Submitted application fanet_app
[METRIC_EPOCH] Epoch:1, Generated:100, Scheduled:24, Dropped:76, RuntimeMs:3.5020, UavUtil:0.3000, CapUtil:0.0053, RepairQ:0, Invalid:0, Reassigned:0
[METRIC_EPOCH] Epoch:2, Generated:100, Scheduled:22, Dropped:78, RuntimeMs:1.1574, UavUtil:0.4333, CapUtil:0.0102, RepairQ:0, Invalid:0, Reassigned:0
[METRIC_EPOCH] Epoch:3, Generated:100, Scheduled:25, Dropped:75, RuntimeMs:1.0587, UavUtil:0.4333, CapUtil:0.0158, RepairQ:0, Invalid:0, Reassigned:0
[METRIC_EPOCH] Epoch:4, Generated:100, Scheduled:19, Dropped:81, RuntimeMs:1.0313, UavUtil:0.4667, CapUtil:0.0200, RepairQ:0, Invalid:0, Reassigned:0
Disconnected from Python PPO Server.
Disconnected from MARL Allocation Server.

========== FINAL UAV BENCHMARK DASHBOARD ==========
UAV ID          | Tasks Completed | Data Processed (MB)  | Avg Latency (ms) | Energy Consumed (J) | Tasks Offloaded
----------------------------------------------------------------------------------------------------------------------
uav_0           | 24              | 11.4441              | 524.74           | 420530.0235         | 0              
uav_1           | 0               | 0.0000               | 0.00             | 441361.4839         | 0              
uav_2           | 47              | 22.4113              | 391.81           | 437351.2669         | 0              
uav_3           | 0               | 0.0000               | 0.00             | 500030.0989         | 0              
uav_4           | 19              | 9.0599               | 452.37           | 479735.9925         | 0              
uav_5           | 0               | 0.0000               | 0.00             | 426049.3362         | 0              
uav_6           | 0               | 0.0000               | 0.00             | 480058.6703         | 0              
uav_7           | 0               | 0.0000               | 0.00             | 422768.1617         | 0              
uav_8           | 0               | 0.0000               | 0.00             | 421555.5537         | 0              
uav_9           | 0               | 0.0000               | 0.00             | 420536.9630         | 0              
uav_10          | 0               | 0.0000               | 0.00             | 419669.2746         | 0              
uav_11          | 0               | 0.0000               | 0.00             | 496623.7277         | 0              
uav_12          | 0               | 0.0000               | 0.00             | 418269.7773         | 0              
uav_13          | 0               | 0.0000               | 0.00             | 417697.2556         | 0              
uav_14          | 0               | 0.0000               | 0.00             | 417190.1650         | 0              
uav_15          | 0               | 0.0000               | 0.00             | 496025.3111         | 0              
uav_16          | 0               | 0.0000               | 0.00             | 495914.0670         | 0              
uav_17          | 0               | 0.0000               | 0.00             | 495813.6760         | 0              
uav_18          | 0               | 0.0000               | 0.00             | 476176.8581         | 0              
uav_19          | 0               | 0.0000               | 0.00             | 415330.8328         | 0              
uav_20          | 0               | 0.0000               | 0.00             | 475915.3176         | 0              
uav_21          | 0               | 0.0000               | 0.00             | 414799.5950         | 0              
uav_22          | 0               | 0.0000               | 0.00             | 495429.8279         | 0              
uav_23          | 0               | 0.0000               | 0.00             | 414348.5441         | 0              
uav_24          | 0               | 0.0000               | 0.00             | 414147.6214         | 0              
uav_25          | 0               | 0.0000               | 0.00             | 413960.7985         | 0              
uav_26          | 0               | 0.0000               | 0.00             | 432662.1941         | 0              
uav_27          | 0               | 0.0000               | 0.00             | 413623.9048         | 0              
uav_28          | 0               | 0.0000               | 0.00             | 413471.5006         | 0              
uav_29          | 0               | 0.0000               | 0.00             | 475136.7315         | 0              
----------------------------------------------------------------------------------------------------------------------
System Total Tasks Completed: 90  |  System Total Throughput: 42.9153 MB  |  Average System Latency: 440.05 ms
===================================================

========== SCHEDULING ALGORITHM METRICS ==========
Total Tasks Successfully Scheduled : 90
Total Tasks Dropped              : 310
Scheduling Success Rate          : 22.50%
Average Scheduling Overhead      : 1.6873 ms per batch
System Total Offloaded Tasks     : 0
===================================================


               UAV Task Scheduling Benchmark Results               
╭──────────────────────────┬─────────────────────╮
│ Metric                   │ Value               │
├──────────────────────────┼─────────────────────┤
│ Average Throughput       │ 0.2250              │
│ Average Runtime (sec)    │ 0.001687            │
│ Average UAV Utilization  │ 0.4083              │
│ Average Capacity Util    │ 0.0128              │
│ Average Completed Tasks  │ 22.50               │
│ Average Failed Tasks     │ 77.50               │
│ Average Unassigned Tasks │ 77.50               │
╰──────────────────────────┴─────────────────────╯

========== FANET Simulation Finished ==========
