========== Starting FANET Simulation with MOGS Scheduler / PPO Trajectory ==========
Initialising...
Dynamically spawning 30 UAVs...
Attempting to connect to Python TF-PPO Server on port 5500...
SUCCESS: Connected to Python Server!
Attempting to connect to MARL Allocation Server on port 5501...
SUCCESS: Connected to MARL Allocation Server!
Scheduling simulation termination at 5000.0 ms.
0.0 Submitted application fanet_app
[METRIC_EPOCH] Epoch:1, Generated:100, Scheduled:17, Dropped:83, RuntimeMs:2.3975, UavUtil:0.2333, CapUtil:0.0038, RepairQ:0, Invalid:0, Reassigned:0
DEBUG: P2P Evaluation - targetUav uav_1 queue full. Evaluating peer uav_0 queue size: 0
DEBUG: P2P Evaluation - targetUav uav_1 queue full. Evaluating peer uav_2 queue size: 0
DEBUG: P2P Evaluation - targetUav uav_1 queue full. Evaluating peer uav_3 queue size: 0
DEBUG: P2P Evaluation - targetUav uav_1 queue full. Evaluating peer uav_4 queue size: 3
DEBUG: P2P Evaluation - targetUav uav_1 queue full. Evaluating peer uav_5 queue size: 0
DEBUG: P2P Evaluation - targetUav uav_1 queue full. Evaluating peer uav_6 queue size: 0
DEBUG: P2P Evaluation - targetUav uav_1 queue full. Evaluating peer uav_7 queue size: 0
[METRIC_EPOCH] Epoch:2, Generated:100, Scheduled:14, Dropped:86, RuntimeMs:4.8052, UavUtil:0.3667, CapUtil:0.0069, RepairQ:0, Invalid:0, Reassigned:0
[METRIC_EPOCH] Epoch:3, Generated:100, Scheduled:10, Dropped:90, RuntimeMs:0.8977, UavUtil:0.3667, CapUtil:0.0091, RepairQ:0, Invalid:0, Reassigned:0
[METRIC_EPOCH] Epoch:4, Generated:100, Scheduled:19, Dropped:81, RuntimeMs:1.5488, UavUtil:0.4000, CapUtil:0.0133, RepairQ:0, Invalid:0, Reassigned:0
Disconnected from Python PPO Server.
Disconnected from MARL Allocation Server.

========== FINAL UAV BENCHMARK DASHBOARD ==========
UAV ID          | Tasks Completed | Data Processed (MB)  | Avg Latency (ms) | Energy Consumed (J) | Tasks Offloaded
----------------------------------------------------------------------------------------------------------------------
uav_0           | 0               | 0.0000               | 0.00             | 450658.1450         | 0              
uav_1           | 14              | 6.6757               | 512.70           | 476578.3130         | 1              
uav_2           | 0               | 0.0000               | 0.00             | 435445.4268         | 0              
uav_3           | 0               | 0.0000               | 0.00             | 431349.6950         | 0              
uav_4           | 19              | 9.0599               | 399.18           | 482725.6708         | 0              
uav_5           | 0               | 0.0000               | 0.00             | 426049.3362         | 0              
uav_6           | 0               | 0.0000               | 0.00             | 473213.8202         | 0              
uav_7           | 0               | 0.0000               | 0.00             | 472452.6762         | 0              
uav_8           | 0               | 0.0000               | 0.00             | 421555.5537         | 0              
uav_9           | 0               | 0.0000               | 0.00             | 420536.9630         | 0              
uav_10          | 0               | 0.0000               | 0.00             | 419669.2746         | 0              
uav_11          | 0               | 0.0000               | 0.00             | 418921.2674         | 0              
uav_12          | 0               | 0.0000               | 0.00             | 418269.7773         | 0              
uav_13          | 0               | 0.0000               | 0.00             | 417697.2556         | 0              
uav_14          | 0               | 0.0000               | 0.00             | 417190.1650         | 0              
uav_15          | 0               | 0.0000               | 0.00             | 416737.8950         | 0              
uav_16          | 17              | 8.1062               | 536.74           | 424197.7615         | 0              
uav_17          | 0               | 0.0000               | 0.00             | 427959.8157         | 0              
uav_18          | 0               | 0.0000               | 0.00             | 415633.5148         | 0              
uav_19          | 0               | 0.0000               | 0.00             | 415330.8328         | 0              
uav_20          | 10              | 4.7684               | 569.23           | 470706.3192         | 0              
uav_21          | 0               | 0.0000               | 0.00             | 490998.4613         | 0              
uav_22          | 0               | 0.0000               | 0.00             | 468199.2244         | 0              
uav_23          | 0               | 0.0000               | 0.00             | 414348.5441         | 0              
uav_24          | 0               | 0.0000               | 0.00             | 414147.6214         | 0              
uav_25          | 0               | 0.0000               | 0.00             | 413960.7985         | 0              
uav_26          | 0               | 0.0000               | 0.00             | 413786.6416         | 0              
uav_27          | 0               | 0.0000               | 0.00             | 467711.1233         | 0              
uav_28          | 0               | 0.0000               | 0.00             | 490580.7476         | 0              
uav_29          | 0               | 0.0000               | 0.00             | 490535.7631         | 0              
----------------------------------------------------------------------------------------------------------------------
System Total Tasks Completed: 60  |  System Total Throughput: 28.6102 MB  |  Average System Latency: 492.98 ms
===================================================

========== SCHEDULING ALGORITHM METRICS ==========
Total Tasks Successfully Scheduled : 60
Total Tasks Dropped              : 340
Scheduling Success Rate          : 15.00%
Average Scheduling Overhead      : 2.4123 ms per batch
System Total Offloaded Tasks     : 1
===================================================


               UAV Task Scheduling Benchmark Results               
╭──────────────────────────┬─────────────────────╮
│ Metric                   │ Value               │
├──────────────────────────┼─────────────────────┤
│ Average Throughput       │ 0.1500              │
│ Average Runtime (sec)    │ 0.002412            │
│ Average UAV Utilization  │ 0.3417              │
│ Average Capacity Util    │ 0.0083              │
│ Average Completed Tasks  │ 15.00               │
│ Average Failed Tasks     │ 85.00               │
│ Average Unassigned Tasks │ 85.00               │
╰──────────────────────────┴─────────────────────╯

========== FANET Simulation Finished ==========
