========== Starting FANET Simulation with BIDDING Scheduler / CAR Trajectory ==========
Initialising...
Dynamically spawning 30 UAVs...
Attempting to connect to CAR Pointer-Network Server on port 5510...
FAILED: Could not connect to CAR Pointer-Network Server.
Attempting to connect to MARL Allocation Server on port 5501...
FAILED: Could not connect to MARL Allocation Server.
Scheduling simulation termination at 5000.0 ms.
0.0 Submitted application fanet_app
[METRIC_EPOCH] Epoch:1, Generated:100, Scheduled:12, Dropped:88, RuntimeMs:128.1888, UavUtil:0.2333, CapUtil:0.0027, RepairQ:0, Invalid:0, Reassigned:0
[METRIC_EPOCH] Epoch:2, Generated:100, Scheduled:23, Dropped:77, RuntimeMs:81.5390, UavUtil:0.3667, CapUtil:0.0078, RepairQ:0, Invalid:0, Reassigned:0
[METRIC_EPOCH] Epoch:3, Generated:100, Scheduled:16, Dropped:84, RuntimeMs:184.7157, UavUtil:0.4000, CapUtil:0.0113, RepairQ:0, Invalid:0, Reassigned:0
[METRIC_EPOCH] Epoch:4, Generated:100, Scheduled:22, Dropped:78, RuntimeMs:110.0187, UavUtil:0.4000, CapUtil:0.0162, RepairQ:0, Invalid:0, Reassigned:0
Disconnected from CAR Pointer-Network Server.
Disconnected from MARL Allocation Server.

========== FINAL UAV BENCHMARK DASHBOARD ==========
UAV ID          | Tasks Completed | Data Processed (MB)  | Avg Latency (ms) | Energy Consumed (J) | Tasks Offloaded
----------------------------------------------------------------------------------------------------------------------
uav_0           | 0               | 0.0000               | 0.00             | 450658.1450         | 0              
uav_1           | 0               | 0.0000               | 0.00             | 441361.4839         | 0              
uav_2           | 45              | 21.4577              | 556.61           | 446226.1161         | 0              
uav_3           | 0               | 0.0000               | 0.00             | 431349.6950         | 0              
uav_4           | 0               | 0.0000               | 0.00             | 428346.1583         | 0              
uav_5           | 0               | 0.0000               | 0.00             | 426049.3362         | 0              
uav_6           | 0               | 0.0000               | 0.00             | 494631.3194         | 0              
uav_7           | 0               | 0.0000               | 0.00             | 422768.1617         | 0              
uav_8           | 0               | 0.0000               | 0.00             | 421555.5537         | 0              
uav_9           | 0               | 0.0000               | 0.00             | 467640.5012         | 0              
uav_10          | 0               | 0.0000               | 0.00             | 419669.2746         | 0              
uav_11          | 0               | 0.0000               | 0.00             | 418921.2674         | 0              
uav_12          | 0               | 0.0000               | 0.00             | 418269.7773         | 0              
uav_13          | 16              | 7.6294               | 438.78           | 433647.9024         | 0              
uav_14          | 12              | 5.7220               | 526.96           | 463976.9123         | 0              
uav_15          | 0               | 0.0000               | 0.00             | 492321.9990         | 0              
uav_16          | 0               | 0.0000               | 0.00             | 416332.0117         | 0              
uav_17          | 0               | 0.0000               | 0.00             | 446635.1194         | 0              
uav_18          | 0               | 0.0000               | 0.00             | 415633.5148         | 0              
uav_19          | 0               | 0.0000               | 0.00             | 415330.8328         | 0              
uav_20          | 0               | 0.0000               | 0.00             | 415053.9110         | 0              
uav_21          | 0               | 0.0000               | 0.00             | 414799.5950         | 0              
uav_22          | 0               | 0.0000               | 0.00             | 491652.8495         | 0              
uav_23          | 0               | 0.0000               | 0.00             | 414348.5441         | 0              
uav_24          | 0               | 0.0000               | 0.00             | 491524.2337         | 0              
uav_25          | 0               | 0.0000               | 0.00             | 464002.5691         | 0              
uav_26          | 0               | 0.0000               | 0.00             | 463906.2256         | 0              
uav_27          | 0               | 0.0000               | 0.00             | 491362.9369         | 0              
uav_28          | 0               | 0.0000               | 0.00             | 413471.5006         | 0              
uav_29          | 0               | 0.0000               | 0.00             | 413328.4750         | 0              
----------------------------------------------------------------------------------------------------------------------
System Total Tasks Completed: 73  |  System Total Throughput: 34.8091 MB  |  Average System Latency: 525.91 ms
===================================================

========== SCHEDULING ALGORITHM METRICS ==========
Total Tasks Successfully Scheduled : 73
Total Tasks Dropped              : 327
Scheduling Success Rate          : 18.25%
Average Scheduling Overhead      : 126.1156 ms per batch
System Total Offloaded Tasks     : 0
===================================================


               UAV Task Scheduling Benchmark Results               
╭──────────────────────────┬─────────────────────╮
│ Metric                   │ Value               │
├──────────────────────────┼─────────────────────┤
│ Average Throughput       │ 0.1825              │
│ Average Runtime (sec)    │ 0.126116            │
│ Average UAV Utilization  │ 0.3500              │
│ Average Capacity Util    │ 0.0095              │
│ Average Completed Tasks  │ 18.25               │
│ Average Failed Tasks     │ 81.75               │
│ Average Unassigned Tasks │ 81.75               │
╰──────────────────────────┴─────────────────────╯

========== FANET Simulation Finished ==========
