========== Starting FANET Simulation with BIDDING Scheduler / CAR Trajectory ==========
Initialising...
Dynamically spawning 30 UAVs...
Attempting to connect to CAR Pointer-Network Server on port 5510...
SUCCESS: Connected to CAR Pointer-Network Server!
Attempting to connect to MARL Allocation Server on port 5501...
SUCCESS: Connected to MARL Allocation Server!
Scheduling simulation termination at 5000.0 ms.
0.0 Submitted application fanet_app
[CAR] Placed tours for 30 UAVs (30 server tours, 30 clusters).
[METRIC_EPOCH] Epoch:1, Generated:100, Scheduled:52, Dropped:48, RuntimeMs:149.5248, UavUtil:0.6667, CapUtil:0.0116, RepairQ:0, Invalid:0, Reassigned:0
[CAR] Placed tours for 30 UAVs (30 server tours, 30 clusters).
[METRIC_EPOCH] Epoch:2, Generated:100, Scheduled:45, Dropped:55, RuntimeMs:72.0716, UavUtil:0.8667, CapUtil:0.0216, RepairQ:0, Invalid:0, Reassigned:0
[METRIC_EPOCH] Epoch:3, Generated:100, Scheduled:43, Dropped:57, RuntimeMs:246.0560, UavUtil:0.9667, CapUtil:0.0311, RepairQ:0, Invalid:0, Reassigned:0
[CAR] Placed tours for 30 UAVs (30 server tours, 30 clusters).
[METRIC_EPOCH] Epoch:4, Generated:100, Scheduled:57, Dropped:43, RuntimeMs:187.6525, UavUtil:1.0000, CapUtil:0.0438, RepairQ:0, Invalid:0, Reassigned:0
Disconnected from CAR Pointer-Network Server.
Disconnected from MARL Allocation Server.

========== FINAL UAV BENCHMARK DASHBOARD ==========
UAV ID          | Tasks Completed | Data Processed (MB)  | Avg Latency (ms) | Energy Consumed (J) | Tasks Offloaded
----------------------------------------------------------------------------------------------------------------------
uav_0           | 97              | 46.2532              | 557.00           | 422968.2190         | 0              
uav_1           | 57              | 27.1797              | 589.87           | 494050.5922         | 0              
uav_2           | 43              | 20.5040              | 406.14           | 471367.6997         | 0              
uav_3           | 0               | 0.0000               | 0.00             | 495058.5933         | 0              
uav_4           | 0               | 0.0000               | 0.00             | 494077.5614         | 0              
uav_5           | 0               | 0.0000               | 0.00             | 493327.3605         | 0              
uav_6           | 0               | 0.0000               | 0.00             | 450102.9262         | 0              
uav_7           | 0               | 0.0000               | 0.00             | 492255.6449         | 0              
uav_8           | 0               | 0.0000               | 0.00             | 491859.5761         | 0              
uav_9           | 0               | 0.0000               | 0.00             | 468967.8602         | 0              
uav_10          | 0               | 0.0000               | 0.00             | 468498.7800         | 0              
uav_11          | 0               | 0.0000               | 0.00             | 446139.5942         | 0              
uav_12          | 0               | 0.0000               | 0.00             | 467742.1991         | 0              
uav_13          | 0               | 0.0000               | 0.00             | 490599.3571         | 0              
uav_14          | 0               | 0.0000               | 0.00             | 490433.7284         | 0              
uav_15          | 0               | 0.0000               | 0.00             | 490286.0054         | 0              
uav_16          | 0               | 0.0000               | 0.00             | 466694.6255         | 0              
uav_17          | 0               | 0.0000               | 0.00             | 490033.7955         | 0              
uav_18          | 0               | 0.0000               | 0.00             | 419888.6790         | 0              
uav_19          | 0               | 0.0000               | 0.00             | 489826.4229         | 0              
uav_20          | 0               | 0.0000               | 0.00             | 489735.9731         | 0              
uav_21          | 0               | 0.0000               | 0.00             | 465866.1873         | 0              
uav_22          | 0               | 0.0000               | 0.00             | 489576.3559         | 0              
uav_23          | 0               | 0.0000               | 0.00             | 489505.5822         | 0              
uav_24          | 0               | 0.0000               | 0.00             | 465513.7244         | 0              
uav_25          | 0               | 0.0000               | 0.00             | 489378.9346         | 0              
uav_26          | 0               | 0.0000               | 0.00             | 489322.0505         | 0              
uav_27          | 0               | 0.0000               | 0.00             | 489268.8965         | 0              
uav_28          | 0               | 0.0000               | 0.00             | 489219.1174         | 0              
uav_29          | 0               | 0.0000               | 0.00             | 441968.9495         | 0              
----------------------------------------------------------------------------------------------------------------------
System Total Tasks Completed: 197  |  System Total Throughput: 93.9369 MB  |  Average System Latency: 533.58 ms
===================================================

========== SCHEDULING ALGORITHM METRICS ==========
Total Tasks Successfully Scheduled : 197
Total Tasks Dropped              : 203
Scheduling Success Rate          : 49.25%
Average Scheduling Overhead      : 163.8262 ms per batch
System Total Offloaded Tasks     : 0
===================================================


               UAV Task Scheduling Benchmark Results               
╭──────────────────────────┬─────────────────────╮
│ Metric                   │ Value               │
├──────────────────────────┼─────────────────────┤
│ Average Throughput       │ 0.4925              │
│ Average Runtime (sec)    │ 0.163826            │
│ Average UAV Utilization  │ 0.8750              │
│ Average Capacity Util    │ 0.0270              │
│ Average Completed Tasks  │ 49.25               │
│ Average Failed Tasks     │ 50.75               │
│ Average Unassigned Tasks │ 50.75               │
╰──────────────────────────┴─────────────────────╯

========== FANET Simulation Finished ==========
