========== Starting FANET Simulation with BIDDING Scheduler / CAR Trajectory ==========
Initialising...
Dynamically spawning 30 UAVs...
Attempting to connect to CAR Pointer-Network Server on port 5510...
FAILED: Could not connect to CAR Pointer-Network Server.
Attempting to connect to MARL Allocation Server on port 5501...
FAILED: Could not connect to MARL Allocation Server.
Scheduling simulation termination at 5000.0 ms.
0.0 Submitted application fanet_app
[METRIC_EPOCH] Epoch:1, Generated:100, Scheduled:15, Dropped:85, RuntimeMs:208.1849, UavUtil:0.2667, CapUtil:0.0033, RepairQ:0, Invalid:0, Reassigned:0
[METRIC_EPOCH] Epoch:2, Generated:100, Scheduled:16, Dropped:84, RuntimeMs:85.0940, UavUtil:0.3000, CapUtil:0.0069, RepairQ:0, Invalid:0, Reassigned:0
[METRIC_EPOCH] Epoch:3, Generated:100, Scheduled:11, Dropped:89, RuntimeMs:394.3622, UavUtil:0.3333, CapUtil:0.0093, RepairQ:0, Invalid:0, Reassigned:0
[METRIC_EPOCH] Epoch:4, Generated:100, Scheduled:10, Dropped:90, RuntimeMs:113.0602, UavUtil:0.3333, CapUtil:0.0116, RepairQ:0, Invalid:0, Reassigned:0
Disconnected from CAR Pointer-Network Server.
Disconnected from MARL Allocation Server.

========== FINAL UAV BENCHMARK DASHBOARD ==========
UAV ID          | Tasks Completed | Data Processed (MB)  | Avg Latency (ms) | Energy Consumed (J) | Tasks Offloaded
----------------------------------------------------------------------------------------------------------------------
uav_0           | 16              | 7.6294               | 430.78           | 456508.6593         | 0              
uav_1           | 0               | 0.0000               | 0.00             | 441361.4839         | 0              
uav_2           | 0               | 0.0000               | 0.00             | 435445.4268         | 0              
uav_3           | 0               | 0.0000               | 0.00             | 431349.6950         | 0              
uav_4           | 0               | 0.0000               | 0.00             | 428346.1583         | 0              
uav_5           | 0               | 0.0000               | 0.00             | 426049.3362         | 0              
uav_6           | 0               | 0.0000               | 0.00             | 424236.0555         | 0              
uav_7           | 0               | 0.0000               | 0.00             | 422768.1617         | 0              
uav_8           | 0               | 0.0000               | 0.00             | 421555.5537         | 0              
uav_9           | 36              | 17.1661              | 441.42           | 436329.3130         | 0              
uav_10          | 0               | 0.0000               | 0.00             | 491753.7185         | 0              
uav_11          | 0               | 0.0000               | 0.00             | 491512.9909         | 0              
uav_12          | 0               | 0.0000               | 0.00             | 418269.7773         | 0              
uav_13          | 0               | 0.0000               | 0.00             | 491119.0732         | 0              
uav_14          | 0               | 0.0000               | 0.00             | 417190.1650         | 0              
uav_15          | 0               | 0.0000               | 0.00             | 416737.8950         | 0              
uav_16          | 0               | 0.0000               | 0.00             | 416332.0117         | 0              
uav_17          | 0               | 0.0000               | 0.00             | 446049.5527         | 0              
uav_18          | 0               | 0.0000               | 0.00             | 490454.9095         | 0              
uav_19          | 0               | 0.0000               | 0.00             | 415330.8328         | 0              
uav_20          | 0               | 0.0000               | 0.00             | 415053.9110         | 0              
uav_21          | 0               | 0.0000               | 0.00             | 414799.5950         | 0              
uav_22          | 0               | 0.0000               | 0.00             | 414565.2254         | 0              
uav_23          | 0               | 0.0000               | 0.00             | 414348.5441         | 0              
uav_24          | 0               | 0.0000               | 0.00             | 489976.7116         | 0              
uav_25          | 0               | 0.0000               | 0.00             | 466600.4827         | 0              
uav_26          | 0               | 0.0000               | 0.00             | 489860.5393         | 0              
uav_27          | 0               | 0.0000               | 0.00             | 413623.9048         | 0              
uav_28          | 0               | 0.0000               | 0.00             | 413471.5006         | 0              
uav_29          | 0               | 0.0000               | 0.00             | 413328.4750         | 0              
----------------------------------------------------------------------------------------------------------------------
System Total Tasks Completed: 52  |  System Total Throughput: 24.7955 MB  |  Average System Latency: 438.15 ms
===================================================

========== SCHEDULING ALGORITHM METRICS ==========
Total Tasks Successfully Scheduled : 52
Total Tasks Dropped              : 348
Scheduling Success Rate          : 13.00%
Average Scheduling Overhead      : 200.1753 ms per batch
System Total Offloaded Tasks     : 0
===================================================


               UAV Task Scheduling Benchmark Results               
╭──────────────────────────┬─────────────────────╮
│ Metric                   │ Value               │
├──────────────────────────┼─────────────────────┤
│ Average Throughput       │ 0.1300              │
│ Average Runtime (sec)    │ 0.200175            │
│ Average UAV Utilization  │ 0.3083              │
│ Average Capacity Util    │ 0.0078              │
│ Average Completed Tasks  │ 13.00               │
│ Average Failed Tasks     │ 87.00               │
│ Average Unassigned Tasks │ 87.00               │
╰──────────────────────────┴─────────────────────╯

========== FANET Simulation Finished ==========
