========== Starting FANET Simulation with BIDDING Scheduler / CAR Trajectory ==========
Initialising...
Dynamically spawning 30 UAVs...
Attempting to connect to CAR Pointer-Network Server on port 5510...
FAILED: Could not connect to CAR Pointer-Network Server.
Attempting to connect to MARL Allocation Server on port 5501...
FAILED: Could not connect to MARL Allocation Server.
Scheduling simulation termination at 5000.0 ms.
0.0 Submitted application fanet_app
[METRIC_EPOCH] Epoch:1, Generated:100, Scheduled:20, Dropped:80, RuntimeMs:130.5731, UavUtil:0.3333, CapUtil:0.0044, RepairQ:0, Invalid:0, Reassigned:0
[METRIC_EPOCH] Epoch:2, Generated:100, Scheduled:16, Dropped:84, RuntimeMs:79.3716, UavUtil:0.3667, CapUtil:0.0080, RepairQ:0, Invalid:0, Reassigned:0
[METRIC_EPOCH] Epoch:3, Generated:100, Scheduled:18, Dropped:82, RuntimeMs:455.5367, UavUtil:0.3667, CapUtil:0.0120, RepairQ:0, Invalid:0, Reassigned:0
[METRIC_EPOCH] Epoch:4, Generated:100, Scheduled:26, Dropped:74, RuntimeMs:190.4737, UavUtil:0.4333, CapUtil:0.0178, RepairQ:0, Invalid:0, Reassigned:0
Disconnected from CAR Pointer-Network Server.
Disconnected from MARL Allocation Server.

========== FINAL UAV BENCHMARK DASHBOARD ==========
UAV ID          | Tasks Completed | Data Processed (MB)  | Avg Latency (ms) | Energy Consumed (J) | Tasks Offloaded
----------------------------------------------------------------------------------------------------------------------
uav_0           | 0               | 0.0000               | 0.00             | 450658.1450         | 0              
uav_1           | 0               | 0.0000               | 0.00             | 482449.4790         | 0              
uav_2           | 0               | 0.0000               | 0.00             | 435445.4268         | 0              
uav_3           | 26              | 12.3978              | 510.07           | 429227.7015         | 0              
uav_4           | 0               | 0.0000               | 0.00             | 428346.1583         | 0              
uav_5           | 0               | 0.0000               | 0.00             | 426049.3362         | 0              
uav_6           | 0               | 0.0000               | 0.00             | 424236.0555         | 0              
uav_7           | 0               | 0.0000               | 0.00             | 422768.1617         | 0              
uav_8           | 0               | 0.0000               | 0.00             | 421555.5537         | 0              
uav_9           | 54              | 25.7492              | 531.39           | 425486.9125         | 0              
uav_10          | 0               | 0.0000               | 0.00             | 419669.2746         | 0              
uav_11          | 0               | 0.0000               | 0.00             | 418921.2674         | 0              
uav_12          | 0               | 0.0000               | 0.00             | 418269.7773         | 0              
uav_13          | 0               | 0.0000               | 0.00             | 429046.8169         | 0              
uav_14          | 0               | 0.0000               | 0.00             | 417190.1650         | 0              
uav_15          | 0               | 0.0000               | 0.00             | 416737.8950         | 0              
uav_16          | 0               | 0.0000               | 0.00             | 416332.0117         | 0              
uav_17          | 0               | 0.0000               | 0.00             | 491536.4551         | 0              
uav_18          | 0               | 0.0000               | 0.00             | 415633.5148         | 0              
uav_19          | 0               | 0.0000               | 0.00             | 491337.7559         | 0              
uav_20          | 0               | 0.0000               | 0.00             | 415053.9110         | 0              
uav_21          | 0               | 0.0000               | 0.00             | 491171.4973         | 0              
uav_22          | 0               | 0.0000               | 0.00             | 491098.1480         | 0              
uav_23          | 0               | 0.0000               | 0.00             | 491030.3344         | 0              
uav_24          | 0               | 0.0000               | 0.00             | 490967.4527         | 0              
uav_25          | 0               | 0.0000               | 0.00             | 413960.7985         | 0              
uav_26          | 0               | 0.0000               | 0.00             | 490854.4789         | 0              
uav_27          | 0               | 0.0000               | 0.00             | 490803.5481         | 0              
uav_28          | 0               | 0.0000               | 0.00             | 413471.5006         | 0              
uav_29          | 0               | 0.0000               | 0.00             | 490711.0890         | 0              
----------------------------------------------------------------------------------------------------------------------
System Total Tasks Completed: 80  |  System Total Throughput: 38.1470 MB  |  Average System Latency: 524.47 ms
===================================================

========== SCHEDULING ALGORITHM METRICS ==========
Total Tasks Successfully Scheduled : 80
Total Tasks Dropped              : 320
Scheduling Success Rate          : 20.00%
Average Scheduling Overhead      : 213.9888 ms per batch
System Total Offloaded Tasks     : 0
===================================================


               UAV Task Scheduling Benchmark Results               
╭──────────────────────────┬─────────────────────╮
│ Metric                   │ Value               │
├──────────────────────────┼─────────────────────┤
│ Average Throughput       │ 0.2000              │
│ Average Runtime (sec)    │ 0.213989            │
│ Average UAV Utilization  │ 0.3750              │
│ Average Capacity Util    │ 0.0106              │
│ Average Completed Tasks  │ 20.00               │
│ Average Failed Tasks     │ 80.00               │
│ Average Unassigned Tasks │ 80.00               │
╰──────────────────────────┴─────────────────────╯

========== FANET Simulation Finished ==========
