========== Starting FANET Simulation with MOGS Scheduler / CAR Trajectory ==========
Initialising...
Dynamically spawning 30 UAVs...
Attempting to connect to CAR Pointer-Network Server on port 5510...
SUCCESS: Connected to CAR Pointer-Network Server!
Attempting to connect to MARL Allocation Server on port 5501...
SUCCESS: Connected to MARL Allocation Server!
Scheduling simulation termination at 5000.0 ms.
0.0 Submitted application fanet_app
[CAR] Placed tours for 30 UAVs (30 server tours, 30 clusters).
[METRIC_EPOCH] Epoch:1, Generated:100, Scheduled:45, Dropped:55, RuntimeMs:2.6948, UavUtil:0.6667, CapUtil:0.0100, RepairQ:0, Invalid:0, Reassigned:0
[CAR] Placed tours for 30 UAVs (30 server tours, 30 clusters).
[METRIC_EPOCH] Epoch:2, Generated:100, Scheduled:42, Dropped:58, RuntimeMs:1.1584, UavUtil:0.8667, CapUtil:0.0193, RepairQ:0, Invalid:0, Reassigned:0
DEBUG: P2P Evaluation - targetUav uav_7 queue full. Evaluating peer uav_0 queue size: 3
DEBUG: P2P Evaluation - targetUav uav_7 queue full. Evaluating peer uav_1 queue size: 3
DEBUG: P2P Evaluation - targetUav uav_7 queue full. Evaluating peer uav_2 queue size: 1
DEBUG: P2P Evaluation - targetUav uav_7 queue full. Evaluating peer uav_3 queue size: 2
DEBUG: P2P Evaluation - targetUav uav_7 queue full. Evaluating peer uav_4 queue size: 2
DEBUG: P2P Evaluation - targetUav uav_7 queue full. Evaluating peer uav_5 queue size: 0
DEBUG: P2P Evaluation - targetUav uav_7 queue full. Evaluating peer uav_6 queue size: 2
DEBUG: P2P Evaluation - targetUav uav_7 queue full. Evaluating peer uav_8 queue size: 5
DEBUG: P2P Evaluation - targetUav uav_7 queue full. Evaluating peer uav_9 queue size: 8
DEBUG: P2P Evaluation - targetUav uav_7 queue full. Evaluating peer uav_10 queue size: 5
DEBUG: P2P Evaluation - targetUav uav_7 queue full. Evaluating peer uav_11 queue size: 5
DEBUG: P2P Evaluation - targetUav uav_7 queue full. Evaluating peer uav_12 queue size: 4
DEBUG: P2P Evaluation - targetUav uav_7 queue full. Evaluating peer uav_13 queue size: 11
DEBUG: P2P Evaluation - targetUav uav_7 queue full. Evaluating peer uav_14 queue size: 8
DEBUG: P2P Evaluation - targetUav uav_7 queue full. Evaluating peer uav_15 queue size: 1
[METRIC_EPOCH] Epoch:3, Generated:100, Scheduled:46, Dropped:54, RuntimeMs:6.2540, UavUtil:1.0000, CapUtil:0.0296, RepairQ:0, Invalid:0, Reassigned:0
[CAR] Placed tours for 30 UAVs (30 server tours, 30 clusters).
DEBUG: P2P Evaluation - targetUav uav_0 queue full. Evaluating peer uav_1 queue size: 5
DEBUG: P2P Evaluation - targetUav uav_0 queue full. Evaluating peer uav_2 queue size: 1
DEBUG: P2P Evaluation - targetUav uav_0 queue full. Evaluating peer uav_3 queue size: 2
DEBUG: P2P Evaluation - targetUav uav_0 queue full. Evaluating peer uav_4 queue size: 2
DEBUG: P2P Evaluation - targetUav uav_7 queue full. Evaluating peer uav_0 queue size: 5
DEBUG: P2P Evaluation - targetUav uav_7 queue full. Evaluating peer uav_1 queue size: 5
DEBUG: P2P Evaluation - targetUav uav_7 queue full. Evaluating peer uav_2 queue size: 1
DEBUG: P2P Evaluation - targetUav uav_7 queue full. Evaluating peer uav_3 queue size: 2
DEBUG: P2P Evaluation - targetUav uav_7 queue full. Evaluating peer uav_4 queue size: 4
DEBUG: P2P Evaluation - targetUav uav_7 queue full. Evaluating peer uav_5 queue size: 1
DEBUG: P2P Evaluation - targetUav uav_7 queue full. Evaluating peer uav_6 queue size: 3
DEBUG: P2P Evaluation - targetUav uav_7 queue full. Evaluating peer uav_8 queue size: 5
DEBUG: P2P Evaluation - targetUav uav_7 queue full. Evaluating peer uav_9 queue size: 10
DEBUG: P2P Evaluation - targetUav uav_7 queue full. Evaluating peer uav_10 queue size: 5
DEBUG: P2P Evaluation - targetUav uav_7 queue full. Evaluating peer uav_11 queue size: 6
DEBUG: P2P Evaluation - targetUav uav_7 queue full. Evaluating peer uav_12 queue size: 4
DEBUG: P2P Evaluation - targetUav uav_7 queue full. Evaluating peer uav_13 queue size: 13
DEBUG: P2P Evaluation - targetUav uav_7 queue full. Evaluating peer uav_14 queue size: 8
DEBUG: P2P Evaluation - targetUav uav_7 queue full. Evaluating peer uav_15 queue size: 2
DEBUG: P2P Evaluation - targetUav uav_7 queue full. Evaluating peer uav_0 queue size: 5
DEBUG: P2P Evaluation - targetUav uav_7 queue full. Evaluating peer uav_1 queue size: 5
DEBUG: P2P Evaluation - targetUav uav_7 queue full. Evaluating peer uav_2 queue size: 1
DEBUG: P2P Evaluation - targetUav uav_7 queue full. Evaluating peer uav_3 queue size: 2
DEBUG: P2P Evaluation - targetUav uav_7 queue full. Evaluating peer uav_4 queue size: 4
DEBUG: P2P Evaluation - targetUav uav_7 queue full. Evaluating peer uav_5 queue size: 1
DEBUG: P2P Evaluation - targetUav uav_7 queue full. Evaluating peer uav_6 queue size: 3
DEBUG: P2P Evaluation - targetUav uav_7 queue full. Evaluating peer uav_8 queue size: 5
DEBUG: P2P Evaluation - targetUav uav_7 queue full. Evaluating peer uav_9 queue size: 10
DEBUG: P2P Evaluation - targetUav uav_7 queue full. Evaluating peer uav_10 queue size: 5
DEBUG: P2P Evaluation - targetUav uav_7 queue full. Evaluating peer uav_11 queue size: 6
DEBUG: P2P Evaluation - targetUav uav_7 queue full. Evaluating peer uav_12 queue size: 4
DEBUG: P2P Evaluation - targetUav uav_7 queue full. Evaluating peer uav_13 queue size: 13
DEBUG: P2P Evaluation - targetUav uav_7 queue full. Evaluating peer uav_14 queue size: 8
DEBUG: P2P Evaluation - targetUav uav_7 queue full. Evaluating peer uav_15 queue size: 3
DEBUG: P2P Evaluation - targetUav uav_0 queue full. Evaluating peer uav_1 queue size: 5
DEBUG: P2P Evaluation - targetUav uav_0 queue full. Evaluating peer uav_2 queue size: 1
DEBUG: P2P Evaluation - targetUav uav_0 queue full. Evaluating peer uav_3 queue size: 2
DEBUG: P2P Evaluation - targetUav uav_0 queue full. Evaluating peer uav_4 queue size: 4
DEBUG: P2P Evaluation - targetUav uav_0 queue full. Evaluating peer uav_1 queue size: 5
DEBUG: P2P Evaluation - targetUav uav_0 queue full. Evaluating peer uav_2 queue size: 1
DEBUG: P2P Evaluation - targetUav uav_0 queue full. Evaluating peer uav_3 queue size: 4
DEBUG: P2P Evaluation - targetUav uav_0 queue full. Evaluating peer uav_4 queue size: 6
[METRIC_EPOCH] Epoch:4, Generated:100, Scheduled:51, Dropped:49, RuntimeMs:8.7923, UavUtil:1.0000, CapUtil:0.0409, RepairQ:0, Invalid:0, Reassigned:0
Disconnected from CAR Pointer-Network Server.
Disconnected from MARL Allocation Server.

========== FINAL UAV BENCHMARK DASHBOARD ==========
UAV ID          | Tasks Completed | Data Processed (MB)  | Avg Latency (ms) | Energy Consumed (J) | Tasks Offloaded
----------------------------------------------------------------------------------------------------------------------
uav_0           | 142             | 67.7109              | 525.21           | 446209.1768         | 3              
uav_1           | 42              | 20.0272              | 542.03           | 477775.0032         | 0              
uav_2           | 0               | 0.0000               | 0.00             | 481081.6403         | 0              
uav_3           | 0               | 0.0000               | 0.00             | 499944.5850         | 0              
uav_4           | 0               | 0.0000               | 0.00             | 477561.6826         | 0              
uav_5           | 0               | 0.0000               | 0.00             | 454960.8486         | 0              
uav_6           | 0               | 0.0000               | 0.00             | 475523.8124         | 0              
uav_7           | 0               | 0.0000               | 0.00             | 497584.8104         | 3              
uav_8           | 0               | 0.0000               | 0.00             | 497251.3640         | 0              
uav_9           | 0               | 0.0000               | 0.00             | 496971.2690         | 0              
uav_10          | 0               | 0.0000               | 0.00             | 496732.6696         | 0              
uav_11          | 0               | 0.0000               | 0.00             | 496526.9805         | 0              
uav_12          | 0               | 0.0000               | 0.00             | 496347.8318         | 0              
uav_13          | 0               | 0.0000               | 0.00             | 496190.3982         | 0              
uav_14          | 0               | 0.0000               | 0.00             | 496050.9570         | 0              
uav_15          | 0               | 0.0000               | 0.00             | 471806.0762         | 0              
uav_16          | 0               | 0.0000               | 0.00             | 448055.4306         | 0              
uav_17          | 0               | 0.0000               | 0.00             | 447795.1377         | 0              
uav_18          | 0               | 0.0000               | 0.00             | 495622.9048         | 0              
uav_19          | 0               | 0.0000               | 0.00             | 495539.6725         | 0              
uav_20          | 0               | 0.0000               | 0.00             | 495463.5237         | 0              
uav_21          | 0               | 0.0000               | 0.00             | 495393.5912         | 0              
uav_22          | 0               | 0.0000               | 0.00             | 495329.1435         | 0              
uav_23          | 0               | 0.0000               | 0.00             | 446645.9200         | 0              
uav_24          | 0               | 0.0000               | 0.00             | 495214.3096         | 0              
uav_25          | 0               | 0.0000               | 0.00             | 470429.1369         | 0              
uav_26          | 0               | 0.0000               | 0.00             | 495115.0463         | 0              
uav_27          | 0               | 0.0000               | 0.00             | 495070.2965         | 0              
uav_28          | 0               | 0.0000               | 0.00             | 495028.3880         | 0              
uav_29          | 0               | 0.0000               | 0.00             | 470115.6184         | 0              
----------------------------------------------------------------------------------------------------------------------
System Total Tasks Completed: 184  |  System Total Throughput: 87.7380 MB  |  Average System Latency: 529.05 ms
===================================================

========== SCHEDULING ALGORITHM METRICS ==========
Total Tasks Successfully Scheduled : 184
Total Tasks Dropped              : 216
Scheduling Success Rate          : 46.00%
Average Scheduling Overhead      : 4.7249 ms per batch
System Total Offloaded Tasks     : 6
===================================================


               UAV Task Scheduling Benchmark Results               
╭──────────────────────────┬─────────────────────╮
│ Metric                   │ Value               │
├──────────────────────────┼─────────────────────┤
│ Average Throughput       │ 0.4600              │
│ Average Runtime (sec)    │ 0.004725            │
│ Average UAV Utilization  │ 0.8833              │
│ Average Capacity Util    │ 0.0249              │
│ Average Completed Tasks  │ 46.00               │
│ Average Failed Tasks     │ 54.00               │
│ Average Unassigned Tasks │ 54.00               │
╰──────────────────────────┴─────────────────────╯

========== FANET Simulation Finished ==========
