========== Starting FANET Simulation with MOGS Scheduler / CAR Trajectory ==========
Initialising...
Dynamically spawning 30 UAVs...
Attempting to connect to CAR Pointer-Network Server on port 5510...
SUCCESS: Connected to CAR Pointer-Network Server!
Attempting to connect to MARL Allocation Server on port 5501...
FAILED: Could not connect to MARL Allocation Server.
Scheduling simulation termination at 5000.0 ms.
0.0 Submitted application fanet_app
[CAR] Placed tours for 30 UAVs (30 server tours, 30 clusters).
[METRIC_EPOCH] Epoch:1, Generated:100, Scheduled:44, Dropped:56, RuntimeMs:4.3247, UavUtil:0.7333, CapUtil:0.0098, RepairQ:0, Invalid:0, Reassigned:0
[CAR] Placed tours for 30 UAVs (30 server tours, 30 clusters).
[METRIC_EPOCH] Epoch:2, Generated:100, Scheduled:43, Dropped:57, RuntimeMs:1.1288, UavUtil:0.9000, CapUtil:0.0193, RepairQ:0, Invalid:0, Reassigned:0
DEBUG: P2P Evaluation - targetUav uav_7 queue full. Evaluating peer uav_0 queue size: 3
DEBUG: P2P Evaluation - targetUav uav_7 queue full. Evaluating peer uav_1 queue size: 3
DEBUG: P2P Evaluation - targetUav uav_7 queue full. Evaluating peer uav_2 queue size: 3
DEBUG: P2P Evaluation - targetUav uav_7 queue full. Evaluating peer uav_3 queue size: 4
DEBUG: P2P Evaluation - targetUav uav_7 queue full. Evaluating peer uav_4 queue size: 7
DEBUG: P2P Evaluation - targetUav uav_7 queue full. Evaluating peer uav_5 queue size: 2
DEBUG: P2P Evaluation - targetUav uav_7 queue full. Evaluating peer uav_6 queue size: 4
DEBUG: P2P Evaluation - targetUav uav_7 queue full. Evaluating peer uav_8 queue size: 1
DEBUG: P2P Evaluation - targetUav uav_7 queue full. Evaluating peer uav_9 queue size: 3
DEBUG: P2P Evaluation - targetUav uav_7 queue full. Evaluating peer uav_10 queue size: 3
DEBUG: P2P Evaluation - targetUav uav_7 queue full. Evaluating peer uav_11 queue size: 1
DEBUG: P2P Evaluation - targetUav uav_7 queue full. Evaluating peer uav_12 queue size: 4
DEBUG: P2P Evaluation - targetUav uav_7 queue full. Evaluating peer uav_13 queue size: 1
DEBUG: P2P Evaluation - targetUav uav_7 queue full. Evaluating peer uav_14 queue size: 2
DEBUG: P2P Evaluation - targetUav uav_7 queue full. Evaluating peer uav_15 queue size: 1
DEBUG: P2P Evaluation - targetUav uav_7 queue full. Evaluating peer uav_16 queue size: 4
[METRIC_EPOCH] Epoch:3, Generated:100, Scheduled:39, Dropped:61, RuntimeMs:6.8363, UavUtil:0.9667, CapUtil:0.0280, RepairQ:0, Invalid:0, Reassigned:0
[CAR] Placed tours for 30 UAVs (30 server tours, 30 clusters).
DEBUG: P2P Evaluation - targetUav uav_7 queue full. Evaluating peer uav_0 queue size: 3
[METRIC_EPOCH] Epoch:4, Generated:100, Scheduled:47, Dropped:53, RuntimeMs:19.9598, UavUtil:1.0000, CapUtil:0.0384, RepairQ:0, Invalid:0, Reassigned:0
Disconnected from CAR Pointer-Network Server.
Disconnected from MARL Allocation Server.

========== FINAL UAV BENCHMARK DASHBOARD ==========
UAV ID          | Tasks Completed | Data Processed (MB)  | Avg Latency (ms) | Energy Consumed (J) | Tasks Offloaded
----------------------------------------------------------------------------------------------------------------------
uav_0           | 129             | 61.5120              | 588.25           | 438053.9045         | 0              
uav_1           | 44              | 20.9808              | 645.40           | 474235.8612         | 0              
uav_2           | 0               | 0.0000               | 0.00             | 501326.5153         | 0              
uav_3           | 0               | 0.0000               | 0.00             | 499998.5551         | 0              
uav_4           | 0               | 0.0000               | 0.00             | 499024.7176         | 0              
uav_5           | 0               | 0.0000               | 0.00             | 498280.0184         | 0              
uav_6           | 0               | 0.0000               | 0.00             | 497692.0980         | 0              
uav_7           | 0               | 0.0000               | 0.00             | 497216.1624         | 2              
uav_8           | 0               | 0.0000               | 0.00             | 441800.2180         | 0              
uav_9           | 0               | 0.0000               | 0.00             | 491779.4054         | 0              
uav_10          | 0               | 0.0000               | 0.00             | 491498.0746         | 0              
uav_11          | 0               | 0.0000               | 0.00             | 469241.7690         | 0              
uav_12          | 0               | 0.0000               | 0.00             | 491044.3152         | 0              
uav_13          | 0               | 0.0000               | 0.00             | 443403.3946         | 0              
uav_14          | 0               | 0.0000               | 0.00             | 468248.2488         | 0              
uav_15          | 0               | 0.0000               | 0.00             | 467988.6804         | 0              
uav_16          | 0               | 0.0000               | 0.00             | 495129.3678         | 0              
uav_17          | 0               | 0.0000               | 0.00             | 467545.5150         | 0              
uav_18          | 0               | 0.0000               | 0.00             | 494902.8940         | 0              
uav_19          | 0               | 0.0000               | 0.00             | 494804.7554         | 0              
uav_20          | 0               | 0.0000               | 0.00             | 494714.9689         | 0              
uav_21          | 0               | 0.0000               | 0.00             | 418516.7699         | 0              
uav_22          | 0               | 0.0000               | 0.00             | 494556.5223         | 0              
uav_23          | 0               | 0.0000               | 0.00             | 489772.9328         | 0              
uav_24          | 0               | 0.0000               | 0.00             | 494421.1224         | 0              
uav_25          | 0               | 0.0000               | 0.00             | 494360.5488         | 0              
uav_26          | 0               | 0.0000               | 0.00             | 494304.0819         | 0              
uav_27          | 0               | 0.0000               | 0.00             | 494251.3177         | 0              
uav_28          | 0               | 0.0000               | 0.00             | 494201.9036         | 0              
uav_29          | 0               | 0.0000               | 0.00             | 489442.1956         | 0              
----------------------------------------------------------------------------------------------------------------------
System Total Tasks Completed: 173  |  System Total Throughput: 82.4928 MB  |  Average System Latency: 602.79 ms
===================================================

========== SCHEDULING ALGORITHM METRICS ==========
Total Tasks Successfully Scheduled : 173
Total Tasks Dropped              : 227
Scheduling Success Rate          : 43.25%
Average Scheduling Overhead      : 8.0624 ms per batch
System Total Offloaded Tasks     : 2
===================================================


               UAV Task Scheduling Benchmark Results               
╭──────────────────────────┬─────────────────────╮
│ Metric                   │ Value               │
├──────────────────────────┼─────────────────────┤
│ Average Throughput       │ 0.4325              │
│ Average Runtime (sec)    │ 0.008062            │
│ Average UAV Utilization  │ 0.9000              │
│ Average Capacity Util    │ 0.0239              │
│ Average Completed Tasks  │ 43.25               │
│ Average Failed Tasks     │ 56.75               │
│ Average Unassigned Tasks │ 56.75               │
╰──────────────────────────┴─────────────────────╯

========== FANET Simulation Finished ==========
