========== Starting FANET Simulation with MOGS Scheduler / CAR Trajectory ==========
Initialising...
Dynamically spawning 30 UAVs...
Attempting to connect to CAR Pointer-Network Server on port 5510...
FAILED: Could not connect to CAR Pointer-Network Server.
Attempting to connect to MARL Allocation Server on port 5501...
FAILED: Could not connect to MARL Allocation Server.
Scheduling simulation termination at 5000.0 ms.
0.0 Submitted application fanet_app
[METRIC_EPOCH] Epoch:1, Generated:100, Scheduled:29, Dropped:71, RuntimeMs:6.8420, UavUtil:0.3667, CapUtil:0.0064, RepairQ:0, Invalid:0, Reassigned:0
[METRIC_EPOCH] Epoch:2, Generated:100, Scheduled:14, Dropped:86, RuntimeMs:1.0511, UavUtil:0.4667, CapUtil:0.0096, RepairQ:0, Invalid:0, Reassigned:0
[METRIC_EPOCH] Epoch:3, Generated:100, Scheduled:24, Dropped:76, RuntimeMs:1.0142, UavUtil:0.5000, CapUtil:0.0149, RepairQ:0, Invalid:0, Reassigned:0
DEBUG: P2P Evaluation - targetUav uav_0 queue full. Evaluating peer uav_1 queue size: 0
[METRIC_EPOCH] Epoch:4, Generated:100, Scheduled:19, Dropped:81, RuntimeMs:5.8581, UavUtil:0.5333, CapUtil:0.0191, RepairQ:0, Invalid:0, Reassigned:0
Disconnected from CAR Pointer-Network Server.
Disconnected from MARL Allocation Server.

========== FINAL UAV BENCHMARK DASHBOARD ==========
UAV ID          | Tasks Completed | Data Processed (MB)  | Avg Latency (ms) | Energy Consumed (J) | Tasks Offloaded
----------------------------------------------------------------------------------------------------------------------
uav_0           | 53              | 25.2724              | 643.37           | 422621.7190         | 1              
uav_1           | 0               | 0.0000               | 0.00             | 451219.4983         | 0              
uav_2           | 19              | 9.0599               | 411.88           | 483734.2588         | 0              
uav_3           | 14              | 6.6757               | 554.26           | 420620.1227         | 0              
uav_4           | 0               | 0.0000               | 0.00             | 494884.0692         | 0              
uav_5           | 0               | 0.0000               | 0.00             | 453203.0575         | 0              
uav_6           | 0               | 0.0000               | 0.00             | 424236.0555         | 0              
uav_7           | 0               | 0.0000               | 0.00             | 493108.2389         | 0              
uav_8           | 0               | 0.0000               | 0.00             | 421555.5537         | 0              
uav_9           | 0               | 0.0000               | 0.00             | 420536.9630         | 0              
uav_10          | 0               | 0.0000               | 0.00             | 492121.6665         | 0              
uav_11          | 0               | 0.0000               | 0.00             | 418921.2674         | 0              
uav_12          | 0               | 0.0000               | 0.00             | 491676.1177         | 0              
uav_13          | 0               | 0.0000               | 0.00             | 491493.8477         | 0              
uav_14          | 0               | 0.0000               | 0.00             | 417190.1650         | 0              
uav_15          | 0               | 0.0000               | 0.00             | 416737.8950         | 0              
uav_16          | 0               | 0.0000               | 0.00             | 416332.0117         | 0              
uav_17          | 0               | 0.0000               | 0.00             | 415965.7267         | 0              
uav_18          | 0               | 0.0000               | 0.00             | 469356.5413         | 0              
uav_19          | 0               | 0.0000               | 0.00             | 415330.8328         | 0              
uav_20          | 0               | 0.0000               | 0.00             | 490652.3033         | 0              
uav_21          | 0               | 0.0000               | 0.00             | 414799.5950         | 0              
uav_22          | 0               | 0.0000               | 0.00             | 468808.4458         | 0              
uav_23          | 0               | 0.0000               | 0.00             | 414348.5441         | 0              
uav_24          | 0               | 0.0000               | 0.00             | 414147.6214         | 0              
uav_25          | 0               | 0.0000               | 0.00             | 490304.2963         | 0              
uav_26          | 0               | 0.0000               | 0.00             | 413786.6416         | 0              
uav_27          | 0               | 0.0000               | 0.00             | 413623.9048         | 0              
uav_28          | 0               | 0.0000               | 0.00             | 490148.5217         | 0              
uav_29          | 0               | 0.0000               | 0.00             | 490102.9876         | 0              
----------------------------------------------------------------------------------------------------------------------
System Total Tasks Completed: 86  |  System Total Throughput: 41.0080 MB  |  Average System Latency: 577.72 ms
===================================================

========== SCHEDULING ALGORITHM METRICS ==========
Total Tasks Successfully Scheduled : 86
Total Tasks Dropped              : 314
Scheduling Success Rate          : 21.50%
Average Scheduling Overhead      : 3.6913 ms per batch
System Total Offloaded Tasks     : 1
===================================================


               UAV Task Scheduling Benchmark Results               
╭──────────────────────────┬─────────────────────╮
│ Metric                   │ Value               │
├──────────────────────────┼─────────────────────┤
│ Average Throughput       │ 0.2150              │
│ Average Runtime (sec)    │ 0.003691            │
│ Average UAV Utilization  │ 0.4667              │
│ Average Capacity Util    │ 0.0125              │
│ Average Completed Tasks  │ 21.50               │
│ Average Failed Tasks     │ 78.50               │
│ Average Unassigned Tasks │ 78.50               │
╰──────────────────────────┴─────────────────────╯

========== FANET Simulation Finished ==========
