========== Starting FANET Simulation with MOGS Scheduler / CAR Trajectory ==========
Initialising...
Dynamically spawning 30 UAVs...
Attempting to connect to CAR Pointer-Network Server on port 5510...
SUCCESS: Connected to CAR Pointer-Network Server!
Attempting to connect to MARL Allocation Server on port 5501...
FAILED: Could not connect to MARL Allocation Server.
Scheduling simulation termination at 5000.0 ms.
0.0 Submitted application fanet_app
[CAR] Placed tours for 30 UAVs (30 server tours, 30 clusters).
[METRIC_EPOCH] Epoch:1, Generated:100, Scheduled:40, Dropped:60, RuntimeMs:4.4659, UavUtil:0.8333, CapUtil:0.0089, RepairQ:0, Invalid:0, Reassigned:0
[CAR] Placed tours for 30 UAVs (30 server tours, 30 clusters).
[METRIC_EPOCH] Epoch:2, Generated:100, Scheduled:32, Dropped:68, RuntimeMs:1.8315, UavUtil:0.9000, CapUtil:0.0160, RepairQ:0, Invalid:0, Reassigned:0
[METRIC_EPOCH] Epoch:3, Generated:100, Scheduled:48, Dropped:52, RuntimeMs:5.0049, UavUtil:0.9667, CapUtil:0.0267, RepairQ:0, Invalid:0, Reassigned:0
[CAR] Placed tours for 30 UAVs (30 server tours, 30 clusters).
[METRIC_EPOCH] Epoch:4, Generated:100, Scheduled:34, Dropped:66, RuntimeMs:1.0032, UavUtil:0.9667, CapUtil:0.0342, RepairQ:0, Invalid:0, Reassigned:0
Disconnected from CAR Pointer-Network Server.
Disconnected from MARL Allocation Server.

========== FINAL UAV BENCHMARK DASHBOARD ==========
UAV ID          | Tasks Completed | Data Processed (MB)  | Avg Latency (ms) | Energy Consumed (J) | Tasks Offloaded
----------------------------------------------------------------------------------------------------------------------
uav_0           | 106             | 50.5447              | 497.01           | 421462.2925         | 0              
uav_1           | 48              | 22.8882              | 541.03           | 464579.2376         | 0              
uav_2           | 0               | 0.0000               | 0.00             | 500171.8741         | 0              
uav_3           | 0               | 0.0000               | 0.00             | 499004.9408         | 0              
uav_4           | 0               | 0.0000               | 0.00             | 498149.1897         | 0              
uav_5           | 0               | 0.0000               | 0.00             | 497494.7918         | 0              
uav_6           | 0               | 0.0000               | 0.00             | 496978.1619         | 0              
uav_7           | 0               | 0.0000               | 0.00             | 496559.9377         | 0              
uav_8           | 0               | 0.0000               | 0.00             | 496214.4481         | 0              
uav_9           | 0               | 0.0000               | 0.00             | 495924.2369         | 0              
uav_10          | 0               | 0.0000               | 0.00             | 495677.0199         | 0              
uav_11          | 0               | 0.0000               | 0.00             | 473937.9185         | 0              
uav_12          | 0               | 0.0000               | 0.00             | 495278.2828         | 0              
uav_13          | 0               | 0.0000               | 0.00             | 452373.5300         | 0              
uav_14          | 0               | 0.0000               | 0.00             | 494970.6857         | 0              
uav_15          | 0               | 0.0000               | 0.00             | 494841.8274         | 0              
uav_16          | 0               | 0.0000               | 0.00             | 472679.4961         | 0              
uav_17          | 0               | 0.0000               | 0.00             | 494621.8255         | 0              
uav_18          | 0               | 0.0000               | 0.00             | 494527.1735         | 0              
uav_19          | 0               | 0.0000               | 0.00             | 494440.9350         | 0              
uav_20          | 0               | 0.0000               | 0.00             | 494362.0360         | 0              
uav_21          | 0               | 0.0000               | 0.00             | 494289.5777         | 0              
uav_22          | 0               | 0.0000               | 0.00             | 494222.8024         | 0              
uav_23          | 0               | 0.0000               | 0.00             | 494161.0667         | 0              
uav_24          | 0               | 0.0000               | 0.00             | 494103.8209         | 0              
uav_25          | 0               | 0.0000               | 0.00             | 494050.5924         | 0              
uav_26          | 0               | 0.0000               | 0.00             | 449715.4627         | 0              
uav_27          | 0               | 0.0000               | 0.00             | 493954.6065         | 0              
uav_28          | 0               | 0.0000               | 0.00             | 413471.5006         | 0              
uav_29          | 0               | 0.0000               | 0.00             | 493870.4343         | 0              
----------------------------------------------------------------------------------------------------------------------
System Total Tasks Completed: 154  |  System Total Throughput: 73.4329 MB  |  Average System Latency: 510.73 ms
===================================================

========== SCHEDULING ALGORITHM METRICS ==========
Total Tasks Successfully Scheduled : 154
Total Tasks Dropped              : 246
Scheduling Success Rate          : 38.50%
Average Scheduling Overhead      : 3.0764 ms per batch
System Total Offloaded Tasks     : 0
===================================================


               UAV Task Scheduling Benchmark Results               
╭──────────────────────────┬─────────────────────╮
│ Metric                   │ Value               │
├──────────────────────────┼─────────────────────┤
│ Average Throughput       │ 0.3850              │
│ Average Runtime (sec)    │ 0.003076            │
│ Average UAV Utilization  │ 0.9167              │
│ Average Capacity Util    │ 0.0214              │
│ Average Completed Tasks  │ 38.50               │
│ Average Failed Tasks     │ 61.50               │
│ Average Unassigned Tasks │ 61.50               │
╰──────────────────────────┴─────────────────────╯

========== FANET Simulation Finished ==========
