========== Starting FANET Simulation with MOGS Scheduler / CAR Trajectory ==========
Initialising...
Dynamically spawning 30 UAVs...
Attempting to connect to CAR Pointer-Network Server on port 5510...
FAILED: Could not connect to CAR Pointer-Network Server.
Attempting to connect to MARL Allocation Server on port 5501...
FAILED: Could not connect to MARL Allocation Server.
Scheduling simulation termination at 5000.0 ms.
0.0 Submitted application fanet_app
[METRIC_EPOCH] Epoch:1, Generated:100, Scheduled:14, Dropped:86, RuntimeMs:4.6812, UavUtil:0.2000, CapUtil:0.0031, RepairQ:0, Invalid:0, Reassigned:0
[METRIC_EPOCH] Epoch:2, Generated:100, Scheduled:9, Dropped:91, RuntimeMs:1.0041, UavUtil:0.2667, CapUtil:0.0051, RepairQ:0, Invalid:0, Reassigned:0
[METRIC_EPOCH] Epoch:3, Generated:100, Scheduled:16, Dropped:84, RuntimeMs:0.9471, UavUtil:0.3000, CapUtil:0.0087, RepairQ:0, Invalid:0, Reassigned:0
[METRIC_EPOCH] Epoch:4, Generated:100, Scheduled:9, Dropped:91, RuntimeMs:1.1129, UavUtil:0.3000, CapUtil:0.0107, RepairQ:0, Invalid:0, Reassigned:0
Disconnected from CAR Pointer-Network Server.
Disconnected from MARL Allocation Server.

========== FINAL UAV BENCHMARK DASHBOARD ==========
UAV ID          | Tasks Completed | Data Processed (MB)  | Avg Latency (ms) | Energy Consumed (J) | Tasks Offloaded
----------------------------------------------------------------------------------------------------------------------
uav_0           | 0               | 0.0000               | 0.00             | 450658.1450         | 0              
uav_1           | 39              | 18.5966              | 529.47           | 419020.5804         | 0              
uav_2           | 0               | 0.0000               | 0.00             | 435445.4268         | 0              
uav_3           | 9               | 4.2915               | 410.45           | 456762.1157         | 0              
uav_4           | 0               | 0.0000               | 0.00             | 428346.1583         | 0              
uav_5           | 0               | 0.0000               | 0.00             | 426049.3362         | 0              
uav_6           | 0               | 0.0000               | 0.00             | 496331.1820         | 0              
uav_7           | 0               | 0.0000               | 0.00             | 422768.1617         | 0              
uav_8           | 0               | 0.0000               | 0.00             | 421555.5537         | 0              
uav_9           | 0               | 0.0000               | 0.00             | 453512.4271         | 0              
uav_10          | 0               | 0.0000               | 0.00             | 419669.2746         | 0              
uav_11          | 0               | 0.0000               | 0.00             | 494783.1194         | 0              
uav_12          | 0               | 0.0000               | 0.00             | 418269.7773         | 0              
uav_13          | 0               | 0.0000               | 0.00             | 494426.5959         | 0              
uav_14          | 0               | 0.0000               | 0.00             | 494278.8933         | 0              
uav_15          | 0               | 0.0000               | 0.00             | 416737.8950         | 0              
uav_16          | 0               | 0.0000               | 0.00             | 416332.0117         | 0              
uav_17          | 0               | 0.0000               | 0.00             | 415965.7267         | 0              
uav_18          | 0               | 0.0000               | 0.00             | 415633.5148         | 0              
uav_19          | 0               | 0.0000               | 0.00             | 415330.8328         | 0              
uav_20          | 0               | 0.0000               | 0.00             | 415053.9110         | 0              
uav_21          | 0               | 0.0000               | 0.00             | 414799.5950         | 0              
uav_22          | 0               | 0.0000               | 0.00             | 414565.2254         | 0              
uav_23          | 0               | 0.0000               | 0.00             | 414348.5441         | 0              
uav_24          | 0               | 0.0000               | 0.00             | 493392.6777         | 0              
uav_25          | 0               | 0.0000               | 0.00             | 413960.7985         | 0              
uav_26          | 0               | 0.0000               | 0.00             | 470885.9277         | 0              
uav_27          | 0               | 0.0000               | 0.00             | 413623.9048         | 0              
uav_28          | 0               | 0.0000               | 0.00             | 413471.5006         | 0              
uav_29          | 0               | 0.0000               | 0.00             | 413328.4750         | 0              
----------------------------------------------------------------------------------------------------------------------
System Total Tasks Completed: 48  |  System Total Throughput: 22.8882 MB  |  Average System Latency: 507.15 ms
===================================================

========== SCHEDULING ALGORITHM METRICS ==========
Total Tasks Successfully Scheduled : 48
Total Tasks Dropped              : 352
Scheduling Success Rate          : 12.00%
Average Scheduling Overhead      : 1.9363 ms per batch
System Total Offloaded Tasks     : 0
===================================================


               UAV Task Scheduling Benchmark Results               
╭──────────────────────────┬─────────────────────╮
│ Metric                   │ Value               │
├──────────────────────────┼─────────────────────┤
│ Average Throughput       │ 0.1200              │
│ Average Runtime (sec)    │ 0.001936            │
│ Average UAV Utilization  │ 0.2667              │
│ Average Capacity Util    │ 0.0069              │
│ Average Completed Tasks  │ 12.00               │
│ Average Failed Tasks     │ 88.00               │
│ Average Unassigned Tasks │ 88.00               │
╰──────────────────────────┴─────────────────────╯

========== FANET Simulation Finished ==========
