========== Starting FANET Simulation with MOGS Scheduler / CAR Trajectory ==========
Initialising...
Dynamically spawning 30 UAVs...
Attempting to connect to CAR Pointer-Network Server on port 5510...
SUCCESS: Connected to CAR Pointer-Network Server!
Attempting to connect to MARL Allocation Server on port 5501...
FAILED: Could not connect to MARL Allocation Server.
Scheduling simulation termination at 5000.0 ms.
0.0 Submitted application fanet_app
[CAR] Placed tours for 30 UAVs (30 server tours, 30 clusters).
[METRIC_EPOCH] Epoch:1, Generated:100, Scheduled:52, Dropped:48, RuntimeMs:3.7047, UavUtil:0.7333, CapUtil:0.0116, RepairQ:0, Invalid:0, Reassigned:0
[CAR] Placed tours for 30 UAVs (30 server tours, 30 clusters).
DEBUG: P2P Evaluation - targetUav uav_4 queue full. Evaluating peer uav_0 queue size: 0
DEBUG: P2P Evaluation - targetUav uav_4 queue full. Evaluating peer uav_1 queue size: 0
DEBUG: P2P Evaluation - targetUav uav_4 queue full. Evaluating peer uav_2 queue size: 2
DEBUG: P2P Evaluation - targetUav uav_4 queue full. Evaluating peer uav_3 queue size: 2
DEBUG: P2P Evaluation - targetUav uav_4 queue full. Evaluating peer uav_5 queue size: 1
DEBUG: P2P Evaluation - targetUav uav_4 queue full. Evaluating peer uav_6 queue size: 0
DEBUG: P2P Evaluation - targetUav uav_4 queue full. Evaluating peer uav_7 queue size: 9
DEBUG: P2P Evaluation - targetUav uav_4 queue full. Evaluating peer uav_8 queue size: 5
DEBUG: P2P Evaluation - targetUav uav_4 queue full. Evaluating peer uav_9 queue size: 6
DEBUG: P2P Evaluation - targetUav uav_4 queue full. Evaluating peer uav_10 queue size: 2
DEBUG: P2P Evaluation - targetUav uav_4 queue full. Evaluating peer uav_11 queue size: 1
DEBUG: P2P Evaluation - targetUav uav_4 queue full. Evaluating peer uav_12 queue size: 0
DEBUG: P2P Evaluation - targetUav uav_4 queue full. Evaluating peer uav_13 queue size: 1
DEBUG: P2P Evaluation - targetUav uav_4 queue full. Evaluating peer uav_14 queue size: 0
DEBUG: P2P Evaluation - targetUav uav_4 queue full. Evaluating peer uav_15 queue size: 1
DEBUG: P2P Evaluation - targetUav uav_4 queue full. Evaluating peer uav_16 queue size: 2
DEBUG: P2P Evaluation - targetUav uav_4 queue full. Evaluating peer uav_0 queue size: 1
DEBUG: P2P Evaluation - targetUav uav_4 queue full. Evaluating peer uav_1 queue size: 0
DEBUG: P2P Evaluation - targetUav uav_4 queue full. Evaluating peer uav_2 queue size: 2
DEBUG: P2P Evaluation - targetUav uav_4 queue full. Evaluating peer uav_3 queue size: 2
DEBUG: P2P Evaluation - targetUav uav_4 queue full. Evaluating peer uav_5 queue size: 1
DEBUG: P2P Evaluation - targetUav uav_4 queue full. Evaluating peer uav_6 queue size: 0
DEBUG: P2P Evaluation - targetUav uav_4 queue full. Evaluating peer uav_7 queue size: 14
DEBUG: P2P Evaluation - targetUav uav_4 queue full. Evaluating peer uav_8 queue size: 7
DEBUG: P2P Evaluation - targetUav uav_4 queue full. Evaluating peer uav_9 queue size: 7
DEBUG: P2P Evaluation - targetUav uav_4 queue full. Evaluating peer uav_10 queue size: 4
DEBUG: P2P Evaluation - targetUav uav_4 queue full. Evaluating peer uav_11 queue size: 1
DEBUG: P2P Evaluation - targetUav uav_4 queue full. Evaluating peer uav_12 queue size: 1
DEBUG: P2P Evaluation - targetUav uav_4 queue full. Evaluating peer uav_13 queue size: 2
DEBUG: P2P Evaluation - targetUav uav_4 queue full. Evaluating peer uav_14 queue size: 2
DEBUG: P2P Evaluation - targetUav uav_4 queue full. Evaluating peer uav_15 queue size: 1
DEBUG: P2P Evaluation - targetUav uav_4 queue full. Evaluating peer uav_16 queue size: 5
[METRIC_EPOCH] Epoch:2, Generated:100, Scheduled:48, Dropped:52, RuntimeMs:6.9492, UavUtil:0.9333, CapUtil:0.0222, RepairQ:0, Invalid:0, Reassigned:0
DEBUG: P2P Evaluation - targetUav uav_7 queue full. Evaluating peer uav_0 queue size: 1
[METRIC_EPOCH] Epoch:3, Generated:100, Scheduled:43, Dropped:57, RuntimeMs:1.2117, UavUtil:1.0000, CapUtil:0.0318, RepairQ:0, Invalid:0, Reassigned:0
[CAR] Placed tours for 30 UAVs (30 server tours, 30 clusters).
DEBUG: P2P Evaluation - targetUav uav_7 queue full. Evaluating peer uav_0 queue size: 3
DEBUG: P2P Evaluation - targetUav uav_7 queue full. Evaluating peer uav_0 queue size: 4
DEBUG: P2P Evaluation - targetUav uav_7 queue full. Evaluating peer uav_1 queue size: 4
DEBUG: P2P Evaluation - targetUav uav_7 queue full. Evaluating peer uav_0 queue size: 4
DEBUG: P2P Evaluation - targetUav uav_0 queue full. Evaluating peer uav_1 queue size: 5
DEBUG: P2P Evaluation - targetUav uav_1 queue full. Evaluating peer uav_0 queue size: 5
DEBUG: P2P Evaluation - targetUav uav_1 queue full. Evaluating peer uav_2 queue size: 2
DEBUG: P2P Evaluation - targetUav uav_1 queue full. Evaluating peer uav_3 queue size: 5
DEBUG: P2P Evaluation - targetUav uav_1 queue full. Evaluating peer uav_4 queue size: 14
DEBUG: P2P Evaluation - targetUav uav_1 queue full. Evaluating peer uav_5 queue size: 1
DEBUG: P2P Evaluation - targetUav uav_1 queue full. Evaluating peer uav_6 queue size: 1
DEBUG: P2P Evaluation - targetUav uav_1 queue full. Evaluating peer uav_7 queue size: 22
DEBUG: P2P Evaluation - targetUav uav_1 queue full. Evaluating peer uav_8 queue size: 9
DEBUG: P2P Evaluation - targetUav uav_1 queue full. Evaluating peer uav_9 queue size: 8
DEBUG: P2P Evaluation - targetUav uav_1 queue full. Evaluating peer uav_10 queue size: 6
DEBUG: P2P Evaluation - targetUav uav_1 queue full. Evaluating peer uav_11 queue size: 1
DEBUG: P2P Evaluation - targetUav uav_1 queue full. Evaluating peer uav_12 queue size: 5
DEBUG: P2P Evaluation - targetUav uav_1 queue full. Evaluating peer uav_13 queue size: 3
DEBUG: P2P Evaluation - targetUav uav_1 queue full. Evaluating peer uav_14 queue size: 2
DEBUG: P2P Evaluation - targetUav uav_7 queue full. Evaluating peer uav_0 queue size: 5
DEBUG: P2P Evaluation - targetUav uav_1 queue full. Evaluating peer uav_0 queue size: 6
DEBUG: P2P Evaluation - targetUav uav_1 queue full. Evaluating peer uav_2 queue size: 3
DEBUG: P2P Evaluation - targetUav uav_1 queue full. Evaluating peer uav_3 queue size: 5
DEBUG: P2P Evaluation - targetUav uav_1 queue full. Evaluating peer uav_4 queue size: 14
DEBUG: P2P Evaluation - targetUav uav_1 queue full. Evaluating peer uav_5 queue size: 1
DEBUG: P2P Evaluation - targetUav uav_1 queue full. Evaluating peer uav_6 queue size: 1
DEBUG: P2P Evaluation - targetUav uav_1 queue full. Evaluating peer uav_7 queue size: 22
DEBUG: P2P Evaluation - targetUav uav_1 queue full. Evaluating peer uav_8 queue size: 9
DEBUG: P2P Evaluation - targetUav uav_1 queue full. Evaluating peer uav_9 queue size: 8
DEBUG: P2P Evaluation - targetUav uav_1 queue full. Evaluating peer uav_10 queue size: 6
DEBUG: P2P Evaluation - targetUav uav_1 queue full. Evaluating peer uav_11 queue size: 1
DEBUG: P2P Evaluation - targetUav uav_1 queue full. Evaluating peer uav_12 queue size: 5
DEBUG: P2P Evaluation - targetUav uav_1 queue full. Evaluating peer uav_13 queue size: 3
DEBUG: P2P Evaluation - targetUav uav_1 queue full. Evaluating peer uav_14 queue size: 3
[METRIC_EPOCH] Epoch:4, Generated:100, Scheduled:40, Dropped:60, RuntimeMs:4.9332, UavUtil:1.0000, CapUtil:0.0407, RepairQ:0, Invalid:0, Reassigned:0
Disconnected from CAR Pointer-Network Server.
Disconnected from MARL Allocation Server.

========== FINAL UAV BENCHMARK DASHBOARD ==========
UAV ID          | Tasks Completed | Data Processed (MB)  | Avg Latency (ms) | Energy Consumed (J) | Tasks Offloaded
----------------------------------------------------------------------------------------------------------------------
uav_0           | 83              | 39.5775              | 447.43           | 455877.9036         | 1              
uav_1           | 0               | 0.0000               | 0.00             | 463674.4568         | 2              
uav_2           | 52              | 24.7955              | 484.74           | 427203.9662         | 0              
uav_3           | 48              | 22.8882              | 480.43           | 472472.3931         | 0              
uav_4           | 0               | 0.0000               | 0.00             | 495841.8632         | 2              
uav_5           | 0               | 0.0000               | 0.00             | 473328.3929         | 0              
uav_6           | 0               | 0.0000               | 0.00             | 451065.8246         | 0              
uav_7           | 0               | 0.0000               | 0.00             | 494120.7640         | 5              
uav_8           | 0               | 0.0000               | 0.00             | 493746.6119         | 0              
uav_9           | 0               | 0.0000               | 0.00             | 493432.3243         | 0              
uav_10          | 0               | 0.0000               | 0.00             | 493164.5977         | 0              
uav_11          | 0               | 0.0000               | 0.00             | 492933.7990         | 0              
uav_12          | 0               | 0.0000               | 0.00             | 469230.1843         | 0              
uav_13          | 0               | 0.0000               | 0.00             | 492556.1283         | 0              
uav_14          | 0               | 0.0000               | 0.00             | 468661.4533         | 0              
uav_15          | 0               | 0.0000               | 0.00             | 468423.2011         | 0              
uav_16          | 0               | 0.0000               | 0.00             | 492134.8802         | 0              
uav_17          | 0               | 0.0000               | 0.00             | 492021.8624         | 0              
uav_18          | 0               | 0.0000               | 0.00             | 491919.3579         | 0              
uav_19          | 0               | 0.0000               | 0.00             | 491825.9650         | 0              
uav_20          | 0               | 0.0000               | 0.00             | 467536.0920         | 0              
uav_21          | 0               | 0.0000               | 0.00             | 491662.0507         | 0              
uav_22          | 0               | 0.0000               | 0.00             | 491589.7357         | 0              
uav_23          | 0               | 0.0000               | 0.00             | 491522.8783         | 0              
uav_24          | 0               | 0.0000               | 0.00             | 491460.8833         | 0              
uav_25          | 0               | 0.0000               | 0.00             | 491403.2388         | 0              
uav_26          | 0               | 0.0000               | 0.00             | 491349.5025         | 0              
uav_27          | 0               | 0.0000               | 0.00             | 491299.2898         | 0              
uav_28          | 0               | 0.0000               | 0.00             | 491252.2652         | 0              
uav_29          | 0               | 0.0000               | 0.00             | 491208.1345         | 0              
----------------------------------------------------------------------------------------------------------------------
System Total Tasks Completed: 183  |  System Total Throughput: 87.2612 MB  |  Average System Latency: 466.69 ms
===================================================

========== SCHEDULING ALGORITHM METRICS ==========
Total Tasks Successfully Scheduled : 183
Total Tasks Dropped              : 217
Scheduling Success Rate          : 45.75%
Average Scheduling Overhead      : 4.1997 ms per batch
System Total Offloaded Tasks     : 10
===================================================


               UAV Task Scheduling Benchmark Results               
╭──────────────────────────┬─────────────────────╮
│ Metric                   │ Value               │
├──────────────────────────┼─────────────────────┤
│ Average Throughput       │ 0.4575              │
│ Average Runtime (sec)    │ 0.004200            │
│ Average UAV Utilization  │ 0.9167              │
│ Average Capacity Util    │ 0.0266              │
│ Average Completed Tasks  │ 45.75               │
│ Average Failed Tasks     │ 54.25               │
│ Average Unassigned Tasks │ 54.25               │
╰──────────────────────────┴─────────────────────╯

========== FANET Simulation Finished ==========
