========== Starting FANET Simulation with MOGS Scheduler / CAR Trajectory ==========
Initialising...
Dynamically spawning 30 UAVs...
Attempting to connect to CAR Pointer-Network Server on port 5510...
SUCCESS: Connected to CAR Pointer-Network Server!
Attempting to connect to MARL Allocation Server on port 5501...
SUCCESS: Connected to MARL Allocation Server!
Scheduling simulation termination at 5000.0 ms.
0.0 Submitted application fanet_app
[CAR] Placed tours for 30 UAVs (30 server tours, 30 clusters).
[METRIC_EPOCH] Epoch:1, Generated:100, Scheduled:36, Dropped:64, RuntimeMs:8.1830, UavUtil:0.7000, CapUtil:0.0080, RepairQ:0, Invalid:0, Reassigned:0
[CAR] Placed tours for 30 UAVs (30 server tours, 30 clusters).
[METRIC_EPOCH] Epoch:2, Generated:100, Scheduled:35, Dropped:65, RuntimeMs:1.0861, UavUtil:0.9333, CapUtil:0.0158, RepairQ:0, Invalid:0, Reassigned:0
[METRIC_EPOCH] Epoch:3, Generated:100, Scheduled:40, Dropped:60, RuntimeMs:1.5896, UavUtil:1.0000, CapUtil:0.0247, RepairQ:0, Invalid:0, Reassigned:0
[CAR] Placed tours for 30 UAVs (30 server tours, 30 clusters).
[METRIC_EPOCH] Epoch:4, Generated:100, Scheduled:29, Dropped:71, RuntimeMs:1.0637, UavUtil:1.0000, CapUtil:0.0311, RepairQ:0, Invalid:0, Reassigned:0
[METRIC_EPOCH] Epoch:5, Generated:100, Scheduled:48, Dropped:52, RuntimeMs:1.2183, UavUtil:1.0000, CapUtil:0.0418, RepairQ:0, Invalid:0, Reassigned:0
Disconnected from CAR Pointer-Network Server.
Disconnected from MARL Allocation Server.

========== FINAL UAV BENCHMARK DASHBOARD ==========
UAV ID          | Tasks Completed | Data Processed (MB)  | Avg Latency (ms) | Energy Consumed (J) | Tasks Offloaded
----------------------------------------------------------------------------------------------------------------------
uav_0           | 124             | 59.1278              | 478.62           | 428570.9545         | 0              
uav_1           | 0               | 0.0000               | 0.00             | 508088.9209         | 0              
uav_2           | 35              | 16.6893              | 468.46           | 469226.4776         | 0              
uav_3           | 29              | 13.8283              | 355.32           | 477325.7692         | 0              
uav_4           | 0               | 0.0000               | 0.00             | 496853.8973         | 0              
uav_5           | 0               | 0.0000               | 0.00             | 503523.0852         | 0              
uav_6           | 0               | 0.0000               | 0.00             | 495628.3309         | 0              
uav_7           | 0               | 0.0000               | 0.00             | 465325.0266         | 0              
uav_8           | 0               | 0.0000               | 0.00             | 482921.9646         | 0              
uav_9           | 0               | 0.0000               | 0.00             | 482430.3236         | 0              
uav_10          | 0               | 0.0000               | 0.00             | 463283.2807         | 0              
uav_11          | 0               | 0.0000               | 0.00             | 501397.6099         | 0              
uav_12          | 0               | 0.0000               | 0.00             | 501203.3461         | 0              
uav_13          | 0               | 0.0000               | 0.00             | 501032.6293         | 0              
uav_14          | 0               | 0.0000               | 0.00             | 500881.4231         | 0              
uav_15          | 0               | 0.0000               | 0.00             | 500746.5635         | 0              
uav_16          | 0               | 0.0000               | 0.00             | 500625.5356         | 0              
uav_17          | 0               | 0.0000               | 0.00             | 480223.9349         | 0              
uav_18          | 0               | 0.0000               | 0.00             | 500417.2551         | 0              
uav_19          | 0               | 0.0000               | 0.00             | 500327.0002         | 0              
uav_20          | 0               | 0.0000               | 0.00             | 492890.3633         | 0              
uav_21          | 0               | 0.0000               | 0.00             | 479661.0806         | 0              
uav_22          | 0               | 0.0000               | 0.00             | 500098.7084         | 0              
uav_23          | 0               | 0.0000               | 0.00             | 479443.3728         | 0              
uav_24          | 0               | 0.0000               | 0.00             | 492620.1224         | 0              
uav_25          | 0               | 0.0000               | 0.00             | 499918.4781         | 0              
uav_26          | 0               | 0.0000               | 0.00             | 492512.4840         | 0              
uav_27          | 0               | 0.0000               | 0.00             | 499818.0218         | 0              
uav_28          | 0               | 0.0000               | 0.00             | 479020.0522         | 0              
uav_29          | 0               | 0.0000               | 0.00             | 499729.9294         | 0              
----------------------------------------------------------------------------------------------------------------------
System Total Tasks Completed: 188  |  System Total Throughput: 89.6454 MB  |  Average System Latency: 457.71 ms
===================================================

========== SCHEDULING ALGORITHM METRICS ==========
Total Tasks Successfully Scheduled : 188
Total Tasks Dropped              : 312
Scheduling Success Rate          : 37.60%
Average Scheduling Overhead      : 2.6282 ms per batch
System Total Offloaded Tasks     : 0
===================================================


               UAV Task Scheduling Benchmark Results               
╭──────────────────────────┬─────────────────────╮
│ Metric                   │ Value               │
├──────────────────────────┼─────────────────────┤
│ Average Throughput       │ 0.3760              │
│ Average Runtime (sec)    │ 0.002628            │
│ Average UAV Utilization  │ 0.9267              │
│ Average Capacity Util    │ 0.0243              │
│ Average Completed Tasks  │ 37.60               │
│ Average Failed Tasks     │ 62.40               │
│ Average Unassigned Tasks │ 62.40               │
╰──────────────────────────┴─────────────────────╯

========== FANET Simulation Finished ==========
