========== Starting FANET Simulation with MOGS Scheduler / CAR Trajectory ==========
Initialising...
Dynamically spawning 30 UAVs...
Attempting to connect to CAR Pointer-Network Server on port 5510...
SUCCESS: Connected to CAR Pointer-Network Server!
Attempting to connect to MARL Allocation Server on port 5501...
SUCCESS: Connected to MARL Allocation Server!
Scheduling simulation termination at 5000.0 ms.
0.0 Submitted application fanet_app
[CAR] Placed tours for 30 UAVs (30 server tours, 30 clusters).
[METRIC_EPOCH] Epoch:1, Generated:100, Scheduled:43, Dropped:57, RuntimeMs:3.7753, UavUtil:0.7000, CapUtil:0.0096, RepairQ:0, Invalid:0, Reassigned:0
[CAR] Placed tours for 30 UAVs (30 server tours, 30 clusters).
DEBUG: P2P Evaluation - targetUav uav_1 queue full. Evaluating peer uav_0 queue size: 2
DEBUG: P2P Evaluation - targetUav uav_1 queue full. Evaluating peer uav_2 queue size: 0
DEBUG: P2P Evaluation - targetUav uav_1 queue full. Evaluating peer uav_3 queue size: 1
DEBUG: P2P Evaluation - targetUav uav_1 queue full. Evaluating peer uav_0 queue size: 2
DEBUG: P2P Evaluation - targetUav uav_1 queue full. Evaluating peer uav_2 queue size: 0
DEBUG: P2P Evaluation - targetUav uav_1 queue full. Evaluating peer uav_3 queue size: 3
[METRIC_EPOCH] Epoch:2, Generated:100, Scheduled:49, Dropped:51, RuntimeMs:8.5080, UavUtil:0.9000, CapUtil:0.0204, RepairQ:0, Invalid:0, Reassigned:0
DEBUG: P2P Evaluation - targetUav uav_1 queue full. Evaluating peer uav_0 queue size: 2
DEBUG: P2P Evaluation - targetUav uav_1 queue full. Evaluating peer uav_2 queue size: 0
DEBUG: P2P Evaluation - targetUav uav_1 queue full. Evaluating peer uav_3 queue size: 4
DEBUG: P2P Evaluation - targetUav uav_1 queue full. Evaluating peer uav_0 queue size: 2
DEBUG: P2P Evaluation - targetUav uav_1 queue full. Evaluating peer uav_2 queue size: 0
DEBUG: P2P Evaluation - targetUav uav_1 queue full. Evaluating peer uav_3 queue size: 5
DEBUG: P2P Evaluation - targetUav uav_1 queue full. Evaluating peer uav_0 queue size: 2
DEBUG: P2P Evaluation - targetUav uav_1 queue full. Evaluating peer uav_2 queue size: 1
DEBUG: P2P Evaluation - targetUav uav_1 queue full. Evaluating peer uav_3 queue size: 6
DEBUG: P2P Evaluation - targetUav uav_1 queue full. Evaluating peer uav_0 queue size: 2
DEBUG: P2P Evaluation - targetUav uav_1 queue full. Evaluating peer uav_2 queue size: 2
DEBUG: P2P Evaluation - targetUav uav_1 queue full. Evaluating peer uav_3 queue size: 7
[METRIC_EPOCH] Epoch:3, Generated:100, Scheduled:46, Dropped:54, RuntimeMs:2.9138, UavUtil:1.0000, CapUtil:0.0307, RepairQ:0, Invalid:0, Reassigned:0
[CAR] Placed tours for 30 UAVs (30 server tours, 30 clusters).
DEBUG: P2P Evaluation - targetUav uav_1 queue full. Evaluating peer uav_0 queue size: 2
DEBUG: P2P Evaluation - targetUav uav_1 queue full. Evaluating peer uav_2 queue size: 2
DEBUG: P2P Evaluation - targetUav uav_1 queue full. Evaluating peer uav_3 queue size: 8
DEBUG: P2P Evaluation - targetUav uav_1 queue full. Evaluating peer uav_0 queue size: 2
DEBUG: P2P Evaluation - targetUav uav_1 queue full. Evaluating peer uav_2 queue size: 2
DEBUG: P2P Evaluation - targetUav uav_1 queue full. Evaluating peer uav_3 queue size: 11
DEBUG: P2P Evaluation - targetUav uav_1 queue full. Evaluating peer uav_0 queue size: 2
DEBUG: P2P Evaluation - targetUav uav_1 queue full. Evaluating peer uav_2 queue size: 2
DEBUG: P2P Evaluation - targetUav uav_1 queue full. Evaluating peer uav_3 queue size: 12
DEBUG: P2P Evaluation - targetUav uav_1 queue full. Evaluating peer uav_4 queue size: 7
[METRIC_EPOCH] Epoch:4, Generated:100, Scheduled:40, Dropped:60, RuntimeMs:2.2573, UavUtil:1.0000, CapUtil:0.0396, RepairQ:0, Invalid:0, Reassigned:0
Disconnected from CAR Pointer-Network Server.
Disconnected from MARL Allocation Server.

========== FINAL UAV BENCHMARK DASHBOARD ==========
UAV ID          | Tasks Completed | Data Processed (MB)  | Avg Latency (ms) | Energy Consumed (J) | Tasks Offloaded
----------------------------------------------------------------------------------------------------------------------
uav_0           | 43              | 20.5040              | 534.47           | 432833.8498         | 0              
uav_1           | 135             | 64.3730              | 465.82           | 441187.0304         | 9              
uav_2           | 0               | 0.0000               | 0.00             | 460941.0040         | 0              
uav_3           | 0               | 0.0000               | 0.00             | 493719.0309         | 0              
uav_4           | 0               | 0.0000               | 0.00             | 492695.4732         | 0              
uav_5           | 0               | 0.0000               | 0.00             | 491912.7525         | 0              
uav_6           | 0               | 0.0000               | 0.00             | 491294.8152         | 0              
uav_7           | 0               | 0.0000               | 0.00             | 451834.5480         | 0              
uav_8           | 0               | 0.0000               | 0.00             | 490381.3426         | 0              
uav_9           | 0               | 0.0000               | 0.00             | 490034.2230         | 0              
uav_10          | 0               | 0.0000               | 0.00             | 489738.5286         | 0              
uav_11          | 0               | 0.0000               | 0.00             | 470700.7605         | 0              
uav_12          | 0               | 0.0000               | 0.00             | 489261.6020         | 0              
uav_13          | 0               | 0.0000               | 0.00             | 470068.8526         | 0              
uav_14          | 0               | 0.0000               | 0.00             | 488893.6873         | 0              
uav_15          | 0               | 0.0000               | 0.00             | 447502.8284         | 0              
uav_16          | 0               | 0.0000               | 0.00             | 488601.2422         | 0              
uav_17          | 0               | 0.0000               | 0.00             | 469174.9342         | 0              
uav_18          | 0               | 0.0000               | 0.00             | 488363.2055         | 0              
uav_19          | 0               | 0.0000               | 0.00             | 468847.1642         | 0              
uav_20          | 0               | 0.0000               | 0.00             | 468704.2006         | 0              
uav_21          | 0               | 0.0000               | 0.00             | 488079.0188         | 0              
uav_22          | 0               | 0.0000               | 0.00             | 487999.1494         | 0              
uav_23          | 0               | 0.0000               | 0.00             | 468340.0482         | 0              
uav_24          | 0               | 0.0000               | 0.00             | 487856.8365         | 0              
uav_25          | 0               | 0.0000               | 0.00             | 487793.1703         | 0              
uav_26          | 0               | 0.0000               | 0.00             | 487733.8204         | 0              
uav_27          | 0               | 0.0000               | 0.00             | 487678.3622         | 0              
uav_28          | 0               | 0.0000               | 0.00             | 487626.4253         | 0              
uav_29          | 0               | 0.0000               | 0.00             | 487577.6844         | 0              
----------------------------------------------------------------------------------------------------------------------
System Total Tasks Completed: 178  |  System Total Throughput: 84.8770 MB  |  Average System Latency: 482.40 ms
===================================================

========== SCHEDULING ALGORITHM METRICS ==========
Total Tasks Successfully Scheduled : 178
Total Tasks Dropped              : 222
Scheduling Success Rate          : 44.50%
Average Scheduling Overhead      : 4.3636 ms per batch
System Total Offloaded Tasks     : 9
===================================================


               UAV Task Scheduling Benchmark Results               
╭──────────────────────────┬─────────────────────╮
│ Metric                   │ Value               │
├──────────────────────────┼─────────────────────┤
│ Average Throughput       │ 0.4450              │
│ Average Runtime (sec)    │ 0.004364            │
│ Average UAV Utilization  │ 0.9000              │
│ Average Capacity Util    │ 0.0251              │
│ Average Completed Tasks  │ 44.50               │
│ Average Failed Tasks     │ 55.50               │
│ Average Unassigned Tasks │ 55.50               │
╰──────────────────────────┴─────────────────────╯

========== FANET Simulation Finished ==========
