========== Starting FANET Simulation with MOGS Scheduler / PPO Trajectory ==========
Initialising...
Dynamically spawning 30 UAVs...
Attempting to connect to Python TF-PPO Server on port 5500...
SUCCESS: Connected to Python Server!
Attempting to connect to MARL Allocation Server on port 5501...
SUCCESS: Connected to MARL Allocation Server!
Scheduling simulation termination at 5000.0 ms.
0.0 Submitted application fanet_app
[METRIC_EPOCH] Epoch:1, Generated:100, Scheduled:13, Dropped:87, RuntimeMs:1.1107, UavUtil:0.2667, CapUtil:0.0029, RepairQ:0, Invalid:0, Reassigned:0
[METRIC_EPOCH] Epoch:2, Generated:100, Scheduled:13, Dropped:87, RuntimeMs:0.3638, UavUtil:0.3667, CapUtil:0.0058, RepairQ:0, Invalid:0, Reassigned:0
[METRIC_EPOCH] Epoch:3, Generated:100, Scheduled:9, Dropped:91, RuntimeMs:0.3731, UavUtil:0.4000, CapUtil:0.0078, RepairQ:0, Invalid:0, Reassigned:0
[METRIC_EPOCH] Epoch:4, Generated:100, Scheduled:10, Dropped:90, RuntimeMs:0.3533, UavUtil:0.4333, CapUtil:0.0100, RepairQ:0, Invalid:0, Reassigned:0
Disconnected from Python PPO Server.
Disconnected from MARL Allocation Server.

========== FINAL UAV BENCHMARK DASHBOARD ==========
UAV ID          | Tasks Completed | Data Processed (MB)  | Avg Latency (ms) | Energy Consumed (J) | Tasks Offloaded
----------------------------------------------------------------------------------------------------------------------
uav_0           | 0               | 0.0000               | 0.00             | 450658.1450         | 0              
uav_1           | 0               | 0.0000               | 0.00             | 441361.4839         | 0              
uav_2           | 0               | 0.0000               | 0.00             | 435445.4268         | 0              
uav_3           | 45              | 21.4577              | 508.11           | 416248.8677         | 0              
uav_4           | 0               | 0.0000               | 0.00             | 497934.6997         | 0              
uav_5           | 0               | 0.0000               | 0.00             | 426049.3362         | 0              
uav_6           | 0               | 0.0000               | 0.00             | 478951.0330         | 0              
uav_7           | 0               | 0.0000               | 0.00             | 496333.1911         | 0              
uav_8           | 0               | 0.0000               | 0.00             | 421555.5537         | 0              
uav_9           | 0               | 0.0000               | 0.00             | 420536.9630         | 0              
uav_10          | 0               | 0.0000               | 0.00             | 419669.2746         | 0              
uav_11          | 0               | 0.0000               | 0.00             | 418921.2674         | 0              
uav_12          | 0               | 0.0000               | 0.00             | 418269.7773         | 0              
uav_13          | 0               | 0.0000               | 0.00             | 434216.5039         | 0              
uav_14          | 0               | 0.0000               | 0.00             | 417190.1650         | 0              
uav_15          | 0               | 0.0000               | 0.00             | 416737.8950         | 0              
uav_16          | 0               | 0.0000               | 0.00             | 416332.0117         | 0              
uav_17          | 0               | 0.0000               | 0.00             | 494380.1319         | 0              
uav_18          | 0               | 0.0000               | 0.00             | 494284.7499         | 0              
uav_19          | 0               | 0.0000               | 0.00             | 494197.8464         | 0              
uav_20          | 0               | 0.0000               | 0.00             | 415053.9110         | 0              
uav_21          | 0               | 0.0000               | 0.00             | 454143.0128         | 0              
uav_22          | 0               | 0.0000               | 0.00             | 493978.0315         | 0              
uav_23          | 0               | 0.0000               | 0.00             | 414348.5441         | 0              
uav_24          | 0               | 0.0000               | 0.00             | 414147.6214         | 0              
uav_25          | 0               | 0.0000               | 0.00             | 474202.5414         | 0              
uav_26          | 0               | 0.0000               | 0.00             | 413786.6416         | 0              
uav_27          | 0               | 0.0000               | 0.00             | 413623.9048         | 0              
uav_28          | 0               | 0.0000               | 0.00             | 473976.4227         | 0              
uav_29          | 0               | 0.0000               | 0.00             | 493622.9458         | 0              
----------------------------------------------------------------------------------------------------------------------
System Total Tasks Completed: 45  |  System Total Throughput: 21.4577 MB  |  Average System Latency: 508.11 ms
===================================================

========== SCHEDULING ALGORITHM METRICS ==========
Total Tasks Successfully Scheduled : 45
Total Tasks Dropped              : 355
Scheduling Success Rate          : 11.25%
Average Scheduling Overhead      : 0.5502 ms per batch
System Total Offloaded Tasks     : 0
===================================================


               UAV Task Scheduling Benchmark Results               
╭──────────────────────────┬─────────────────────╮
│ Metric                   │ Value               │
├──────────────────────────┼─────────────────────┤
│ Average Throughput       │ 0.1125              │
│ Average Runtime (sec)    │ 0.000550            │
│ Average UAV Utilization  │ 0.3667              │
│ Average Capacity Util    │ 0.0066              │
│ Average Completed Tasks  │ 11.25               │
│ Average Failed Tasks     │ 88.75               │
│ Average Unassigned Tasks │ 88.75               │
╰──────────────────────────┴─────────────────────╯

========== FANET Simulation Finished ==========
