========== Starting FANET Simulation with MOGS Scheduler / PPO Trajectory ==========
Initialising...
Dynamically spawning 30 UAVs...
Attempting to connect to Python TF-PPO Server on port 5500...
SUCCESS: Connected to Python Server!
Attempting to connect to MARL Allocation Server on port 5501...
SUCCESS: Connected to MARL Allocation Server!
Scheduling simulation termination at 5000.0 ms.
0.0 Submitted application fanet_app
[METRIC_EPOCH] Epoch:1, Generated:100, Scheduled:11, Dropped:89, RuntimeMs:1.1303, UavUtil:0.2000, CapUtil:0.0024, RepairQ:0, Invalid:0, Reassigned:0
[METRIC_EPOCH] Epoch:2, Generated:100, Scheduled:15, Dropped:85, RuntimeMs:0.3613, UavUtil:0.2667, CapUtil:0.0058, RepairQ:0, Invalid:0, Reassigned:0
DEBUG: P2P Evaluation - targetUav uav_1 queue full. Evaluating peer uav_0 queue size: 0
[METRIC_EPOCH] Epoch:3, Generated:100, Scheduled:8, Dropped:92, RuntimeMs:1.8252, UavUtil:0.3333, CapUtil:0.0076, RepairQ:0, Invalid:0, Reassigned:0
DEBUG: P2P Evaluation - targetUav uav_1 queue full. Evaluating peer uav_0 queue size: 1
[METRIC_EPOCH] Epoch:4, Generated:100, Scheduled:17, Dropped:83, RuntimeMs:0.4687, UavUtil:0.3667, CapUtil:0.0113, RepairQ:0, Invalid:0, Reassigned:0
Disconnected from Python PPO Server.
Disconnected from MARL Allocation Server.

========== FINAL UAV BENCHMARK DASHBOARD ==========
UAV ID          | Tasks Completed | Data Processed (MB)  | Avg Latency (ms) | Energy Consumed (J) | Tasks Offloaded
----------------------------------------------------------------------------------------------------------------------
uav_0           | 0               | 0.0000               | 0.00             | 474897.4030         | 0              
uav_1           | 36              | 17.1661              | 486.43           | 446272.3248         | 2              
uav_2           | 0               | 0.0000               | 0.00             | 435445.4268         | 0              
uav_3           | 0               | 0.0000               | 0.00             | 499337.8394         | 0              
uav_4           | 0               | 0.0000               | 0.00             | 498492.6565         | 0              
uav_5           | 0               | 0.0000               | 0.00             | 426049.3362         | 0              
uav_6           | 0               | 0.0000               | 0.00             | 424236.0555         | 0              
uav_7           | 0               | 0.0000               | 0.00             | 422768.1617         | 0              
uav_8           | 0               | 0.0000               | 0.00             | 421555.5537         | 0              
uav_9           | 0               | 0.0000               | 0.00             | 420536.9630         | 0              
uav_10          | 0               | 0.0000               | 0.00             | 453883.5360         | 0              
uav_11          | 0               | 0.0000               | 0.00             | 418921.2674         | 0              
uav_12          | 0               | 0.0000               | 0.00             | 418269.7773         | 0              
uav_13          | 0               | 0.0000               | 0.00             | 417697.2556         | 0              
uav_14          | 15              | 7.1526               | 370.15           | 468019.4728         | 0              
uav_15          | 0               | 0.0000               | 0.00             | 416737.8950         | 0              
uav_16          | 0               | 0.0000               | 0.00             | 416332.0117         | 0              
uav_17          | 0               | 0.0000               | 0.00             | 415965.7267         | 0              
uav_18          | 0               | 0.0000               | 0.00             | 415633.5148         | 0              
uav_19          | 0               | 0.0000               | 0.00             | 494830.1974         | 0              
uav_20          | 0               | 0.0000               | 0.00             | 415053.9110         | 0              
uav_21          | 0               | 0.0000               | 0.00             | 414799.5950         | 0              
uav_22          | 0               | 0.0000               | 0.00             | 414565.2254         | 0              
uav_23          | 0               | 0.0000               | 0.00             | 494553.7854         | 0              
uav_24          | 0               | 0.0000               | 0.00             | 414147.6214         | 0              
uav_25          | 0               | 0.0000               | 0.00             | 476377.0252         | 0              
uav_26          | 0               | 0.0000               | 0.00             | 413786.6416         | 0              
uav_27          | 0               | 0.0000               | 0.00             | 476227.8777         | 0              
uav_28          | 0               | 0.0000               | 0.00             | 413471.5006         | 0              
uav_29          | 0               | 0.0000               | 0.00             | 421811.3836         | 0              
----------------------------------------------------------------------------------------------------------------------
System Total Tasks Completed: 51  |  System Total Throughput: 24.3187 MB  |  Average System Latency: 452.23 ms
===================================================

========== SCHEDULING ALGORITHM METRICS ==========
Total Tasks Successfully Scheduled : 51
Total Tasks Dropped              : 349
Scheduling Success Rate          : 12.75%
Average Scheduling Overhead      : 0.9464 ms per batch
System Total Offloaded Tasks     : 2
===================================================


               UAV Task Scheduling Benchmark Results               
╭──────────────────────────┬─────────────────────╮
│ Metric                   │ Value               │
├──────────────────────────┼─────────────────────┤
│ Average Throughput       │ 0.1275              │
│ Average Runtime (sec)    │ 0.000946            │
│ Average UAV Utilization  │ 0.2917              │
│ Average Capacity Util    │ 0.0068              │
│ Average Completed Tasks  │ 12.75               │
│ Average Failed Tasks     │ 87.25               │
│ Average Unassigned Tasks │ 87.25               │
╰──────────────────────────┴─────────────────────╯

========== FANET Simulation Finished ==========
