========== Starting FANET Simulation with MOGS Scheduler / PPO Trajectory ==========
Initialising...
Dynamically spawning 30 UAVs...
Attempting to connect to Python TF-PPO Server on port 5500...
SUCCESS: Connected to Python Server!
Attempting to connect to MARL Allocation Server on port 5501...
SUCCESS: Connected to MARL Allocation Server!
Scheduling simulation termination at 5000.0 ms.
0.0 Submitted application fanet_app
[METRIC_EPOCH] Epoch:1, Generated:100, Scheduled:27, Dropped:73, RuntimeMs:1.1886, UavUtil:0.3667, CapUtil:0.0060, RepairQ:0, Invalid:0, Reassigned:0
[METRIC_EPOCH] Epoch:2, Generated:100, Scheduled:20, Dropped:80, RuntimeMs:0.3832, UavUtil:0.4667, CapUtil:0.0104, RepairQ:0, Invalid:0, Reassigned:0
[METRIC_EPOCH] Epoch:3, Generated:100, Scheduled:16, Dropped:84, RuntimeMs:0.3990, UavUtil:0.4667, CapUtil:0.0140, RepairQ:0, Invalid:0, Reassigned:0
[METRIC_EPOCH] Epoch:4, Generated:100, Scheduled:22, Dropped:78, RuntimeMs:0.3745, UavUtil:0.5333, CapUtil:0.0189, RepairQ:0, Invalid:0, Reassigned:0
Disconnected from Python PPO Server.
Disconnected from MARL Allocation Server.

========== FINAL UAV BENCHMARK DASHBOARD ==========
UAV ID          | Tasks Completed | Data Processed (MB)  | Avg Latency (ms) | Energy Consumed (J) | Tasks Offloaded
----------------------------------------------------------------------------------------------------------------------
uav_0           | 0               | 0.0000               | 0.00             | 488229.8083         | 0              
uav_1           | 0               | 0.0000               | 0.00             | 441361.4839         | 0              
uav_2           | 0               | 0.0000               | 0.00             | 435445.4268         | 0              
uav_3           | 0               | 0.0000               | 0.00             | 431349.6950         | 0              
uav_4           | 0               | 0.0000               | 0.00             | 428346.1583         | 0              
uav_5           | 36              | 17.1661              | 436.79           | 417933.3283         | 0              
uav_6           | 49              | 23.3650              | 527.94           | 459061.0389         | 0              
uav_7           | 0               | 0.0000               | 0.00             | 494217.1250         | 0              
uav_8           | 0               | 0.0000               | 0.00             | 493844.1053         | 0              
uav_9           | 0               | 0.0000               | 0.00             | 420536.9630         | 0              
uav_10          | 0               | 0.0000               | 0.00             | 419669.2746         | 0              
uav_11          | 0               | 0.0000               | 0.00             | 493033.7522         | 0              
uav_12          | 0               | 0.0000               | 0.00             | 492833.3423         | 0              
uav_13          | 0               | 0.0000               | 0.00             | 492657.2245         | 0              
uav_14          | 0               | 0.0000               | 0.00             | 417190.1650         | 0              
uav_15          | 0               | 0.0000               | 0.00             | 492362.1082         | 0              
uav_16          | 0               | 0.0000               | 0.00             | 416332.0117         | 0              
uav_17          | 0               | 0.0000               | 0.00             | 428574.8560         | 0              
uav_18          | 0               | 0.0000               | 0.00             | 415633.5148         | 0              
uav_19          | 0               | 0.0000               | 0.00             | 415330.8328         | 0              
uav_20          | 0               | 0.0000               | 0.00             | 415053.9110         | 0              
uav_21          | 0               | 0.0000               | 0.00             | 414799.5950         | 0              
uav_22          | 0               | 0.0000               | 0.00             | 491693.7565         | 0              
uav_23          | 0               | 0.0000               | 0.00             | 414348.5441         | 0              
uav_24          | 0               | 0.0000               | 0.00             | 491565.2941         | 0              
uav_25          | 0               | 0.0000               | 0.00             | 491507.8241         | 0              
uav_26          | 0               | 0.0000               | 0.00             | 491454.2504         | 0              
uav_27          | 0               | 0.0000               | 0.00             | 469673.4353         | 0              
uav_28          | 0               | 0.0000               | 0.00             | 413471.5006         | 0              
uav_29          | 0               | 0.0000               | 0.00             | 426239.9211         | 0              
----------------------------------------------------------------------------------------------------------------------
System Total Tasks Completed: 85  |  System Total Throughput: 40.5312 MB  |  Average System Latency: 489.33 ms
===================================================

========== SCHEDULING ALGORITHM METRICS ==========
Total Tasks Successfully Scheduled : 85
Total Tasks Dropped              : 315
Scheduling Success Rate          : 21.25%
Average Scheduling Overhead      : 0.5863 ms per batch
System Total Offloaded Tasks     : 0
===================================================


               UAV Task Scheduling Benchmark Results               
╭──────────────────────────┬─────────────────────╮
│ Metric                   │ Value               │
├──────────────────────────┼─────────────────────┤
│ Average Throughput       │ 0.2125              │
│ Average Runtime (sec)    │ 0.000586            │
│ Average UAV Utilization  │ 0.4583              │
│ Average Capacity Util    │ 0.0123              │
│ Average Completed Tasks  │ 21.25               │
│ Average Failed Tasks     │ 78.75               │
│ Average Unassigned Tasks │ 78.75               │
╰──────────────────────────┴─────────────────────╯

========== FANET Simulation Finished ==========
