========== Starting FANET Simulation with MOGS Scheduler / PPO Trajectory ==========
Initialising...
Dynamically spawning 30 UAVs...
Attempting to connect to Python TF-PPO Server on port 5500...
SUCCESS: Connected to Python Server!
Attempting to connect to MARL Allocation Server on port 5501...
SUCCESS: Connected to MARL Allocation Server!
Scheduling simulation termination at 5000.0 ms.
0.0 Submitted application fanet_app
[METRIC_EPOCH] Epoch:1, Generated:100, Scheduled:21, Dropped:79, RuntimeMs:1.2355, UavUtil:0.3000, CapUtil:0.0047, RepairQ:0, Invalid:0, Reassigned:0
[METRIC_EPOCH] Epoch:2, Generated:100, Scheduled:17, Dropped:83, RuntimeMs:0.3671, UavUtil:0.4000, CapUtil:0.0084, RepairQ:0, Invalid:0, Reassigned:0
[METRIC_EPOCH] Epoch:3, Generated:100, Scheduled:21, Dropped:79, RuntimeMs:0.3995, UavUtil:0.4000, CapUtil:0.0131, RepairQ:0, Invalid:0, Reassigned:0
[METRIC_EPOCH] Epoch:4, Generated:100, Scheduled:17, Dropped:83, RuntimeMs:0.3796, UavUtil:0.4000, CapUtil:0.0169, RepairQ:0, Invalid:0, Reassigned:0
Disconnected from Python PPO Server.
Disconnected from MARL Allocation Server.

========== FINAL UAV BENCHMARK DASHBOARD ==========
UAV ID          | Tasks Completed | Data Processed (MB)  | Avg Latency (ms) | Energy Consumed (J) | Tasks Offloaded
----------------------------------------------------------------------------------------------------------------------
uav_0           | 0               | 0.0000               | 0.00             | 450658.1450         | 0              
uav_1           | 0               | 0.0000               | 0.00             | 441361.4839         | 0              
uav_2           | 0               | 0.0000               | 0.00             | 435445.4268         | 0              
uav_3           | 21              | 10.0136              | 621.82           | 465790.2725         | 0              
uav_4           | 0               | 0.0000               | 0.00             | 428346.1583         | 0              
uav_5           | 0               | 0.0000               | 0.00             | 426049.3362         | 0              
uav_6           | 0               | 0.0000               | 0.00             | 424236.0555         | 0              
uav_7           | 0               | 0.0000               | 0.00             | 422768.1617         | 0              
uav_8           | 34              | 16.2125              | 429.32           | 440641.6503         | 0              
uav_9           | 0               | 0.0000               | 0.00             | 420536.9630         | 0              
uav_10          | 21              | 10.0136              | 674.36           | 469455.4503         | 0              
uav_11          | 0               | 0.0000               | 0.00             | 418921.2674         | 0              
uav_12          | 0               | 0.0000               | 0.00             | 470668.6547         | 0              
uav_13          | 0               | 0.0000               | 0.00             | 417697.2556         | 0              
uav_14          | 0               | 0.0000               | 0.00             | 417190.1650         | 0              
uav_15          | 0               | 0.0000               | 0.00             | 416737.8950         | 0              
uav_16          | 0               | 0.0000               | 0.00             | 416332.0117         | 0              
uav_17          | 0               | 0.0000               | 0.00             | 491512.1076         | 0              
uav_18          | 0               | 0.0000               | 0.00             | 469315.1065         | 0              
uav_19          | 0               | 0.0000               | 0.00             | 491313.2678         | 0              
uav_20          | 0               | 0.0000               | 0.00             | 491226.5398         | 0              
uav_21          | 0               | 0.0000               | 0.00             | 414799.5950         | 0              
uav_22          | 0               | 0.0000               | 0.00             | 491073.4904         | 0              
uav_23          | 0               | 0.0000               | 0.00             | 491005.6289         | 0              
uav_24          | 0               | 0.0000               | 0.00             | 414147.6214         | 0              
uav_25          | 0               | 0.0000               | 0.00             | 413960.7985         | 0              
uav_26          | 0               | 0.0000               | 0.00             | 490829.6490         | 0              
uav_27          | 0               | 0.0000               | 0.00             | 490778.6821         | 0              
uav_28          | 0               | 0.0000               | 0.00             | 413471.5006         | 0              
uav_29          | 0               | 0.0000               | 0.00             | 413328.4750         | 0              
----------------------------------------------------------------------------------------------------------------------
System Total Tasks Completed: 76  |  System Total Throughput: 36.2396 MB  |  Average System Latency: 550.22 ms
===================================================

========== SCHEDULING ALGORITHM METRICS ==========
Total Tasks Successfully Scheduled : 76
Total Tasks Dropped              : 324
Scheduling Success Rate          : 19.00%
Average Scheduling Overhead      : 0.5954 ms per batch
System Total Offloaded Tasks     : 0
===================================================


               UAV Task Scheduling Benchmark Results               
╭──────────────────────────┬─────────────────────╮
│ Metric                   │ Value               │
├──────────────────────────┼─────────────────────┤
│ Average Throughput       │ 0.1900              │
│ Average Runtime (sec)    │ 0.000595            │
│ Average UAV Utilization  │ 0.3750              │
│ Average Capacity Util    │ 0.0108              │
│ Average Completed Tasks  │ 19.00               │
│ Average Failed Tasks     │ 81.00               │
│ Average Unassigned Tasks │ 81.00               │
╰──────────────────────────┴─────────────────────╯

========== FANET Simulation Finished ==========
