========== Starting FANET Simulation with MOGS Scheduler / PPO Trajectory ==========
Initialising...
Dynamically spawning 30 UAVs...
Attempting to connect to Python TF-PPO Server on port 5500...
SUCCESS: Connected to Python Server!
Attempting to connect to MARL Allocation Server on port 5501...
SUCCESS: Connected to MARL Allocation Server!
Scheduling simulation termination at 5000.0 ms.
0.0 Submitted application fanet_app
[METRIC_EPOCH] Epoch:1, Generated:100, Scheduled:12, Dropped:88, RuntimeMs:1.2201, UavUtil:0.2667, CapUtil:0.0027, RepairQ:0, Invalid:0, Reassigned:0
[METRIC_EPOCH] Epoch:2, Generated:100, Scheduled:8, Dropped:92, RuntimeMs:0.3564, UavUtil:0.3667, CapUtil:0.0044, RepairQ:0, Invalid:0, Reassigned:0
[METRIC_EPOCH] Epoch:3, Generated:100, Scheduled:22, Dropped:78, RuntimeMs:0.3843, UavUtil:0.4000, CapUtil:0.0093, RepairQ:0, Invalid:0, Reassigned:0
[METRIC_EPOCH] Epoch:4, Generated:100, Scheduled:16, Dropped:84, RuntimeMs:0.4020, UavUtil:0.4333, CapUtil:0.0129, RepairQ:0, Invalid:0, Reassigned:0
Disconnected from Python PPO Server.
Disconnected from MARL Allocation Server.

========== FINAL UAV BENCHMARK DASHBOARD ==========
UAV ID          | Tasks Completed | Data Processed (MB)  | Avg Latency (ms) | Energy Consumed (J) | Tasks Offloaded
----------------------------------------------------------------------------------------------------------------------
uav_0           | 0               | 0.0000               | 0.00             | 450658.1450         | 0              
uav_1           | 0               | 0.0000               | 0.00             | 441361.4839         | 0              
uav_2           | 0               | 0.0000               | 0.00             | 435445.4268         | 0              
uav_3           | 0               | 0.0000               | 0.00             | 431349.6950         | 0              
uav_4           | 22              | 10.4904              | 549.85           | 461829.9330         | 0              
uav_5           | 24              | 11.4441              | 426.77           | 435163.8590         | 0              
uav_6           | 0               | 0.0000               | 0.00             | 424236.0555         | 0              
uav_7           | 12              | 5.7220               | 743.17           | 473973.4987         | 0              
uav_8           | 0               | 0.0000               | 0.00             | 421555.5537         | 0              
uav_9           | 0               | 0.0000               | 0.00             | 496580.0032         | 0              
uav_10          | 0               | 0.0000               | 0.00             | 496338.1835         | 0              
uav_11          | 0               | 0.0000               | 0.00             | 418921.2674         | 0              
uav_12          | 0               | 0.0000               | 0.00             | 418269.7773         | 0              
uav_13          | 0               | 0.0000               | 0.00             | 495788.5932         | 0              
uav_14          | 0               | 0.0000               | 0.00             | 436215.2584         | 0              
uav_15          | 0               | 0.0000               | 0.00             | 416737.8950         | 0              
uav_16          | 0               | 0.0000               | 0.00             | 416332.0117         | 0              
uav_17          | 0               | 0.0000               | 0.00             | 495306.0262         | 0              
uav_18          | 0               | 0.0000               | 0.00             | 415633.5148         | 0              
uav_19          | 0               | 0.0000               | 0.00             | 495129.0849         | 0              
uav_20          | 0               | 0.0000               | 0.00             | 472832.5203         | 0              
uav_21          | 0               | 0.0000               | 0.00             | 414799.5950         | 0              
uav_22          | 0               | 0.0000               | 0.00             | 414565.2254         | 0              
uav_23          | 0               | 0.0000               | 0.00             | 494855.3267         | 0              
uav_24          | 0               | 0.0000               | 0.00             | 450514.3461         | 0              
uav_25          | 0               | 0.0000               | 0.00             | 413960.7985         | 0              
uav_26          | 0               | 0.0000               | 0.00             | 413786.6416         | 0              
uav_27          | 0               | 0.0000               | 0.00             | 413623.9048         | 0              
uav_28          | 0               | 0.0000               | 0.00             | 494610.8998         | 0              
uav_29          | 0               | 0.0000               | 0.00             | 413328.4750         | 0              
----------------------------------------------------------------------------------------------------------------------
System Total Tasks Completed: 58  |  System Total Throughput: 27.6566 MB  |  Average System Latency: 538.92 ms
===================================================

========== SCHEDULING ALGORITHM METRICS ==========
Total Tasks Successfully Scheduled : 58
Total Tasks Dropped              : 342
Scheduling Success Rate          : 14.50%
Average Scheduling Overhead      : 0.5907 ms per batch
System Total Offloaded Tasks     : 0
===================================================


               UAV Task Scheduling Benchmark Results               
╭──────────────────────────┬─────────────────────╮
│ Metric                   │ Value               │
├──────────────────────────┼─────────────────────┤
│ Average Throughput       │ 0.1450              │
│ Average Runtime (sec)    │ 0.000591            │
│ Average UAV Utilization  │ 0.3667              │
│ Average Capacity Util    │ 0.0073              │
│ Average Completed Tasks  │ 14.50               │
│ Average Failed Tasks     │ 85.50               │
│ Average Unassigned Tasks │ 85.50               │
╰──────────────────────────┴─────────────────────╯

========== FANET Simulation Finished ==========
