========== Starting FANET Simulation with MOGS Scheduler / PPO Trajectory ==========
Initialising...
Dynamically spawning 30 UAVs...
Attempting to connect to Python TF-PPO Server on port 5500...
SUCCESS: Connected to Python Server!
Attempting to connect to MARL Allocation Server on port 5501...
SUCCESS: Connected to MARL Allocation Server!
Scheduling simulation termination at 5000.0 ms.
0.0 Submitted application fanet_app
[METRIC_EPOCH] Epoch:1, Generated:100, Scheduled:20, Dropped:80, RuntimeMs:1.1124, UavUtil:0.4000, CapUtil:0.0044, RepairQ:0, Invalid:0, Reassigned:0
[METRIC_EPOCH] Epoch:2, Generated:100, Scheduled:14, Dropped:86, RuntimeMs:0.3691, UavUtil:0.4333, CapUtil:0.0076, RepairQ:0, Invalid:0, Reassigned:0
[METRIC_EPOCH] Epoch:3, Generated:100, Scheduled:22, Dropped:78, RuntimeMs:0.3993, UavUtil:0.4667, CapUtil:0.0124, RepairQ:0, Invalid:0, Reassigned:0
[METRIC_EPOCH] Epoch:4, Generated:100, Scheduled:18, Dropped:82, RuntimeMs:0.7006, UavUtil:0.4667, CapUtil:0.0164, RepairQ:0, Invalid:0, Reassigned:0
Disconnected from Python PPO Server.
Disconnected from MARL Allocation Server.

========== FINAL UAV BENCHMARK DASHBOARD ==========
UAV ID          | Tasks Completed | Data Processed (MB)  | Avg Latency (ms) | Energy Consumed (J) | Tasks Offloaded
----------------------------------------------------------------------------------------------------------------------
uav_0           | 20              | 9.5367               | 475.64           | 454626.3627         | 0              
uav_1           | 0               | 0.0000               | 0.00             | 498665.1989         | 0              
uav_2           | 0               | 0.0000               | 0.00             | 435445.4268         | 0              
uav_3           | 0               | 0.0000               | 0.00             | 431349.6950         | 0              
uav_4           | 0               | 0.0000               | 0.00             | 428346.1583         | 0              
uav_5           | 0               | 0.0000               | 0.00             | 426049.3362         | 0              
uav_6           | 14              | 6.6757               | 619.14           | 438986.0216         | 0              
uav_7           | 0               | 0.0000               | 0.00             | 422768.1617         | 0              
uav_8           | 0               | 0.0000               | 0.00             | 421555.5537         | 0              
uav_9           | 0               | 0.0000               | 0.00             | 420536.9630         | 0              
uav_10          | 0               | 0.0000               | 0.00             | 419669.2746         | 0              
uav_11          | 0               | 0.0000               | 0.00             | 418921.2674         | 0              
uav_12          | 18              | 8.5831               | 585.38           | 481917.2892         | 0              
uav_13          | 0               | 0.0000               | 0.00             | 491029.9818         | 0              
uav_14          | 0               | 0.0000               | 0.00             | 417190.1650         | 0              
uav_15          | 22              | 10.4904              | 492.92           | 468431.8912         | 0              
uav_16          | 0               | 0.0000               | 0.00             | 446341.8520         | 0              
uav_17          | 0               | 0.0000               | 0.00             | 415965.7267         | 0              
uav_18          | 0               | 0.0000               | 0.00             | 415633.5148         | 0              
uav_19          | 0               | 0.0000               | 0.00             | 490266.4601         | 0              
uav_20          | 0               | 0.0000               | 0.00             | 415053.9110         | 0              
uav_21          | 0               | 0.0000               | 0.00             | 414799.5950         | 0              
uav_22          | 0               | 0.0000               | 0.00             | 466291.9616         | 0              
uav_23          | 0               | 0.0000               | 0.00             | 489949.5265         | 0              
uav_24          | 0               | 0.0000               | 0.00             | 489884.6992         | 0              
uav_25          | 0               | 0.0000               | 0.00             | 489824.4212         | 0              
uav_26          | 0               | 0.0000               | 0.00             | 413786.6416         | 0              
uav_27          | 0               | 0.0000               | 0.00             | 489715.7231         | 0              
uav_28          | 0               | 0.0000               | 0.00             | 413471.5006         | 0              
uav_29          | 0               | 0.0000               | 0.00             | 489620.4033         | 0              
----------------------------------------------------------------------------------------------------------------------
System Total Tasks Completed: 74  |  System Total Throughput: 35.2859 MB  |  Average System Latency: 534.62 ms
===================================================

========== SCHEDULING ALGORITHM METRICS ==========
Total Tasks Successfully Scheduled : 74
Total Tasks Dropped              : 326
Scheduling Success Rate          : 18.50%
Average Scheduling Overhead      : 0.6453 ms per batch
System Total Offloaded Tasks     : 0
===================================================


               UAV Task Scheduling Benchmark Results               
╭──────────────────────────┬─────────────────────╮
│ Metric                   │ Value               │
├──────────────────────────┼─────────────────────┤
│ Average Throughput       │ 0.1850              │
│ Average Runtime (sec)    │ 0.000645            │
│ Average UAV Utilization  │ 0.4417              │
│ Average Capacity Util    │ 0.0102              │
│ Average Completed Tasks  │ 18.50               │
│ Average Failed Tasks     │ 81.50               │
│ Average Unassigned Tasks │ 81.50               │
╰──────────────────────────┴─────────────────────╯

========== FANET Simulation Finished ==========
