========== Starting FANET Simulation with MOGS Scheduler / PPO Trajectory ==========
Initialising...
Dynamically spawning 30 UAVs...
Attempting to connect to Python TF-PPO Server on port 5500...
SUCCESS: Connected to Python Server!
Attempting to connect to MARL Allocation Server on port 5501...
SUCCESS: Connected to MARL Allocation Server!
Scheduling simulation termination at 5000.0 ms.
0.0 Submitted application fanet_app
[METRIC_EPOCH] Epoch:1, Generated:100, Scheduled:9, Dropped:91, RuntimeMs:1.2123, UavUtil:0.2000, CapUtil:0.0020, RepairQ:0, Invalid:0, Reassigned:0
[METRIC_EPOCH] Epoch:2, Generated:100, Scheduled:9, Dropped:91, RuntimeMs:0.3496, UavUtil:0.2333, CapUtil:0.0040, RepairQ:0, Invalid:0, Reassigned:0
[METRIC_EPOCH] Epoch:3, Generated:100, Scheduled:12, Dropped:88, RuntimeMs:0.4045, UavUtil:0.3000, CapUtil:0.0067, RepairQ:0, Invalid:0, Reassigned:0
[METRIC_EPOCH] Epoch:4, Generated:100, Scheduled:7, Dropped:93, RuntimeMs:0.3823, UavUtil:0.3000, CapUtil:0.0082, RepairQ:0, Invalid:0, Reassigned:0
Disconnected from Python PPO Server.
Disconnected from MARL Allocation Server.

========== FINAL UAV BENCHMARK DASHBOARD ==========
UAV ID          | Tasks Completed | Data Processed (MB)  | Avg Latency (ms) | Energy Consumed (J) | Tasks Offloaded
----------------------------------------------------------------------------------------------------------------------
uav_0           | 0               | 0.0000               | 0.00             | 450658.1450         | 0              
uav_1           | 0               | 0.0000               | 0.00             | 441361.4839         | 0              
uav_2           | 9               | 4.2915               | 588.74           | 442087.1344         | 0              
uav_3           | 0               | 0.0000               | 0.00             | 431349.6950         | 0              
uav_4           | 0               | 0.0000               | 0.00             | 428346.1583         | 0              
uav_5           | 12              | 5.7220               | 521.89           | 421161.1402         | 0              
uav_6           | 0               | 0.0000               | 0.00             | 454515.9095         | 0              
uav_7           | 0               | 0.0000               | 0.00             | 422768.1617         | 0              
uav_8           | 0               | 0.0000               | 0.00             | 421555.5537         | 0              
uav_9           | 16              | 7.6294               | 548.17           | 437879.5736         | 0              
uav_10          | 0               | 0.0000               | 0.00             | 419669.2746         | 0              
uav_11          | 0               | 0.0000               | 0.00             | 493875.5757         | 0              
uav_12          | 0               | 0.0000               | 0.00             | 418269.7773         | 0              
uav_13          | 0               | 0.0000               | 0.00             | 417697.2556         | 0              
uav_14          | 0               | 0.0000               | 0.00             | 493356.6724         | 0              
uav_15          | 0               | 0.0000               | 0.00             | 416737.8950         | 0              
uav_16          | 0               | 0.0000               | 0.00             | 416332.0117         | 0              
uav_17          | 0               | 0.0000               | 0.00             | 469472.4727         | 0              
uav_18          | 0               | 0.0000               | 0.00             | 415633.5148         | 0              
uav_19          | 0               | 0.0000               | 0.00             | 492799.3317         | 0              
uav_20          | 0               | 0.0000               | 0.00             | 415053.9110         | 0              
uav_21          | 0               | 0.0000               | 0.00             | 414799.5950         | 0              
uav_22          | 0               | 0.0000               | 0.00             | 414565.2254         | 0              
uav_23          | 0               | 0.0000               | 0.00             | 414348.5441         | 0              
uav_24          | 0               | 0.0000               | 0.00             | 414147.6214         | 0              
uav_25          | 0               | 0.0000               | 0.00             | 413960.7985         | 0              
uav_26          | 0               | 0.0000               | 0.00             | 413786.6416         | 0              
uav_27          | 0               | 0.0000               | 0.00             | 413623.9048         | 0              
uav_28          | 0               | 0.0000               | 0.00             | 492241.9911         | 0              
uav_29          | 0               | 0.0000               | 0.00             | 413328.4750         | 0              
----------------------------------------------------------------------------------------------------------------------
System Total Tasks Completed: 37  |  System Total Throughput: 17.6430 MB  |  Average System Latency: 549.52 ms
===================================================

========== SCHEDULING ALGORITHM METRICS ==========
Total Tasks Successfully Scheduled : 37
Total Tasks Dropped              : 363
Scheduling Success Rate          : 9.25%
Average Scheduling Overhead      : 0.5872 ms per batch
System Total Offloaded Tasks     : 0
===================================================


               UAV Task Scheduling Benchmark Results               
╭──────────────────────────┬─────────────────────╮
│ Metric                   │ Value               │
├──────────────────────────┼─────────────────────┤
│ Average Throughput       │ 0.0925              │
│ Average Runtime (sec)    │ 0.000587            │
│ Average UAV Utilization  │ 0.2583              │
│ Average Capacity Util    │ 0.0052              │
│ Average Completed Tasks  │ 9.25                │
│ Average Failed Tasks     │ 90.75               │
│ Average Unassigned Tasks │ 90.75               │
╰──────────────────────────┴─────────────────────╯

========== FANET Simulation Finished ==========
