========== Starting FANET Simulation with MOGS Scheduler / PPO Trajectory ==========
Initialising...
Dynamically spawning 30 UAVs...
Attempting to connect to Python TF-PPO Server on port 5500...
SUCCESS: Connected to Python Server!
Attempting to connect to MARL Allocation Server on port 5501...
SUCCESS: Connected to MARL Allocation Server!
Scheduling simulation termination at 5000.0 ms.
0.0 Submitted application fanet_app
[METRIC_EPOCH] Epoch:1, Generated:100, Scheduled:19, Dropped:81, RuntimeMs:1.1971, UavUtil:0.2333, CapUtil:0.0042, RepairQ:0, Invalid:0, Reassigned:0
DEBUG: P2P Evaluation - targetUav uav_2 queue full. Evaluating peer uav_0 queue size: 0
[METRIC_EPOCH] Epoch:2, Generated:100, Scheduled:12, Dropped:88, RuntimeMs:1.8741, UavUtil:0.2667, CapUtil:0.0069, RepairQ:0, Invalid:0, Reassigned:0
DEBUG: P2P Evaluation - targetUav uav_2 queue full. Evaluating peer uav_0 queue size: 1
[METRIC_EPOCH] Epoch:3, Generated:100, Scheduled:16, Dropped:84, RuntimeMs:0.4662, UavUtil:0.3000, CapUtil:0.0104, RepairQ:0, Invalid:0, Reassigned:0
DEBUG: P2P Evaluation - targetUav uav_2 queue full. Evaluating peer uav_0 queue size: 2
DEBUG: P2P Evaluation - targetUav uav_2 queue full. Evaluating peer uav_0 queue size: 3
[METRIC_EPOCH] Epoch:4, Generated:100, Scheduled:16, Dropped:84, RuntimeMs:0.4723, UavUtil:0.3333, CapUtil:0.0140, RepairQ:0, Invalid:0, Reassigned:0
Disconnected from Python PPO Server.
Disconnected from MARL Allocation Server.

========== FINAL UAV BENCHMARK DASHBOARD ==========
UAV ID          | Tasks Completed | Data Processed (MB)  | Avg Latency (ms) | Energy Consumed (J) | Tasks Offloaded
----------------------------------------------------------------------------------------------------------------------
uav_0           | 28              | 13.3514              | 484.53           | 455481.7930         | 0              
uav_1           | 0               | 0.0000               | 0.00             | 441361.4839         | 0              
uav_2           | 16              | 7.6294               | 497.04           | 473023.5242         | 4              
uav_3           | 0               | 0.0000               | 0.00             | 431349.6950         | 0              
uav_4           | 0               | 0.0000               | 0.00             | 494514.0756         | 0              
uav_5           | 0               | 0.0000               | 0.00             | 426049.3362         | 0              
uav_6           | 0               | 0.0000               | 0.00             | 424236.0555         | 0              
uav_7           | 0               | 0.0000               | 0.00             | 429764.3248         | 0              
uav_8           | 0               | 0.0000               | 0.00             | 421555.5537         | 0              
uav_9           | 0               | 0.0000               | 0.00             | 420536.9630         | 0              
uav_10          | 0               | 0.0000               | 0.00             | 419669.2746         | 0              
uav_11          | 0               | 0.0000               | 0.00             | 491477.8112         | 0              
uav_12          | 0               | 0.0000               | 0.00             | 418269.7773         | 0              
uav_13          | 0               | 0.0000               | 0.00             | 417697.2556         | 0              
uav_14          | 0               | 0.0000               | 0.00             | 417190.1650         | 0              
uav_15          | 0               | 0.0000               | 0.00             | 416737.8950         | 0              
uav_16          | 0               | 0.0000               | 0.00             | 416332.0117         | 0              
uav_17          | 0               | 0.0000               | 0.00             | 415965.7267         | 0              
uav_18          | 0               | 0.0000               | 0.00             | 415633.5148         | 0              
uav_19          | 19              | 9.0599               | 713.64           | 466245.6246         | 0              
uav_20          | 0               | 0.0000               | 0.00             | 490231.9276         | 0              
uav_21          | 0               | 0.0000               | 0.00             | 414799.5950         | 0              
uav_22          | 0               | 0.0000               | 0.00             | 414565.2254         | 0              
uav_23          | 0               | 0.0000               | 0.00             | 414348.5441         | 0              
uav_24          | 0               | 0.0000               | 0.00             | 489939.9630         | 0              
uav_25          | 0               | 0.0000               | 0.00             | 413960.7985         | 0              
uav_26          | 0               | 0.0000               | 0.00             | 489823.6720         | 0              
uav_27          | 0               | 0.0000               | 0.00             | 444272.9166         | 0              
uav_28          | 0               | 0.0000               | 0.00             | 413471.5006         | 0              
uav_29          | 0               | 0.0000               | 0.00             | 413328.4750         | 0              
----------------------------------------------------------------------------------------------------------------------
System Total Tasks Completed: 63  |  System Total Throughput: 30.0407 MB  |  Average System Latency: 556.81 ms
===================================================

========== SCHEDULING ALGORITHM METRICS ==========
Total Tasks Successfully Scheduled : 63
Total Tasks Dropped              : 337
Scheduling Success Rate          : 15.75%
Average Scheduling Overhead      : 1.0024 ms per batch
System Total Offloaded Tasks     : 4
===================================================


               UAV Task Scheduling Benchmark Results               
╭──────────────────────────┬─────────────────────╮
│ Metric                   │ Value               │
├──────────────────────────┼─────────────────────┤
│ Average Throughput       │ 0.1575              │
│ Average Runtime (sec)    │ 0.001002            │
│ Average UAV Utilization  │ 0.2833              │
│ Average Capacity Util    │ 0.0089              │
│ Average Completed Tasks  │ 15.75               │
│ Average Failed Tasks     │ 84.25               │
│ Average Unassigned Tasks │ 84.25               │
╰──────────────────────────┴─────────────────────╯

========== FANET Simulation Finished ==========
