========== Starting FANET Simulation with MOGS Scheduler / PPO Trajectory ==========
Initialising...
Dynamically spawning 30 UAVs...
Attempting to connect to Python TF-PPO Server on port 5500...
SUCCESS: Connected to Python Server!
Attempting to connect to MARL Allocation Server on port 5501...
SUCCESS: Connected to MARL Allocation Server!
Scheduling simulation termination at 5000.0 ms.
0.0 Submitted application fanet_app
[METRIC_EPOCH] Epoch:1, Generated:100, Scheduled:16, Dropped:84, RuntimeMs:1.1396, UavUtil:0.2667, CapUtil:0.0036, RepairQ:0, Invalid:0, Reassigned:0
[METRIC_EPOCH] Epoch:2, Generated:100, Scheduled:23, Dropped:77, RuntimeMs:0.3956, UavUtil:0.4333, CapUtil:0.0087, RepairQ:0, Invalid:0, Reassigned:0
DEBUG: P2P Evaluation - targetUav uav_0 queue full. Evaluating peer uav_1 queue size: 4
DEBUG: P2P Evaluation - targetUav uav_0 queue full. Evaluating peer uav_2 queue size: 0
DEBUG: P2P Evaluation - targetUav uav_0 queue full. Evaluating peer uav_3 queue size: 0
DEBUG: P2P Evaluation - targetUav uav_0 queue full. Evaluating peer uav_4 queue size: 0
DEBUG: P2P Evaluation - targetUav uav_0 queue full. Evaluating peer uav_5 queue size: 5
DEBUG: P2P Evaluation - targetUav uav_0 queue full. Evaluating peer uav_6 queue size: 0
DEBUG: P2P Evaluation - targetUav uav_0 queue full. Evaluating peer uav_7 queue size: 1
DEBUG: P2P Evaluation - targetUav uav_0 queue full. Evaluating peer uav_8 queue size: 0
DEBUG: P2P Evaluation - targetUav uav_0 queue full. Evaluating peer uav_9 queue size: 11
DEBUG: P2P Evaluation - targetUav uav_0 queue full. Evaluating peer uav_10 queue size: 4
DEBUG: P2P Evaluation - targetUav uav_0 queue full. Evaluating peer uav_11 queue size: 0
[METRIC_EPOCH] Epoch:3, Generated:100, Scheduled:22, Dropped:78, RuntimeMs:2.0360, UavUtil:0.4667, CapUtil:0.0136, RepairQ:0, Invalid:0, Reassigned:0
DEBUG: P2P Evaluation - targetUav uav_9 queue full. Evaluating peer uav_0 queue size: 5
DEBUG: P2P Evaluation - targetUav uav_9 queue full. Evaluating peer uav_1 queue size: 4
DEBUG: P2P Evaluation - targetUav uav_9 queue full. Evaluating peer uav_2 queue size: 0
DEBUG: P2P Evaluation - targetUav uav_9 queue full. Evaluating peer uav_3 queue size: 0
DEBUG: P2P Evaluation - targetUav uav_9 queue full. Evaluating peer uav_4 queue size: 0
DEBUG: P2P Evaluation - targetUav uav_9 queue full. Evaluating peer uav_5 queue size: 8
DEBUG: P2P Evaluation - targetUav uav_9 queue full. Evaluating peer uav_6 queue size: 0
DEBUG: P2P Evaluation - targetUav uav_9 queue full. Evaluating peer uav_7 queue size: 1
DEBUG: P2P Evaluation - targetUav uav_9 queue full. Evaluating peer uav_8 queue size: 0
DEBUG: P2P Evaluation - targetUav uav_9 queue full. Evaluating peer uav_10 queue size: 5
DEBUG: P2P Evaluation - targetUav uav_9 queue full. Evaluating peer uav_11 queue size: 1
DEBUG: P2P Evaluation - targetUav uav_9 queue full. Evaluating peer uav_12 queue size: 0
DEBUG: P2P Evaluation - targetUav uav_9 queue full. Evaluating peer uav_13 queue size: 0
DEBUG: P2P Evaluation - targetUav uav_9 queue full. Evaluating peer uav_14 queue size: 3
DEBUG: P2P Evaluation - targetUav uav_9 queue full. Evaluating peer uav_15 queue size: 1
[METRIC_EPOCH] Epoch:4, Generated:100, Scheduled:20, Dropped:80, RuntimeMs:0.6090, UavUtil:0.4667, CapUtil:0.0180, RepairQ:0, Invalid:0, Reassigned:0
Disconnected from Python PPO Server.
Disconnected from MARL Allocation Server.

========== FINAL UAV BENCHMARK DASHBOARD ==========
UAV ID          | Tasks Completed | Data Processed (MB)  | Avg Latency (ms) | Energy Consumed (J) | Tasks Offloaded
----------------------------------------------------------------------------------------------------------------------
uav_0           | 45              | 21.4577              | 522.02           | 430671.3434         | 1              
uav_1           | 0               | 0.0000               | 0.00             | 482751.2706         | 0              
uav_2           | 0               | 0.0000               | 0.00             | 435445.4268         | 0              
uav_3           | 0               | 0.0000               | 0.00             | 431349.6950         | 0              
uav_4           | 0               | 0.0000               | 0.00             | 428346.1583         | 0              
uav_5           | 36              | 17.1661              | 595.70           | 470156.3948         | 0              
uav_6           | 0               | 0.0000               | 0.00             | 424236.0555         | 0              
uav_7           | 0               | 0.0000               | 0.00             | 473254.6048         | 0              
uav_8           | 0               | 0.0000               | 0.00             | 421555.5537         | 0              
uav_9           | 0               | 0.0000               | 0.00             | 493935.6772         | 1              
uav_10          | 0               | 0.0000               | 0.00             | 493672.0934         | 0              
uav_11          | 0               | 0.0000               | 0.00             | 446555.9471         | 0              
uav_12          | 0               | 0.0000               | 0.00             | 418269.7773         | 0              
uav_13          | 0               | 0.0000               | 0.00             | 417697.2556         | 0              
uav_14          | 0               | 0.0000               | 0.00             | 470405.6051         | 0              
uav_15          | 0               | 0.0000               | 0.00             | 492781.6079         | 0              
uav_16          | 0               | 0.0000               | 0.00             | 416332.0117         | 0              
uav_17          | 0               | 0.0000               | 0.00             | 415965.7267         | 0              
uav_18          | 0               | 0.0000               | 0.00             | 492446.1226         | 0              
uav_19          | 0               | 0.0000               | 0.00             | 415330.8328         | 0              
uav_20          | 0               | 0.0000               | 0.00             | 415053.9110         | 0              
uav_21          | 0               | 0.0000               | 0.00             | 414799.5950         | 0              
uav_22          | 0               | 0.0000               | 0.00             | 492121.6009         | 0              
uav_23          | 0               | 0.0000               | 0.00             | 414348.5441         | 0              
uav_24          | 0               | 0.0000               | 0.00             | 491994.7424         | 0              
uav_25          | 0               | 0.0000               | 0.00             | 491937.9900         | 0              
uav_26          | 0               | 0.0000               | 0.00             | 413786.6416         | 0              
uav_27          | 0               | 0.0000               | 0.00             | 413623.9048         | 0              
uav_28          | 0               | 0.0000               | 0.00             | 413471.5006         | 0              
uav_29          | 0               | 0.0000               | 0.00             | 468433.2207         | 0              
----------------------------------------------------------------------------------------------------------------------
System Total Tasks Completed: 81  |  System Total Throughput: 38.6238 MB  |  Average System Latency: 554.77 ms
===================================================

========== SCHEDULING ALGORITHM METRICS ==========
Total Tasks Successfully Scheduled : 81
Total Tasks Dropped              : 319
Scheduling Success Rate          : 20.25%
Average Scheduling Overhead      : 1.0451 ms per batch
System Total Offloaded Tasks     : 2
===================================================


               UAV Task Scheduling Benchmark Results               
╭──────────────────────────┬─────────────────────╮
│ Metric                   │ Value               │
├──────────────────────────┼─────────────────────┤
│ Average Throughput       │ 0.2025              │
│ Average Runtime (sec)    │ 0.001045            │
│ Average UAV Utilization  │ 0.4083              │
│ Average Capacity Util    │ 0.0109              │
│ Average Completed Tasks  │ 20.25               │
│ Average Failed Tasks     │ 79.75               │
│ Average Unassigned Tasks │ 79.75               │
╰──────────────────────────┴─────────────────────╯

========== FANET Simulation Finished ==========
