========== Starting FANET Simulation with MOGS Scheduler / PPO Trajectory ==========
Initialising...
Dynamically spawning 30 UAVs...
Attempting to connect to Python TF-PPO Server on port 5500...
SUCCESS: Connected to Python Server!
Attempting to connect to MARL Allocation Server on port 5501...
SUCCESS: Connected to MARL Allocation Server!
Scheduling simulation termination at 5000.0 ms.
0.0 Submitted application fanet_app
[METRIC_EPOCH] Epoch:1, Generated:100, Scheduled:20, Dropped:80, RuntimeMs:1.1740, UavUtil:0.2667, CapUtil:0.0044, RepairQ:0, Invalid:0, Reassigned:0
[METRIC_EPOCH] Epoch:2, Generated:100, Scheduled:17, Dropped:83, RuntimeMs:0.3813, UavUtil:0.3333, CapUtil:0.0082, RepairQ:0, Invalid:0, Reassigned:0
[METRIC_EPOCH] Epoch:3, Generated:100, Scheduled:14, Dropped:86, RuntimeMs:0.3848, UavUtil:0.3333, CapUtil:0.0113, RepairQ:0, Invalid:0, Reassigned:0
[METRIC_EPOCH] Epoch:4, Generated:100, Scheduled:19, Dropped:81, RuntimeMs:0.4123, UavUtil:0.3333, CapUtil:0.0156, RepairQ:0, Invalid:0, Reassigned:0
Disconnected from Python PPO Server.
Disconnected from MARL Allocation Server.

========== FINAL UAV BENCHMARK DASHBOARD ==========
UAV ID          | Tasks Completed | Data Processed (MB)  | Avg Latency (ms) | Energy Consumed (J) | Tasks Offloaded
----------------------------------------------------------------------------------------------------------------------
uav_0           | 0               | 0.0000               | 0.00             | 450658.1450         | 0              
uav_1           | 0               | 0.0000               | 0.00             | 441361.4839         | 0              
uav_2           | 0               | 0.0000               | 0.00             | 435445.4268         | 0              
uav_3           | 0               | 0.0000               | 0.00             | 431349.6950         | 0              
uav_4           | 20              | 9.5367               | 436.67           | 425123.0284         | 0              
uav_5           | 0               | 0.0000               | 0.00             | 426049.3362         | 0              
uav_6           | 0               | 0.0000               | 0.00             | 424236.0555         | 0              
uav_7           | 0               | 0.0000               | 0.00             | 422768.1617         | 0              
uav_8           | 0               | 0.0000               | 0.00             | 421555.5537         | 0              
uav_9           | 0               | 0.0000               | 0.00             | 420536.9630         | 0              
uav_10          | 0               | 0.0000               | 0.00             | 419669.2746         | 0              
uav_11          | 0               | 0.0000               | 0.00             | 418921.2674         | 0              
uav_12          | 0               | 0.0000               | 0.00             | 418269.7773         | 0              
uav_13          | 0               | 0.0000               | 0.00             | 417697.2556         | 0              
uav_14          | 36              | 17.1661              | 369.29           | 455458.7901         | 0              
uav_15          | 0               | 0.0000               | 0.00             | 416737.8950         | 0              
uav_16          | 0               | 0.0000               | 0.00             | 416332.0117         | 0              
uav_17          | 0               | 0.0000               | 0.00             | 415965.7267         | 0              
uav_18          | 0               | 0.0000               | 0.00             | 415633.5148         | 0              
uav_19          | 14              | 6.6757               | 715.01           | 456220.4780         | 0              
uav_20          | 0               | 0.0000               | 0.00             | 469759.5454         | 0              
uav_21          | 0               | 0.0000               | 0.00             | 488631.9069         | 0              
uav_22          | 0               | 0.0000               | 0.00             | 469511.9069         | 0              
uav_23          | 0               | 0.0000               | 0.00             | 414348.5441         | 0              
uav_24          | 0               | 0.0000               | 0.00             | 488412.9674         | 0              
uav_25          | 0               | 0.0000               | 0.00             | 488350.2303         | 0              
uav_26          | 0               | 0.0000               | 0.00             | 488291.7466         | 0              
uav_27          | 0               | 0.0000               | 0.00             | 413623.9048         | 0              
uav_28          | 0               | 0.0000               | 0.00             | 413471.5006         | 0              
uav_29          | 0               | 0.0000               | 0.00             | 488137.8895         | 0              
----------------------------------------------------------------------------------------------------------------------
System Total Tasks Completed: 70  |  System Total Throughput: 33.3786 MB  |  Average System Latency: 457.69 ms
===================================================

========== SCHEDULING ALGORITHM METRICS ==========
Total Tasks Successfully Scheduled : 70
Total Tasks Dropped              : 330
Scheduling Success Rate          : 17.50%
Average Scheduling Overhead      : 0.5881 ms per batch
System Total Offloaded Tasks     : 0
===================================================


               UAV Task Scheduling Benchmark Results               
╭──────────────────────────┬─────────────────────╮
│ Metric                   │ Value               │
├──────────────────────────┼─────────────────────┤
│ Average Throughput       │ 0.1750              │
│ Average Runtime (sec)    │ 0.000588            │
│ Average UAV Utilization  │ 0.3167              │
│ Average Capacity Util    │ 0.0099              │
│ Average Completed Tasks  │ 17.50               │
│ Average Failed Tasks     │ 82.50               │
│ Average Unassigned Tasks │ 82.50               │
╰──────────────────────────┴─────────────────────╯

========== FANET Simulation Finished ==========
