========== Starting FANET Simulation with MOGS Scheduler / PPO Trajectory ==========
Initialising...
Dynamically spawning 30 UAVs...
Attempting to connect to Python TF-PPO Server on port 5500...
SUCCESS: Connected to Python Server!
Attempting to connect to MARL Allocation Server on port 5501...
SUCCESS: Connected to MARL Allocation Server!
Scheduling simulation termination at 5000.0 ms.
0.0 Submitted application fanet_app
[METRIC_EPOCH] Epoch:1, Generated:100, Scheduled:29, Dropped:71, RuntimeMs:1.3582, UavUtil:0.3333, CapUtil:0.0064, RepairQ:0, Invalid:0, Reassigned:0
[METRIC_EPOCH] Epoch:2, Generated:100, Scheduled:22, Dropped:78, RuntimeMs:0.3911, UavUtil:0.4000, CapUtil:0.0113, RepairQ:0, Invalid:0, Reassigned:0
DEBUG: P2P Evaluation - targetUav uav_0 queue full. Evaluating peer uav_1 queue size: 0
DEBUG: P2P Evaluation - targetUav uav_0 queue full. Evaluating peer uav_2 queue size: 0
[METRIC_EPOCH] Epoch:3, Generated:100, Scheduled:11, Dropped:89, RuntimeMs:1.9044, UavUtil:0.4333, CapUtil:0.0138, RepairQ:0, Invalid:0, Reassigned:0
[METRIC_EPOCH] Epoch:4, Generated:100, Scheduled:18, Dropped:82, RuntimeMs:0.4180, UavUtil:0.4667, CapUtil:0.0178, RepairQ:0, Invalid:0, Reassigned:0
Disconnected from Python PPO Server.
Disconnected from MARL Allocation Server.

========== FINAL UAV BENCHMARK DASHBOARD ==========
UAV ID          | Tasks Completed | Data Processed (MB)  | Avg Latency (ms) | Energy Consumed (J) | Tasks Offloaded
----------------------------------------------------------------------------------------------------------------------
uav_0           | 29              | 13.8283              | 506.28           | 481534.2273         | 1              
uav_1           | 0               | 0.0000               | 0.00             | 441361.4839         | 0              
uav_2           | 0               | 0.0000               | 0.00             | 461816.8671         | 0              
uav_3           | 0               | 0.0000               | 0.00             | 499912.2381         | 0              
uav_4           | 0               | 0.0000               | 0.00             | 428346.1583         | 0              
uav_5           | 0               | 0.0000               | 0.00             | 426049.3362         | 0              
uav_6           | 0               | 0.0000               | 0.00             | 436120.4382         | 0              
uav_7           | 0               | 0.0000               | 0.00             | 422768.1617         | 0              
uav_8           | 11              | 5.2452               | 612.39           | 463327.4990         | 0              
uav_9           | 0               | 0.0000               | 0.00             | 420536.9630         | 0              
uav_10          | 0               | 0.0000               | 0.00             | 419669.2746         | 0              
uav_11          | 22              | 10.4904              | 513.86           | 469905.2758         | 0              
uav_12          | 0               | 0.0000               | 0.00             | 418269.7773         | 0              
uav_13          | 0               | 0.0000               | 0.00             | 417697.2556         | 0              
uav_14          | 18              | 8.5831               | 328.62           | 482569.1453         | 0              
uav_15          | 0               | 0.0000               | 0.00             | 416737.8950         | 0              
uav_16          | 0               | 0.0000               | 0.00             | 473377.7140         | 0              
uav_17          | 0               | 0.0000               | 0.00             | 415965.7267         | 0              
uav_18          | 0               | 0.0000               | 0.00             | 495585.1847         | 0              
uav_19          | 0               | 0.0000               | 0.00             | 415330.8328         | 0              
uav_20          | 0               | 0.0000               | 0.00             | 415053.9110         | 0              
uav_21          | 0               | 0.0000               | 0.00             | 414799.5950         | 0              
uav_22          | 0               | 0.0000               | 0.00             | 495291.0581         | 0              
uav_23          | 0               | 0.0000               | 0.00             | 414348.5441         | 0              
uav_24          | 0               | 0.0000               | 0.00             | 495176.0814         | 0              
uav_25          | 0               | 0.0000               | 0.00             | 495124.6445         | 0              
uav_26          | 0               | 0.0000               | 0.00             | 413786.6416         | 0              
uav_27          | 0               | 0.0000               | 0.00             | 413623.9048         | 0              
uav_28          | 0               | 0.0000               | 0.00             | 494989.9286         | 0              
uav_29          | 0               | 0.0000               | 0.00             | 471937.0733         | 0              
----------------------------------------------------------------------------------------------------------------------
System Total Tasks Completed: 80  |  System Total Throughput: 38.1470 MB  |  Average System Latency: 482.98 ms
===================================================

========== SCHEDULING ALGORITHM METRICS ==========
Total Tasks Successfully Scheduled : 80
Total Tasks Dropped              : 320
Scheduling Success Rate          : 20.00%
Average Scheduling Overhead      : 1.0179 ms per batch
System Total Offloaded Tasks     : 1
===================================================


               UAV Task Scheduling Benchmark Results               
╭──────────────────────────┬─────────────────────╮
│ Metric                   │ Value               │
├──────────────────────────┼─────────────────────┤
│ Average Throughput       │ 0.2000              │
│ Average Runtime (sec)    │ 0.001018            │
│ Average UAV Utilization  │ 0.4083              │
│ Average Capacity Util    │ 0.0123              │
│ Average Completed Tasks  │ 20.00               │
│ Average Failed Tasks     │ 80.00               │
│ Average Unassigned Tasks │ 80.00               │
╰──────────────────────────┴─────────────────────╯

========== FANET Simulation Finished ==========
