========== Starting FANET Simulation with DYNAMIC Scheduler / CAR Trajectory ==========
Initialising...
Dynamically spawning 30 UAVs...
Attempting to connect to CAR Pointer-Network Server on port 5510...
SUCCESS: Connected to CAR Pointer-Network Server!
Attempting to connect to MARL Allocation Server on port 5501...
SUCCESS: Connected to MARL Allocation Server!
Scheduling simulation termination at 5000.0 ms.
0.0 Submitted application fanet_app
[CAR] Placed tours for 30 UAVs (30 server tours, 30 clusters).
[METRIC_EPOCH] Epoch:1, Generated:100, Scheduled:51, Dropped:49, RuntimeMs:3.4228, UavUtil:0.6667, CapUtil:0.0113, RepairQ:100, Invalid:0, Reassigned:0
[CAR] Placed tours for 30 UAVs (30 server tours, 30 clusters).
[METRIC_EPOCH] Epoch:2, Generated:100, Scheduled:45, Dropped:55, RuntimeMs:1.3229, UavUtil:0.9000, CapUtil:0.0213, RepairQ:200, Invalid:0, Reassigned:0
[METRIC_EPOCH] Epoch:3, Generated:100, Scheduled:52, Dropped:48, RuntimeMs:0.7979, UavUtil:0.9667, CapUtil:0.0329, RepairQ:300, Invalid:0, Reassigned:0
[CAR] Placed tours for 30 UAVs (30 server tours, 30 clusters).
[METRIC_EPOCH] Epoch:4, Generated:100, Scheduled:41, Dropped:59, RuntimeMs:1.9060, UavUtil:1.0000, CapUtil:0.0420, RepairQ:400, Invalid:0, Reassigned:0
Disconnected from CAR Pointer-Network Server.
Disconnected from MARL Allocation Server.

========== FINAL UAV BENCHMARK DASHBOARD ==========
UAV ID          | Tasks Completed | Data Processed (MB)  | Avg Latency (ms) | Energy Consumed (J) | Tasks Offloaded
----------------------------------------------------------------------------------------------------------------------
uav_0           | 41              | 19.5503              | 477.79           | 495997.1956         | 7              
uav_1           | 45              | 21.4577              | 570.45           | 433569.7535         | 0              
uav_2           | 52              | 24.7955              | 503.94           | 474434.0753         | 2              
uav_3           | 0               | 0.0000               | 0.00             | 457589.2236         | 0              
uav_4           | 0               | 0.0000               | 0.00             | 475635.7537         | 0              
uav_5           | 51              | 24.3187              | 512.23           | 470954.6292         | 0              
uav_6           | 0               | 0.0000               | 0.00             | 495604.0956         | 0              
uav_7           | 0               | 0.0000               | 0.00             | 495166.0436         | 0              
uav_8           | 0               | 0.0000               | 0.00             | 450511.3896         | 0              
uav_9           | 0               | 0.0000               | 0.00             | 494500.2045         | 0              
uav_10          | 0               | 0.0000               | 0.00             | 494241.2671         | 0              
uav_11          | 0               | 0.0000               | 0.00             | 470776.7547         | 0              
uav_12          | 0               | 0.0000               | 0.00             | 493823.6261         | 0              
uav_13          | 0               | 0.0000               | 0.00             | 493652.7730         | 0              
uav_14          | 0               | 0.0000               | 0.00             | 493501.4460         | 0              
uav_15          | 0               | 0.0000               | 0.00             | 469651.1179         | 0              
uav_16          | 0               | 0.0000               | 0.00             | 423568.1339         | 0              
uav_17          | 0               | 0.0000               | 0.00             | 493136.0465         | 0              
uav_18          | 0               | 0.0000               | 0.00             | 469081.7551         | 0              
uav_19          | 0               | 0.0000               | 0.00             | 492946.5801         | 0              
uav_20          | 0               | 0.0000               | 0.00             | 492863.9405         | 0              
uav_21          | 0               | 0.0000               | 0.00             | 492788.0470         | 0              
uav_22          | 0               | 0.0000               | 0.00             | 492718.1059         | 0              
uav_23          | 0               | 0.0000               | 0.00             | 468419.2889         | 0              
uav_24          | 0               | 0.0000               | 0.00             | 468315.7033         | 0              
uav_25          | 0               | 0.0000               | 0.00             | 492537.7315         | 0              
uav_26          | 0               | 0.0000               | 0.00             | 492485.7593         | 0              
uav_27          | 0               | 0.0000               | 0.00             | 492437.1950         | 0              
uav_28          | 0               | 0.0000               | 0.00             | 492391.7142         | 0              
uav_29          | 0               | 0.0000               | 0.00             | 492349.0322         | 0              
----------------------------------------------------------------------------------------------------------------------
System Total Tasks Completed: 189  |  System Total Throughput: 90.1222 MB  |  Average System Latency: 516.34 ms
===================================================

========== SCHEDULING ALGORITHM METRICS ==========
Total Tasks Successfully Scheduled : 189
Total Tasks Dropped              : 211
Scheduling Success Rate          : 47.25%
Average Scheduling Overhead      : 1.8624 ms per batch
System Total Offloaded Tasks     : 9
===================================================


               UAV Task Scheduling Benchmark Results               
╭──────────────────────────┬─────────────────────╮
│ Metric                   │ Value               │
├──────────────────────────┼─────────────────────┤
│ Average Throughput       │ 0.4725              │
│ Average Runtime (sec)    │ 0.001862            │
│ Average UAV Utilization  │ 0.8833              │
│ Average Capacity Util    │ 0.0269              │
│ Average Completed Tasks  │ 47.25               │
│ Average Failed Tasks     │ 52.75               │
│ Average Unassigned Tasks │ 52.75               │
│ Average Repair Queue     │ 100.00              │
│ Average Invalid Assigns  │ 0.00                │
│ Average Reassigned Tasks │ 0.00                │
╰──────────────────────────┴─────────────────────╯

========== FANET Simulation Finished ==========
